Component: Arm Compiler for Embedded 6.21 Tool: armlink [5ec1fa00]

==============================================================================

Section Cross References

    ht32f5xxxx_01_it.o(.text.BFTM0_IRQHandler) refers to ht32f5xxxx_bftm.o(.text.BFTM_GetFlagStatus) for BFTM_GetFlagStatus
    ht32f5xxxx_01_it.o(.text.BFTM0_IRQHandler) refers to ht32f5xxxx_bftm.o(.text.BFTM_ClearFlag) for BFTM_ClearFlag
    ht32f5xxxx_01_it.o(.text.BFTM0_IRQHandler) refers to main.o(.bss.gCurrentTime) for gCurrentTime
    ht32f5xxxx_01_it.o(.text.BFTM0_IRQHandler) refers to ht32f5xxxx_01_it.o(.bss.timeOffset) for timeOffset
    ht32f5xxxx_01_it.o(.text.BFTM0_IRQHandler) refers to main.o(.bss.gMainIndex) for gMainIndex
    ht32f5xxxx_01_it.o(.ARM.exidx.text.BFTM0_IRQHandler) refers to ht32f5xxxx_01_it.o(.text.BFTM0_IRQHandler) for [Anonymous Symbol]
    ht32f5xxxx_01_it.o(.text.USART0_IRQHandler) refers to ht32f5xxxx_usart.o(.text.USART_GetFlagStatus) for USART_GetFlagStatus
    ht32f5xxxx_01_it.o(.text.USART0_IRQHandler) refers to ht32f5xxxx_usart.o(.text.USART_ReceiveData) for USART_ReceiveData
    ht32f5xxxx_01_it.o(.text.USART0_IRQHandler) refers to memcmp.o(.text) for memcmp
    ht32f5xxxx_01_it.o(.text.USART0_IRQHandler) refers to strcpy.o(.text) for strcpy
    ht32f5xxxx_01_it.o(.text.USART0_IRQHandler) refers to memseta.o(.text) for __aeabi_memclr4
    ht32f5xxxx_01_it.o(.text.USART0_IRQHandler) refers to ht32f5xxxx_01_it.o(.bss.USART0_IRQHandler.index) for [Anonymous Symbol]
    ht32f5xxxx_01_it.o(.text.USART0_IRQHandler) refers to ht32f5xxxx_01_it.o(.bss.USART0_IRQHandler.tempData) for [Anonymous Symbol]
    ht32f5xxxx_01_it.o(.text.USART0_IRQHandler) refers to main.o(.bss.gUsart0RxData) for gUsart0RxData
    ht32f5xxxx_01_it.o(.text.USART0_IRQHandler) refers to main.o(.bss.gUsart0RxReady) for gUsart0RxReady
    ht32f5xxxx_01_it.o(.ARM.exidx.text.USART0_IRQHandler) refers to ht32f5xxxx_01_it.o(.text.USART0_IRQHandler) for [Anonymous Symbol]
    ht32f5xxxx_01_it.o(.text.USART1_IRQHandler) refers to ht32f5xxxx_usart.o(.text.USART_GetFlagStatus) for USART_GetFlagStatus
    ht32f5xxxx_01_it.o(.text.USART1_IRQHandler) refers to ht32f5xxxx_usart.o(.text.USART_ReceiveData) for USART_ReceiveData
    ht32f5xxxx_01_it.o(.text.USART1_IRQHandler) refers to memcmp.o(.text) for memcmp
    ht32f5xxxx_01_it.o(.text.USART1_IRQHandler) refers to strcpy.o(.text) for strcpy
    ht32f5xxxx_01_it.o(.text.USART1_IRQHandler) refers to memseta.o(.text) for __aeabi_memclr4
    ht32f5xxxx_01_it.o(.text.USART1_IRQHandler) refers to ht32f5xxxx_01_it.o(.bss.USART1_IRQHandler.index) for [Anonymous Symbol]
    ht32f5xxxx_01_it.o(.text.USART1_IRQHandler) refers to ht32f5xxxx_01_it.o(.bss.USART1_IRQHandler.tempData) for [Anonymous Symbol]
    ht32f5xxxx_01_it.o(.text.USART1_IRQHandler) refers to main.o(.bss.gUsart1RxData) for gUsart1RxData
    ht32f5xxxx_01_it.o(.text.USART1_IRQHandler) refers to main.o(.bss.gUsart1RxReady) for gUsart1RxReady
    ht32f5xxxx_01_it.o(.ARM.exidx.text.USART1_IRQHandler) refers to ht32f5xxxx_01_it.o(.text.USART1_IRQHandler) for [Anonymous Symbol]
    main.o(.text.boxMainLoop) refers to rylr896.o(.text.rylr896_Send) for rylr896_Send
    main.o(.text.boxMainLoop) refers to rylr896.o(.text.rylr896_Receive) for rylr896_Receive
    main.o(.text.boxMainLoop) refers to sim7600x.o(.text.sim7600x_UpdateBoxData) for sim7600x_UpdateBoxData
    main.o(.text.boxMainLoop) refers to sim7600x.o(.text.sim7600x_BeeBoxSend) for sim7600x_BeeBoxSend
    main.o(.text.boxMainLoop) refers to main.o(.bss.boxMainLoop.index) for [Anonymous Symbol]
    main.o(.text.boxMainLoop) refers to main.o(.data.gBoxID) for gBoxID
    main.o(.text.boxMainLoop) refers to main.o(.bss.gCurrentTime) for gCurrentTime
    main.o(.text.boxMainLoop) refers to main.o(.bss.gBoxReady) for gBoxReady
    main.o(.text.boxMainLoop) refers to main.o(.bss.gBoxData) for gBoxData
    main.o(.text.boxMainLoop) refers to main.o(.bss.gMainIndex) for gMainIndex
    main.o(.ARM.exidx.text.boxMainLoop) refers to main.o(.text.boxMainLoop) for [Anonymous Symbol]
    main.o(.text.rcvMainLoop) refers to am2320.o(.text.am2320_GetTemperatureHumidity) for am2320_GetTemperatureHumidity
    main.o(.text.rcvMainLoop) refers to sim7600x.o(.text.sim7600x_GetGPS) for sim7600x_GetGPS
    main.o(.text.rcvMainLoop) refers to sim7600x.o(.text.sim7600x_UpdateRcvData) for sim7600x_UpdateRcvData
    main.o(.text.rcvMainLoop) refers to sim7600x.o(.text.sim7600x_RcvSend) for sim7600x_RcvSend
    main.o(.text.rcvMainLoop) refers to main.o(.bss.RcvData) for RcvData
    main.o(.text.rcvMainLoop) refers to main.o(.bss.gMainIndex) for gMainIndex
    main.o(.ARM.exidx.text.rcvMainLoop) refers to main.o(.text.rcvMainLoop) for [Anonymous Symbol]
    main.o(.text.main) refers to ht32_retarget.o(.text.RETARGET_Configuration) for RETARGET_Configuration
    main.o(.text.main) refers to bftm.o(.text.bftm_Configuration) for bftm_Configuration
[...]
    ../clib/microlib/ctype/ctype.c           0x00000000   Number         0  isdigit_o.o ABSOLUTE
    ../clib/microlib/ctype/ctype.c           0x00000000   Number         0  isgraph_o.o ABSOLUTE
    ../clib/microlib/ctype/ctype.c           0x00000000   Number         0  islower_o.o ABSOLUTE
    ../clib/microlib/ctype/ctype.c           0x00000000   Number         0  isprint_o.o ABSOLUTE
    ../clib/microlib/ctype/ctype.c           0x00000000   Number         0  ispunct_o.o ABSOLUTE
    ../clib/microlib/ctype/ctype.c           0x00000000   Number         0  isspace_o.o ABSOLUTE
    ../clib/microlib/ctype/ctype.c           0x00000000   Number         0  isupper_o.o ABSOLUTE
    ../clib/microlib/ctype/ctype.c           0x00000000   Number         0  isxdigit_o.o ABSOLUTE
    ../clib/microlib/ctype/ctype.c           0x00000000   Number         0  ctype_c.o ABSOLUTE
    ../clib/microlib/division.c              0x00000000   Number         0  uidiv.o ABSOLUTE
    ../clib/microlib/division.c              0x00000000   Number         0  uidiv_div0.o ABSOLUTE
    ../clib/microlib/division.c              0x00000000   Number         0  idiv_div0.o ABSOLUTE
    ../clib/microlib/division.c              0x00000000   Number         0  idiv0.o ABSOLUTE
    ../clib/microlib/division.c              0x00000000   Number         0  uldiv.o ABSOLUTE
    ../clib/microlib/errno.c                 0x00000000   Number         0  errno.o ABSOLUTE
    ../clib/microlib/init/entry.s            0x00000000   Number         0  entry.o ABSOLUTE
    ../clib/microlib/init/entry.s            0x00000000   Number         0  entry2.o ABSOLUTE
    ../clib/microlib/init/entry.s            0x00000000   Number         0  entry5.o ABSOLUTE
    ../clib/microlib/init/entry.s            0x00000000   Number         0  entry7a.o ABSOLUTE
    ../clib/microlib/init/entry.s            0x00000000   Number         0  entry7b.o ABSOLUTE
    ../clib/microlib/init/entry.s            0x00000000   Number         0  entry8a.o ABSOLUTE
    ../clib/microlib/init/entry.s            0x00000000   Number         0  entry8b.o ABSOLUTE
    ../clib/microlib/init/entry.s            0x00000000   Number         0  entry9a.o ABSOLUTE
    ../clib/microlib/init/entry.s            0x00000000   Number         0  entry9b.o ABSOLUTE
    ../clib/microlib/init/entry.s            0x00000000   Number         0  entry10a.o ABSOLUTE
    ../clib/microlib/init/entry.s            0x00000000   Number         0  entry10b.o ABSOLUTE
    ../clib/microlib/init/entry.s            0x00000000   Number         0  entry11a.o ABSOLUTE
    ../clib/microlib/init/entry.s            0x00000000   Number         0  entry11b.o ABSOLUTE
    ../clib/microlib/longlong.c              0x00000000   Number         0  llshl.o ABSOLUTE
    ../clib/microlib/longlong.c              0x00000000   Number         0  llsshr.o ABSOLUTE
    ../clib/microlib/longlong.c              0x00000000   Number         0  llushr.o ABSOLUTE
    ../clib/microlib/printf/printf.c         0x00000000   Number         0  printfb.o ABSOLUTE
    ../clib/microlib/printf/printf.c         0x00000000   Number         0  printf0.o ABSOLUTE
    ../clib/microlib/printf/printf.c         0x00000000   Number         0  printf1.o ABSOLUTE
    ../clib/microlib/printf/printf.c         0x00000000   Number         0  printf2.o ABSOLUTE
    ../clib/microlib/printf/printf.c         0x00000000   Number         0  printf3.o ABSOLUTE
    ../clib/microlib/printf/printf.c         0x00000000   Number         0  printf4.o ABSOLUTE
    ../clib/microlib/printf/printf.c         0x00000000   Number         0  printf5.o ABSOLUTE
    ../clib/microlib/printf/printf.c         0x00000000   Number         0  printf6.o ABSOLUTE
    ../clib/microlib/printf/printf.c         0x00000000   Number         0  printf7.o ABSOLUTE
    ../clib/microlib/printf/printf.c         0x00000000   Number         0  printf8.o ABSOLUTE
    ../clib/microlib/printf/printf.c         0x00000000   Number         0  printfa.o ABSOLUTE
    ../clib/microlib/printf/stubs.s          0x00000000   Number         0  printfstubs.o ABSOLUTE
    ../clib/microlib/stdio/streams.c         0x00000000   Number         0  stdout.o ABSOLUTE
    ../clib/microlib/string/memcmp.c         0x00000000   Number         0  memcmp.o ABSOLUTE
    ../clib/microlib/string/memset.c         0x00000000   Number         0  memseta.o ABSOLUTE
    ../clib/microlib/string/strcmp.c         0x00000000   Number         0  strcmp.o ABSOLUTE
    ../clib/microlib/string/strcpy.c         0x00000000   Number         0  strcpy.o ABSOLUTE
    ../clib/microlib/string/strlen.c         0x00000000   Number         0  strlen.o ABSOLUTE
    ../clib/microlib/string/strtok.c         0x00000000   Number         0  strtok.o ABSOLUTE
    ../clib/microlib/string/strtok.c         0x00000000   Number         0  strtok_r.o ABSOLUTE
    ../clib/microlib/stubs.s                 0x00000000   Number         0  iusefp.o ABSOLUTE
    ../clib/scanf.c                          0x00000000   Number         0  atoi.o ABSOLUTE
    ../clib/scanf.c                          0x00000000   Number         0  strtod.o ABSOLUTE
    ../clib/scanf.c                          0x00000000   Number         0  strtol.o ABSOLUTE
    ../clib/scanf.c                          0x00000000   Number         0  scanf_fp.o ABSOLUTE
    ../clib/scanf.c                          0x00000000   Number         0  _sgetc.o ABSOLUTE
    ../clib/scanf.c                          0x00000000   Number         0  _strtoul.o ABSOLUTE
    ../clib/scanf.c                          0x00000000   Number         0  _chval.o ABSOLUTE
    ../fplib/microlib/d2f.c                  0x00000000   Number         0  d2f.o ABSOLUTE
    ../fplib/microlib/f2d.c                  0x00000000   Number         0  f2d.o ABSOLUTE
    ../fplib/microlib/fpadd.c                0x00000000   Number         0  fadd.o ABSOLUTE
    ../fplib/microlib/fpadd.c                0x00000000   Number         0  dadd.o ABSOLUTE
    ../fplib/microlib/fpdiv.c                0x00000000   Number         0  fdiv.o ABSOLUTE
    ../fplib/microlib/fpdiv.c                0x00000000   Number         0  ddiv.o ABSOLUTE
    ../fplib/microlib/fpepilogue.c           0x00000000   Number         0  fepilogue.o ABSOLUTE
    ../fplib/microlib/fpepilogue.c           0x00000000   Number         0  depilogue.o ABSOLUTE
    ../fplib/microlib/fpfix.c                0x00000000   Number         0  ffixi.o ABSOLUTE
    ../fplib/microlib/fpfix.c                0x00000000   Number         0  dfixul.o ABSOLUTE
    ../fplib/microlib/fpflt.c                0x00000000   Number         0  fflti.o ABSOLUTE
    ../fplib/microlib/fpflt.c                0x00000000   Number         0  dflti.o ABSOLUTE
    ../fplib/microlib/fpflt.c                0x00000000   Number         0  dfltul.o ABSOLUTE
    ../fplib/microlib/fpmul.c                0x00000000   Number         0  dmul.o ABSOLUTE
    ../mathlib/atof.c                        0x00000000   Number         0  atof.o ABSOLUTE
    am2320.c                                 0x00000000   Number         0  am2320.o ABSOLUTE
    bftm.c                                   0x00000000   Number         0  bftm.o ABSOLUTE
    cdrcmple.s                               0x00000000   Number         0  cdrcmple.o ABSOLUTE
    dc.s                                     0x00000000   Number         0  dc.o ABSOLUTE
    delay.c                                  0x00000000   Number         0  delay.o ABSOLUTE
    ebi_lcd.c                                0x00000000   Number         0  ebi_lcd.o ABSOLUTE
    handlers.s                               0x00000000   Number         0  handlers.o ABSOLUTE
    ht24lc64.c                               0x00000000   Number         0  ht24lc64.o ABSOLUTE
    ht32_board.c                             0x00000000   Number         0  ht32_board.o ABSOLUTE
    ht32_cm0plus_misc.c                      0x00000000   Number         0  ht32_cm0plus_misc.o ABSOLUTE
    ht32_op.s                                0x00000000   Number         0  ht32_op.o ABSOLUTE
    ht32_retarget.c                          0x00000000   Number         0  ht32_retarget.o ABSOLUTE
    ht32_serial.c                            0x00000000   Number         0  ht32_serial.o ABSOLUTE
    ht32f5xxxx_01_it.c                       0x00000000   Number         0  ht32f5xxxx_01_it.o ABSOLUTE
    ht32f5xxxx_adc.c                         0x00000000   Number         0  ht32f5xxxx_adc.o ABSOLUTE
    ht32f5xxxx_bftm.c                        0x00000000   Number         0  ht32f5xxxx_bftm.o ABSOLUTE
    ht32f5xxxx_ckcu.c                        0x00000000   Number         0  ht32f5xxxx_ckcu.o ABSOLUTE
    ht32f5xxxx_cmp.c                         0x00000000   Number         0  ht32f5xxxx_cmp.o ABSOLUTE
    ht32f5xxxx_crc.c                         0x00000000   Number         0  ht32f5xxxx_crc.o ABSOLUTE
    ht32f5xxxx_ebi.c                         0x00000000   Number         0  ht32f5xxxx_ebi.o ABSOLUTE
    ht32f5xxxx_exti.c                        0x00000000   Number         0  ht32f5xxxx_exti.o ABSOLUTE
    ht32f5xxxx_flash.c                       0x00000000   Number         0  ht32f5xxxx_flash.o ABSOLUTE
    ht32f5xxxx_gpio.c                        0x00000000   Number         0  ht32f5xxxx_gpio.o ABSOLUTE
    ht32f5xxxx_i2c.c                         0x00000000   Number         0  ht32f5xxxx_i2c.o ABSOLUTE
    ht32f5xxxx_i2s.c                         0x00000000   Number         0  ht32f5xxxx_i2s.o ABSOLUTE
    ht32f5xxxx_mctm.c                        0x00000000   Number         0  ht32f5xxxx_mctm.o ABSOLUTE
    ht32f5xxxx_pdma.c                        0x00000000   Number         0  ht32f5xxxx_pdma.o ABSOLUTE
    ht32f5xxxx_pwrcu.c                       0x00000000   Number         0  ht32f5xxxx_pwrcu.o ABSOLUTE
    ht32f5xxxx_rstcu.c                       0x00000000   Number         0  ht32f5xxxx_rstcu.o ABSOLUTE
    ht32f5xxxx_rtc.c                         0x00000000   Number         0  ht32f5xxxx_rtc.o ABSOLUTE
    ht32f5xxxx_sci.c                         0x00000000   Number         0  ht32f5xxxx_sci.o ABSOLUTE
    ht32f5xxxx_spi.c                         0x00000000   Number         0  ht32f5xxxx_spi.o ABSOLUTE
    ht32f5xxxx_tm.c                          0x00000000   Number         0  ht32f5xxxx_tm.o ABSOLUTE
    ht32f5xxxx_usart.c                       0x00000000   Number         0  ht32f5xxxx_usart.o ABSOLUTE
    ht32f5xxxx_usbd.c                        0x00000000   Number         0  ht32f5xxxx_usbd.o ABSOLUTE
    ht32f5xxxx_wdt.c                         0x00000000   Number         0  ht32f5xxxx_wdt.o ABSOLUTE
    i2c.c                                    0x00000000   Number         0  i2c.o ABSOLUTE
    i2c_eeprom.c                             0x00000000   Number         0  i2c_eeprom.o ABSOLUTE
    init.s                                   0x00000000   Number         0  init.o ABSOLUTE
    main.c                                   0x00000000   Number         0  main.o ABSOLUTE
    rylr896.c                                0x00000000   Number         0  rylr896.o ABSOLUTE
    sim7600x.c                               0x00000000   Number         0  sim7600x.o ABSOLUTE
    spi_flash.c                              0x00000000   Number         0  spi_flash.o ABSOLUTE
    startup_ht32f5xxxx_01.s                  0x00000000   Number         0  startup_ht32f5xxxx_01.o ABSOLUTE
    system_ht32f5xxxx_01.c                   0x00000000   Number         0  system_ht32f5xxxx_01.o ABSOLUTE
    usart.c                                  0x00000000   Number         0  usart.o ABSOLUTE
    RESET                                    0x00000000   Section      356  startup_ht32f5xxxx_01.o(RESET)
    BootProcess                              0x000000cd   Thumb Code    94  startup_ht32f5xxxx_01.o(RESET)
    .ARM.Collect$$$$00000000                 0x00000164   Section        0  entry.o(.ARM.Collect$$$$00000000)
    .ARM.Collect$$$$00000001                 0x00000164   Section        4  entry2.o(.ARM.Collect$$$$00000001)
    .ARM.Collect$$$$00000004                 0x00000168   Section        4  entry5.o(.ARM.Collect$$$$00000004)
    .ARM.Collect$$$$00000008                 0x0000016c   Section        0  entry7b.o(.ARM.Collect$$$$00000008)
    .ARM.Collect$$$$0000000A                 0x0000016c   Section        0  entry8b.o(.ARM.Collect$$$$0000000A)
    .ARM.Collect$$$$0000000B                 0x0000016c   Section        8  entry9a.o(.ARM.Collect$$$$0000000B)
    __lit__00000000                          0x00000174   Data           4  entry2.o(.ARM.Collect$$$$00002712)
    .ARM.Collect$$$$0000000D                 0x00000174   Section        0  entry10a.o(.ARM.Collect$$$$0000000D)
    .ARM.Collect$$$$0000000F                 0x00000174   Section        0  entry11a.o(.ARM.Collect$$$$0000000F)
    .ARM.Collect$$$$00002712                 0x00000174   Section        4  entry2.o(.ARM.Collect$$$$00002712)
    .text                                    0x00000178   Section        0  memseta.o(.text)
    .text                                    0x0000019c   Section        0  strlen.o(.text)
    .text                                    0x000001aa   Section        0  strcmp.o(.text)
    .text                                    0x000001c6   Section        0  memcmp.o(.text)
    .text                                    0x000001e0   Section        0  strcpy.o(.text)
    .text                                    0x000001f4   Section        0  strtok.o(.text)
    .text                                    0x0000023c   Section        0  atoi.o(.text)
    .text                                    0x00000256   Section        0  fadd.o(.text)
    .text                                    0x00000308   Section        0  fdiv.o(.text)
    .text                                    0x00000384   Section        0  dadd.o(.text)
    .text                                    0x000004e8   Section        0  ddiv.o(.text)
    .text                                    0x000005d8   Section        0  fflti.o(.text)
    .text                                    0x000005f0   Section        0  dflti.o(.text)
    .text                                    0x00000618   Section        0  ffixi.o(.text)
    .text                                    0x0000064a   Section        0  f2d.o(.text)
    .text                                    0x00000672   Section        0  d2f.o(.text)
    .text                                    0x000006aa   Section        0  uidiv_div0.o(.text)
    .text                                    0x000006e8   Section        0  uldiv.o(.text)
    .text                                    0x00000748   Section        0  llshl.o(.text)
    .text                                    0x00000768   Section        0  llsshr.o(.text)
    _local_sscanf                            0x00000791   Thumb Code    64  strtod.o(.text)
    .text                                    0x00000790   Section        0  strtod.o(.text)
    .text                                    0x00000844   Section        0  strtol.o(.text)
    .text                                    0x000008b4   Section        0  iusefp.o(.text)
    .text                                    0x000008b4   Section        0  fepilogue.o(.text)
    .text                                    0x00000936   Section        0  depilogue.o(.text)
    .text                                    0x000009f4   Section        0  dmul.o(.text)
    .text                                    0x00000ac4   Section        0  dfixul.o(.text)
    .text                                    0x00000b04   Section       40  cdrcmple.o(.text)
    .text                                    0x00000b2c   Section       48  init.o(.text)
    .text                                    0x00000b5c   Section        0  llushr.o(.text)
    .text                                    0x00000b80   Section        0  ctype_o.o(.text)
    .text                                    0x00000b88   Section        0  isspace_o.o(.text)
    _fp_value                                0x00000b9d   Thumb Code   286  scanf_fp.o(.text)
    .text                                    0x00000b9c   Section        0  scanf_fp.o(.text)
    .text                                    0x00000f10   Section        0  _sgetc.o(.text)
    .text                                    0x00000f54   Section        0  _strtoul.o(.text)
    .text                                    0x00000ffa   Section        0  llmul.o(.text)
    .text                                    0x0000102a   Section        0  _chval.o(.text)
    .text                                    0x00001048   Section        0  dfltul.o(.text)
    .text                                    0x00001064   Section        0  __dclz77c.o(.text)
    [Anonymous Symbol]                       0x000010c4   Section        0  ht32f5xxxx_gpio.o(.text.AFIO_GPxConfig)
    __arm_cp.18_0                            0x0000123c   Number         4  ht32f5xxxx_gpio.o(.text.AFIO_GPxConfig)
    [Anonymous Symbol]                       0x00001240   Section        0  ht32f5xxxx_01_it.o(.text.BFTM0_IRQHandler)
    __arm_cp.0_0                             0x00001278   Number         4  ht32f5xxxx_01_it.o(.text.BFTM0_IRQHandler)
    __arm_cp.0_1                             0x0000127c   Number         4  ht32f5xxxx_01_it.o(.text.BFTM0_IRQHandler)
    __arm_cp.0_2                             0x00001280   Number         4  ht32f5xxxx_01_it.o(.text.BFTM0_IRQHandler)
    __arm_cp.0_3                             0x00001284   Number         4  ht32f5xxxx_01_it.o(.text.BFTM0_IRQHandler)
    __arm_cp.0_4                             0x00001288   Number         4  ht32f5xxxx_01_it.o(.text.BFTM0_IRQHandler)
    [Anonymous Symbol]                       0x0000128c   Section        0  ht32f5xxxx_bftm.o(.text.BFTM_ClearFlag)
    [Anonymous Symbol]                       0x0000129a   Section        0  ht32f5xxxx_bftm.o(.text.BFTM_EnaCmd)
    [Anonymous Symbol]                       0x000012ac   Section        0  ht32f5xxxx_bftm.o(.text.BFTM_GetFlagStatus)
    [Anonymous Symbol]                       0x000012b4   Section        0  ht32f5xxxx_bftm.o(.text.BFTM_IntConfig)
    [Anonymous Symbol]                       0x000012c4   Section        0  ht32f5xxxx_bftm.o(.text.BFTM_SetCompare)
    [Anonymous Symbol]                       0x000012c8   Section        0  ht32f5xxxx_bftm.o(.text.BFTM_SetCounter)
    [Anonymous Symbol]                       0x000012cc   Section        0  ht32f5xxxx_ckcu.o(.text.CKCU_GetPeripFrequency)
    __arm_cp.15_0                            0x0000135c   Number         4  ht32f5xxxx_ckcu.o(.text.CKCU_GetPeripFrequency)
    __arm_cp.15_1                            0x00001360   Number         4  ht32f5xxxx_ckcu.o(.text.CKCU_GetPeripFrequency)
    __arm_cp.15_2                            0x00001364   Number         4  ht32f5xxxx_ckcu.o(.text.CKCU_GetPeripFrequency)
    [Anonymous Symbol]                       0x00001368   Section        0  ht32f5xxxx_ckcu.o(.text.CKCU_PeripClockConfig)
    __arm_cp.28_0                            0x0000139c   Number         4  ht32f5xxxx_ckcu.o(.text.CKCU_PeripClockConfig)
    [Anonymous Symbol]                       0x000013a0   Section        0  ht32_board.o(.text.HT32F_DVB_COMInit)
    __arm_cp.6_0                             0x000013f0   Number         4  ht32_board.o(.text.HT32F_DVB_COMInit)
    [Anonymous Symbol]                       0x000013f4   Section        0  ht32f5xxxx_i2c.o(.text.I2C_AckCmd)
    [Anonymous Symbol]                       0x00001404   Section        0  ht32f5xxxx_i2c.o(.text.I2C_CheckStatus)
    [Anonymous Symbol]                       0x0000140e   Section        0  ht32f5xxxx_i2c.o(.text.I2C_ClearFlag)
    [Anonymous Symbol]                       0x00001412   Section        0  ht32f5xxxx_i2c.o(.text.I2C_Cmd)
    [Anonymous Symbol]                       0x00001424   Section        0  ht32f5xxxx_i2c.o(.text.I2C_GenerateSTOP)
    [Anonymous Symbol]                       0x00001430   Section        0  ht32f5xxxx_i2c.o(.text.I2C_Init)
    __arm_cp.1_0                             0x000014c8   Number         4  ht32f5xxxx_i2c.o(.text.I2C_Init)
    __arm_cp.1_1                             0x000014cc   Number         4  ht32f5xxxx_i2c.o(.text.I2C_Init)
    [Anonymous Symbol]                       0x000014d0   Section        0  ht32f5xxxx_i2c.o(.text.I2C_ReadRegister)
    [Anonymous Symbol]                       0x000014e6   Section        0  ht32f5xxxx_i2c.o(.text.I2C_ReceiveData)
    [Anonymous Symbol]                       0x000014ec   Section        0  ht32f5xxxx_i2c.o(.text.I2C_SendData)
    [Anonymous Symbol]                       0x000014f0   Section        0  ht32f5xxxx_i2c.o(.text.I2C_TargetAddressConfig)
    [Anonymous Symbol]                       0x00001516   Section        0  ht32_retarget.o(.text.RETARGET_Configuration)
    [Anonymous Symbol]                       0x00001538   Section        0  ht32_cm0plus_misc.o(.text.SYSTICK_ClockSourceConfig)
    [Anonymous Symbol]                       0x00001550   Section        0  ht32_cm0plus_misc.o(.text.SYSTICK_CounterCmd)
    [Anonymous Symbol]                       0x00001578   Section        0  ht32_cm0plus_misc.o(.text.SYSTICK_IntConfig)
    __arm_cp.7_0                             0x0000158c   Number         4  ht32_cm0plus_misc.o(.text.SYSTICK_IntConfig)
    [Anonymous Symbol]                       0x00001590   Section        0  ht32_cm0plus_misc.o(.text.SYSTICK_SetReloadValue)
    __arm_cp.8_0                             0x00001598   Number         4  ht32_cm0plus_misc.o(.text.SYSTICK_SetReloadValue)
    [Anonymous Symbol]                       0x0000159c   Section        0  system_ht32f5xxxx_01.o(.text.SystemInit)
    __arm_cp.0_0                             0x00001748   Number         4  system_ht32f5xxxx_01.o(.text.SystemInit)
    __arm_cp.0_1                             0x0000174c   Number         4  system_ht32f5xxxx_01.o(.text.SystemInit)
    __arm_cp.0_2                             0x00001750   Number         4  system_ht32f5xxxx_01.o(.text.SystemInit)
    __arm_cp.0_3                             0x00001754   Number         4  system_ht32f5xxxx_01.o(.text.SystemInit)
    __arm_cp.0_4                             0x00001758   Number         4  system_ht32f5xxxx_01.o(.text.SystemInit)
    [Anonymous Symbol]                       0x0000175c   Section        0  ht32f5xxxx_01_it.o(.text.USART0_IRQHandler)
    __arm_cp.1_0                             0x000017c0   Number         4  ht32f5xxxx_01_it.o(.text.USART0_IRQHandler)
    __arm_cp.1_1                             0x000017c4   Number         4  ht32f5xxxx_01_it.o(.text.USART0_IRQHandler)
    __arm_cp.1_4                             0x000017dc   Number         4  ht32f5xxxx_01_it.o(.text.USART0_IRQHandler)
    __arm_cp.1_5                             0x000017e0   Number         4  ht32f5xxxx_01_it.o(.text.USART0_IRQHandler)
    [Anonymous Symbol]                       0x000017e4   Section        0  ht32f5xxxx_01_it.o(.text.USART1_IRQHandler)
    __arm_cp.2_0                             0x00001838   Number         4  ht32f5xxxx_01_it.o(.text.USART1_IRQHandler)
    __arm_cp.2_1                             0x0000183c   Number         4  ht32f5xxxx_01_it.o(.text.USART1_IRQHandler)
    __arm_cp.2_2                             0x00001840   Number         4  ht32f5xxxx_01_it.o(.text.USART1_IRQHandler)
    __arm_cp.2_4                             0x0000184c   Number         4  ht32f5xxxx_01_it.o(.text.USART1_IRQHandler)
    __arm_cp.2_5                             0x00001850   Number         4  ht32f5xxxx_01_it.o(.text.USART1_IRQHandler)
    [Anonymous Symbol]                       0x00001854   Section        0  ht32f5xxxx_usart.o(.text.USART_GetFlagStatus)
    [Anonymous Symbol]                       0x00001860   Section        0  ht32f5xxxx_usart.o(.text.USART_Init)
    __arm_cp.1_0                             0x000018bc   Number         4  ht32f5xxxx_usart.o(.text.USART_Init)
    __arm_cp.1_1                             0x000018c0   Number         4  ht32f5xxxx_usart.o(.text.USART_Init)
    __arm_cp.1_2                             0x000018c4   Number         4  ht32f5xxxx_usart.o(.text.USART_Init)
    __arm_cp.1_3                             0x000018c8   Number         4  ht32f5xxxx_usart.o(.text.USART_Init)
    __arm_cp.1_4                             0x000018cc   Number         4  ht32f5xxxx_usart.o(.text.USART_Init)
    [Anonymous Symbol]                       0x000018d0   Section        0  ht32f5xxxx_usart.o(.text.USART_IntConfig)
    [Anonymous Symbol]                       0x000018e4   Section        0  ht32f5xxxx_usart.o(.text.USART_ReceiveData)
    [Anonymous Symbol]                       0x000018ea   Section        0  ht32f5xxxx_usart.o(.text.USART_SendData)
    [Anonymous Symbol]                       0x000018ee   Section        0  ht32f5xxxx_usart.o(.text.USART_TxRxCmd)
    [Anonymous Symbol]                       0x00001906   Section        0  am2320.o(.text.am2320_Configuration)
    [Anonymous Symbol]                       0x00001910   Section        0  am2320.o(.text.am2320_GetTemperatureHumidity)
    __arm_cp.3_0                             0x00001970   Number         4  am2320.o(.text.am2320_GetTemperatureHumidity)
    __arm_cp.3_1                             0x00001974   Number         4  am2320.o(.text.am2320_GetTemperatureHumidity)
    [Anonymous Symbol]                       0x00001978   Section        0  am2320.o(.text.am2320_ReadData)
    __arm_cp.2_1                             0x00001ab8   Number         4  am2320.o(.text.am2320_ReadData)
    [Anonymous Symbol]                       0x00001abc   Section        0  bftm.o(.text.bftm_Configuration)
    __arm_cp.0_0                             0x00001b14   Number         4  bftm.o(.text.bftm_Configuration)
    __arm_cp.0_1                             0x00001b18   Number         4  bftm.o(.text.bftm_Configuration)
    __arm_cp.0_2                             0x00001b1c   Number         4  bftm.o(.text.bftm_Configuration)
    [Anonymous Symbol]                       0x00001b20   Section        0  delay.o(.text.delay_ms)
    [Anonymous Symbol]                       0x00001b38   Section        0  delay.o(.text.delay_s)
    [Anonymous Symbol]                       0x00001b5c   Section        0  delay.o(.text.delay_us)
    __arm_cp.0_0                             0x00001c74   Number         4  delay.o(.text.delay_us)
    __arm_cp.0_1                             0x00001c78   Number         4  delay.o(.text.delay_us)
    __arm_cp.0_2                             0x00001c7c   Number         4  delay.o(.text.delay_us)
    [Anonymous Symbol]                       0x00001c80   Section        0  ht24lc64.o(.text.ht24lc64_Configuration)
    [Anonymous Symbol]                       0x00001c88   Section        0  i2c.o(.text.i2c_Configuration)
    __arm_cp.0_0                             0x00001cd4   Number         4  i2c.o(.text.i2c_Configuration)
    __arm_cp.0_1                             0x00001cd8   Number         4  i2c.o(.text.i2c_Configuration)
    __arm_cp.0_2                             0x00001cdc   Number         4  i2c.o(.text.i2c_Configuration)
    [Anonymous Symbol]                       0x00001ce0   Section        0  main.o(.text.main)
    __arm_cp.2_0                             0x00001dcc   Number         4  main.o(.text.main)
    __arm_cp.2_1                             0x00001dd0   Number         4  main.o(.text.main)
    __arm_cp.2_2                             0x00001dd4   Number         4  main.o(.text.main)
    __arm_cp.2_3                             0x00001dd8   Number         4  main.o(.text.main)
    __arm_cp.2_4                             0x00001ddc   Number         4  main.o(.text.main)
    __arm_cp.2_5                             0x00001de0   Number         4  main.o(.text.main)
    __arm_cp.2_6                             0x00001de4   Number         4  main.o(.text.main)
    __arm_cp.2_7                             0x00001de8   Number         4  main.o(.text.main)
    __arm_cp.2_8                             0x00001dec   Number         4  main.o(.text.main)
    __arm_cp.2_9                             0x00001df0   Number         4  main.o(.text.main)
    [Anonymous Symbol]                       0x00001df4   Section        0  rylr896.o(.text.rylr896_Configuration)
    [Anonymous Symbol]                       0x00001dfc   Section        0  rylr896.o(.text.rylr896_Receive)
    __arm_cp.2_0                             0x00001eb8   Number         4  rylr896.o(.text.rylr896_Receive)
    __arm_cp.2_1                             0x00001ebc   Number         4  rylr896.o(.text.rylr896_Receive)
    __arm_cp.2_4                             0x00001ec4   Number         4  rylr896.o(.text.rylr896_Receive)
    __arm_cp.2_5                             0x00001ec8   Number         4  rylr896.o(.text.rylr896_Receive)
    __arm_cp.2_6                             0x00001ecc   Number         4  rylr896.o(.text.rylr896_Receive)
    [Anonymous Symbol]                       0x00001ed0   Section        0  rylr896.o(.text.rylr896_Send)
    __arm_cp.1_0                             0x00001f20   Number         4  rylr896.o(.text.rylr896_Send)
    __arm_cp.1_1                             0x00001f24   Number         4  rylr896.o(.text.rylr896_Send)
    __arm_cp.1_3                             0x00001f30   Number         4  rylr896.o(.text.rylr896_Send)
    __arm_cp.1_5                             0x00001f48   Number         4  rylr896.o(.text.rylr896_Send)
    [Anonymous Symbol]                       0x00001f4c   Section        0  sim7600x.o(.text.sim7600x_BeeBoxSend)
    __arm_cp.3_1                             0x00001fa4   Number         4  sim7600x.o(.text.sim7600x_BeeBoxSend)
    [Anonymous Symbol]                       0x00001fa8   Section        0  sim7600x.o(.text.sim7600x_Configuration)
    [Anonymous Symbol]                       0x00001fb0   Section        0  sim7600x.o(.text.sim7600x_GetGPS)
    __arm_cp.6_0                             0x000020d8   Number         4  sim7600x.o(.text.sim7600x_GetGPS)
    __arm_cp.6_1                             0x000020dc   Number         4  sim7600x.o(.text.sim7600x_GetGPS)
    __arm_cp.6_5                             0x000020e0   Number         4  sim7600x.o(.text.sim7600x_GetGPS)
    __arm_cp.6_6                             0x000020e4   Number         4  sim7600x.o(.text.sim7600x_GetGPS)
    __arm_cp.6_7                             0x000020e8   Number         4  sim7600x.o(.text.sim7600x_GetGPS)
    __arm_cp.6_8                             0x000020ec   Number         4  sim7600x.o(.text.sim7600x_GetGPS)
    __arm_cp.6_9                             0x000020f0   Number         4  sim7600x.o(.text.sim7600x_GetGPS)
    [Anonymous Symbol]                       0x000020f4   Section        0  sim7600x.o(.text.sim7600x_RcvSend)
    __arm_cp.4_1                             0x0000214c   Number         4  sim7600x.o(.text.sim7600x_RcvSend)
    __arm_cp.4_4                             0x00002150   Number         4  sim7600x.o(.text.sim7600x_RcvSend)
    [Anonymous Symbol]                       0x00002154   Section        0  sim7600x.o(.text.sim7600x_Receive)
    __arm_cp.5_0                             0x00002264   Number         4  sim7600x.o(.text.sim7600x_Receive)
    __arm_cp.5_1                             0x00002268   Number         4  sim7600x.o(.text.sim7600x_Receive)
    __arm_cp.5_2                             0x0000226c   Number         4  sim7600x.o(.text.sim7600x_Receive)
    __arm_cp.5_3                             0x00002270   Number         4  sim7600x.o(.text.sim7600x_Receive)
    __arm_cp.5_4                             0x00002274   Number         4  sim7600x.o(.text.sim7600x_Receive)
    __arm_cp.5_5                             0x00002278   Number         4  sim7600x.o(.text.sim7600x_Receive)
    __arm_cp.5_6                             0x0000227c   Number         4  sim7600x.o(.text.sim7600x_Receive)
    __arm_cp.5_7                             0x00002280   Number         4  sim7600x.o(.text.sim7600x_Receive)
    __arm_cp.5_10                            0x00002290   Number         4  sim7600x.o(.text.sim7600x_Receive)
    __arm_cp.5_11                            0x00002294   Number         4  sim7600x.o(.text.sim7600x_Receive)
    __arm_cp.5_12                            0x00002298   Number         4  sim7600x.o(.text.sim7600x_Receive)
    __arm_cp.5_13                            0x0000229c   Number         4  sim7600x.o(.text.sim7600x_Receive)
    __arm_cp.5_14                            0x000022a0   Number         4  sim7600x.o(.text.sim7600x_Receive)
    __arm_cp.5_16                            0x000022bc   Number         4  sim7600x.o(.text.sim7600x_Receive)
    __arm_cp.5_17                            0x000022c0   Number         4  sim7600x.o(.text.sim7600x_Receive)
    __arm_cp.5_18                            0x000022c4   Number         4  sim7600x.o(.text.sim7600x_Receive)
    [Anonymous Symbol]                       0x000022c8   Section        0  sim7600x.o(.text.sim7600x_UpdateBoxData)
    __arm_cp.1_0                             0x00002368   Number         4  sim7600x.o(.text.sim7600x_UpdateBoxData)
    __arm_cp.1_1                             0x0000236c   Number         4  sim7600x.o(.text.sim7600x_UpdateBoxData)
    __arm_cp.1_3                             0x00002370   Number         4  sim7600x.o(.text.sim7600x_UpdateBoxData)
    [Anonymous Symbol]                       0x00002374   Section        0  sim7600x.o(.text.sim7600x_UpdateRcvData)
    __arm_cp.2_0                             0x000023d8   Number         4  sim7600x.o(.text.sim7600x_UpdateRcvData)
    __arm_cp.2_1                             0x000023dc   Number         4  sim7600x.o(.text.sim7600x_UpdateRcvData)
    __arm_cp.2_2                             0x000023e0   Number         4  sim7600x.o(.text.sim7600x_UpdateRcvData)
    __arm_cp.2_4                             0x00002414   Number         4  sim7600x.o(.text.sim7600x_UpdateRcvData)
    __arm_cp.2_5                             0x00002418   Number         4  sim7600x.o(.text.sim7600x_UpdateRcvData)
    [Anonymous Symbol]                       0x0000241c   Section        0  usart.o(.text.usart_Configuration)
    __arm_cp.0_0                             0x000024dc   Number         4  usart.o(.text.usart_Configuration)
    __arm_cp.0_1                             0x000024e0   Number         4  usart.o(.text.usart_Configuration)
    __arm_cp.0_2                             0x000024e4   Number         4  usart.o(.text.usart_Configuration)
    __arm_cp.0_3                             0x000024e8   Number         4  usart.o(.text.usart_Configuration)
    [Anonymous Symbol]                       0x000024ec   Section        0  usart.o(.text.usart_SendStr)
    i.__0sprintf                             0x00002528   Section        0  printfa.o(i.__0sprintf)
    i.__ARM_clz                              0x00002550   Section        0  depilogue.o(i.__ARM_clz)
    i.__aeabi_errno_addr                     0x00002580   Section        0  errno.o(i.__aeabi_errno_addr)
    i.__read_errno                           0x00002588   Section        0  errno.o(i.__read_errno)
    i.__scatterload_copy                     0x00002594   Section       14  handlers.o(i.__scatterload_copy)
    i.__scatterload_null                     0x000025a2   Section        2  handlers.o(i.__scatterload_null)
    i.__scatterload_zeroinit                 0x000025a4   Section       14  handlers.o(i.__scatterload_zeroinit)
    i.__set_errno                            0x000025b4   Section        0  errno.o(i.__set_errno)
    _fp_digits                               0x000025c1   Thumb Code   344  printfa.o(i._fp_digits)
    i._fp_digits                             0x000025c0   Section        0  printfa.o(i._fp_digits)
    i._is_digit                              0x00002734   Section        0  scanf_fp.o(i._is_digit)
    _printf_core                             0x00002745   Thumb Code  1754  printfa.o(i._printf_core)
    i._printf_core                           0x00002744   Section        0  printfa.o(i._printf_core)
    _printf_post_padding                     0x00002e31   Thumb Code    32  printfa.o(i._printf_post_padding)
    i._printf_post_padding                   0x00002e30   Section        0  printfa.o(i._printf_post_padding)
    _printf_pre_padding                      0x00002e51   Thumb Code    44  printfa.o(i._printf_pre_padding)
    i._printf_pre_padding                    0x00002e50   Section        0  printfa.o(i._printf_pre_padding)
    _sputc                                   0x00002e7d   Thumb Code    10  printfa.o(i._sputc)
    i._sputc                                 0x00002e7c   Section        0  printfa.o(i._sputc)
    i.atof                                   0x00002e86   Section        0  atof.o(i.atof)
    .constdata                               0x00002eb2   Section      129  ctype_o.o(.constdata)
    table                                    0x00002f34   Data           4  ctype_o.o(.constdata)
    .constdata                               0x00002f34   Section        4  ctype_o.o(.constdata)
    [Anonymous Symbol]                       0x00002f38   Section        0  rylr896.o(.rodata.str1.1)
    [Anonymous Symbol]                       0x00002f3a   Section        0  sim7600x.o(.rodata.str1.1)
    state                                    0x20000000   Data           4  strtok.o(.data)
    .data                                    0x20000000   Section        4  strtok.o(.data)
    _errno                                   0x20000004   Data           4  errno.o(.data)
    .data                                    0x20000004   Section        4  errno.o(.data)
    USART0_IRQHandler.index                  0x200002b8   Data           1  ht32f5xxxx_01_it.o(.bss.USART0_IRQHandler.index)
    [Anonymous Symbol]                       0x200002b8   Section        0  ht32f5xxxx_01_it.o(.bss.USART0_IRQHandler.index)
    USART0_IRQHandler.tempData               0x200002bc   Data         128  ht32f5xxxx_01_it.o(.bss.USART0_IRQHandler.tempData)
    [Anonymous Symbol]                       0x200002bc   Section        0  ht32f5xxxx_01_it.o(.bss.USART0_IRQHandler.tempData)
    USART1_IRQHandler.index                  0x2000033c   Data           1  ht32f5xxxx_01_it.o(.bss.USART1_IRQHandler.index)
    [Anonymous Symbol]                       0x2000033c   Section        0  ht32f5xxxx_01_it.o(.bss.USART1_IRQHandler.index)
    USART1_IRQHandler.tempData               0x20000340   Data         128  ht32f5xxxx_01_it.o(.bss.USART1_IRQHandler.tempData)
    [Anonymous Symbol]                       0x20000340   Section        0  ht32f5xxxx_01_it.o(.bss.USART1_IRQHandler.tempData)
    boxMainLoop.index                        0x200003c0   Data           1  main.o(.bss.boxMainLoop.index)
    [Anonymous Symbol]                       0x200003c0   Section        0  main.o(.bss.boxMainLoop.index)
    rylr896_Send.data                        0x20000524   Data         128  rylr896.o(.bss.rylr896_Send.data)
    [Anonymous Symbol]                       0x20000524   Section        0  rylr896.o(.bss.rylr896_Send.data)
    rylr896_Send.usart1TxData                0x200005a4   Data         128  rylr896.o(.bss.rylr896_Send.usart1TxData)
    [Anonymous Symbol]                       0x200005a4   Section        0  rylr896.o(.bss.rylr896_Send.usart1TxData)
    STACK                                    0x20000628   Section      512  startup_ht32f5xxxx_01.o(STACK)

    Global Symbols

    Symbol Name                              Value     Ov Type        Size  Object(Section)

    BuildAttributes$$THM_ISAv3M$S$PE$A:L22$X:L11$S22$IEEE1$IW$~IW$USESV6$~STKCKD$USESV7$~SHL$OTIME$ROPI$IEEEJ$EBA8$MICROLIB$REQ8$PRES8$EABIv2 0x00000000   Number         0  anon$$obj.o ABSOLUTE
    __Vectors                                0x00000000   Data           0  startup_ht32f5xxxx_01.o(RESET)
    _printf_a                                0x00000000   Number         0  printfstubs.o ABSOLUTE
    _printf_c                                0x00000000   Number         0  printfstubs.o ABSOLUTE
    _printf_charcount                        0x00000000   Number         0  printfstubs.o ABSOLUTE
    _printf_d                                0x00000000   Number         0  printfstubs.o ABSOLUTE
    _printf_e                                0x00000000   Number         0  printfstubs.o ABSOLUTE
    _printf_f                                0x00000000   Number         0  printfstubs.o ABSOLUTE
    _printf_flags                            0x00000000   Number         0  printfstubs.o ABSOLUTE
    _printf_fp_dec                           0x00000000   Number         0  printfstubs.o ABSOLUTE
    _printf_fp_hex                           0x00000000   Number         0  printfstubs.o ABSOLUTE
    _printf_g                                0x00000000   Number         0  printfstubs.o ABSOLUTE
    _printf_i                                0x00000000   Number         0  printfstubs.o ABSOLUTE
    _printf_int_dec                          0x00000000   Number         0  printfstubs.o ABSOLUTE
    _printf_l                                0x00000000   Number         0  printfstubs.o ABSOLUTE
    _printf_lc                               0x00000000   Number         0  printfstubs.o ABSOLUTE
    _printf_ll                               0x00000000   Number         0  printfstubs.o ABSOLUTE
    _printf_lld                              0x00000000   Number         0  printfstubs.o ABSOLUTE
    _printf_lli                              0x00000000   Number         0  printfstubs.o ABSOLUTE
    _printf_llo                              0x00000000   Number         0  printfstubs.o ABSOLUTE
    _printf_llu                              0x00000000   Number         0  printfstubs.o ABSOLUTE
    _printf_llx                              0x00000000   Number         0  printfstubs.o ABSOLUTE
    _printf_longlong_dec                     0x00000000   Number         0  printfstubs.o ABSOLUTE
    _printf_longlong_hex                     0x00000000   Number         0  printfstubs.o ABSOLUTE
    _printf_longlong_oct                     0x00000000   Number         0  printfstubs.o ABSOLUTE
    _printf_ls                               0x00000000   Number         0  printfstubs.o ABSOLUTE
    _printf_mbtowc                           0x00000000   Number         0  printfstubs.o ABSOLUTE
    _printf_n                                0x00000000   Number         0  printfstubs.o ABSOLUTE
    _printf_o                                0x00000000   Number         0  printfstubs.o ABSOLUTE
    _printf_p                                0x00000000   Number         0  printfstubs.o ABSOLUTE
    _printf_percent                          0x00000000   Number         0  printfstubs.o ABSOLUTE
    _printf_pre_padding                      0x00000000   Number         0  printfstubs.o ABSOLUTE
    _printf_return_value                     0x00000000   Number         0  printfstubs.o ABSOLUTE
    _printf_s                                0x00000000   Number         0  printfstubs.o ABSOLUTE
    _printf_sizespec                         0x00000000   Number         0  printfstubs.o ABSOLUTE
    _printf_str                              0x00000000   Number         0  printfstubs.o ABSOLUTE
    _printf_truncate_signed                  0x00000000   Number         0  printfstubs.o ABSOLUTE
    _printf_truncate_unsigned                0x00000000   Number         0  printfstubs.o ABSOLUTE
    _printf_u                                0x00000000   Number         0  printfstubs.o ABSOLUTE
    _printf_wc                               0x00000000   Number         0  printfstubs.o ABSOLUTE
    _printf_wctomb                           0x00000000   Number         0  printfstubs.o ABSOLUTE
    _printf_widthprec                        0x00000000   Number         0  printfstubs.o ABSOLUTE
    _printf_x                                0x00000000   Number         0  printfstubs.o ABSOLUTE
    __cpp_initialize__aeabi_                  - Undefined Weak Reference
    __cxa_finalize                            - Undefined Weak Reference
    _clock_init                               - Undefined Weak Reference
    _microlib_exit                            - Undefined Weak Reference
    Reset_Handler                            0x000000c1   Thumb Code    12  startup_ht32f5xxxx_01.o(RESET)
    NMI_Handler                              0x0000012b   Thumb Code     2  startup_ht32f5xxxx_01.o(RESET)
    HardFault_Handler                        0x0000012d   Thumb Code     2  startup_ht32f5xxxx_01.o(RESET)
    SVC_Handler                              0x0000012f   Thumb Code     2  startup_ht32f5xxxx_01.o(RESET)
    PendSV_Handler                           0x00000131   Thumb Code     2  startup_ht32f5xxxx_01.o(RESET)
    SysTick_Handler                          0x00000133   Thumb Code     2  startup_ht32f5xxxx_01.o(RESET)
    ADC_IRQHandler                           0x00000135   Thumb Code     0  startup_ht32f5xxxx_01.o(RESET)
    AES_IRQHandler                           0x00000135   Thumb Code     0  startup_ht32f5xxxx_01.o(RESET)
    BFTM1_IRQHandler                         0x00000135   Thumb Code     0  startup_ht32f5xxxx_01.o(RESET)
    COMP_IRQHandler                          0x00000135   Thumb Code     0  startup_ht32f5xxxx_01.o(RESET)
    EVWUP_IRQHandler                         0x00000135   Thumb Code     0  startup_ht32f5xxxx_01.o(RESET)
    EXTI0_1_IRQHandler                       0x00000135   Thumb Code     0  startup_ht32f5xxxx_01.o(RESET)
    EXTI2_3_IRQHandler                       0x00000135   Thumb Code     0  startup_ht32f5xxxx_01.o(RESET)
    EXTI4_15_IRQHandler                      0x00000135   Thumb Code     0  startup_ht32f5xxxx_01.o(RESET)
    FLASH_IRQHandler                         0x00000135   Thumb Code     0  startup_ht32f5xxxx_01.o(RESET)
    GPTM0_IRQHandler                         0x00000135   Thumb Code     0  startup_ht32f5xxxx_01.o(RESET)
    GPTM1_IRQHandler                         0x00000135   Thumb Code     0  startup_ht32f5xxxx_01.o(RESET)
    I2C0_IRQHandler                          0x00000135   Thumb Code     0  startup_ht32f5xxxx_01.o(RESET)
    I2C1_IRQHandler                          0x00000135   Thumb Code     0  startup_ht32f5xxxx_01.o(RESET)
    I2C2_IRQHandler                          0x00000135   Thumb Code     0  startup_ht32f5xxxx_01.o(RESET)
    I2S_IRQHandler                           0x00000135   Thumb Code     0  startup_ht32f5xxxx_01.o(RESET)
    LVD_BOD_IRQHandler                       0x00000135   Thumb Code     0  startup_ht32f5xxxx_01.o(RESET)
    MCTM0_IRQHandler                         0x00000135   Thumb Code     0  startup_ht32f5xxxx_01.o(RESET)
    MIDI_IRQHandler                          0x00000135   Thumb Code     0  startup_ht32f5xxxx_01.o(RESET)
    PDMA_CH0_1_IRQHandler                    0x00000135   Thumb Code     0  startup_ht32f5xxxx_01.o(RESET)
    PDMA_CH2_5_IRQHandler                    0x00000135   Thumb Code     0  startup_ht32f5xxxx_01.o(RESET)
    PWM0_IRQHandler                          0x00000135   Thumb Code     0  startup_ht32f5xxxx_01.o(RESET)
    PWM1_IRQHandler                          0x00000135   Thumb Code     0  startup_ht32f5xxxx_01.o(RESET)
    QSPI_IRQHandler                          0x00000135   Thumb Code     0  startup_ht32f5xxxx_01.o(RESET)
    RTC_IRQHandler                           0x00000135   Thumb Code     0  startup_ht32f5xxxx_01.o(RESET)
    SCI_IRQHandler                           0x00000135   Thumb Code     0  startup_ht32f5xxxx_01.o(RESET)
    SCTM0_IRQHandler                         0x00000135   Thumb Code     0  startup_ht32f5xxxx_01.o(RESET)
    SCTM1_IRQHandler                         0x00000135   Thumb Code     0  startup_ht32f5xxxx_01.o(RESET)
    SCTM2_IRQHandler                         0x00000135   Thumb Code     0  startup_ht32f5xxxx_01.o(RESET)
    SCTM3_IRQHandler                         0x00000135   Thumb Code     0  startup_ht32f5xxxx_01.o(RESET)
    SPI0_IRQHandler                          0x00000135   Thumb Code     0  startup_ht32f5xxxx_01.o(RESET)
    SPI1_IRQHandler                          0x00000135   Thumb Code     0  startup_ht32f5xxxx_01.o(RESET)
    UART0_IRQHandler                         0x00000135   Thumb Code     0  startup_ht32f5xxxx_01.o(RESET)
    UART1_IRQHandler                         0x00000135   Thumb Code     0  startup_ht32f5xxxx_01.o(RESET)
    UART2_IRQHandler                         0x00000135   Thumb Code     0  startup_ht32f5xxxx_01.o(RESET)
    UART3_IRQHandler                         0x00000135   Thumb Code     0  startup_ht32f5xxxx_01.o(RESET)
    USB_IRQHandler                           0x00000135   Thumb Code     0  startup_ht32f5xxxx_01.o(RESET)
    __main                                   0x00000165   Thumb Code     0  entry.o(.ARM.Collect$$$$00000000)
    _main_stk                                0x00000165   Thumb Code     0  entry2.o(.ARM.Collect$$$$00000001)
    _main_scatterload                        0x00000169   Thumb Code     0  entry5.o(.ARM.Collect$$$$00000004)
    __main_after_scatterload                 0x0000016d   Thumb Code     0  entry5.o(.ARM.Collect$$$$00000004)
    _main_clock                              0x0000016d   Thumb Code     0  entry7b.o(.ARM.Collect$$$$00000008)
    _main_cpp_init                           0x0000016d   Thumb Code     0  entry8b.o(.ARM.Collect$$$$0000000A)
    _main_init                               0x0000016d   Thumb Code     0  entry9a.o(.ARM.Collect$$$$0000000B)
    __rt_final_cpp                           0x00000175   Thumb Code     0  entry10a.o(.ARM.Collect$$$$0000000D)
    __rt_final_exit                          0x00000175   Thumb Code     0  entry11a.o(.ARM.Collect$$$$0000000F)
    __aeabi_memset                           0x00000179   Thumb Code    14  memseta.o(.text)
    __aeabi_memset4                          0x00000179   Thumb Code     0  memseta.o(.text)
    __aeabi_memset8                          0x00000179   Thumb Code     0  memseta.o(.text)
    __aeabi_memclr                           0x00000187   Thumb Code     4  memseta.o(.text)
    __aeabi_memclr4                          0x00000187   Thumb Code     0  memseta.o(.text)
    __aeabi_memclr8                          0x00000187   Thumb Code     0  memseta.o(.text)
    _memset$wrapper                          0x0000018b   Thumb Code    18  memseta.o(.text)
    strlen                                   0x0000019d   Thumb Code    14  strlen.o(.text)
    strcmp                                   0x000001ab   Thumb Code    28  strcmp.o(.text)
    memcmp                                   0x000001c7   Thumb Code    26  memcmp.o(.text)
    strcpy                                   0x000001e1   Thumb Code    18  strcpy.o(.text)
    strtok                                   0x000001f5   Thumb Code    68  strtok.o(.text)
    atoi                                     0x0000023d   Thumb Code    26  atoi.o(.text)
    __aeabi_fadd                             0x00000257   Thumb Code   162  fadd.o(.text)
    __aeabi_fsub                             0x000002f9   Thumb Code     8  fadd.o(.text)
    __aeabi_frsub                            0x00000301   Thumb Code     8  fadd.o(.text)
    __aeabi_fdiv                             0x00000309   Thumb Code   124  fdiv.o(.text)
    __aeabi_dadd                             0x00000385   Thumb Code   328  dadd.o(.text)
    __aeabi_dsub                             0x000004cd   Thumb Code    12  dadd.o(.text)
    __aeabi_drsub                            0x000004d9   Thumb Code    12  dadd.o(.text)
    __aeabi_ddiv                             0x000004e9   Thumb Code   234  ddiv.o(.text)
    __aeabi_i2f                              0x000005d9   Thumb Code    22  fflti.o(.text)
    __aeabi_i2d                              0x000005f1   Thumb Code    34  dflti.o(.text)
    __aeabi_f2iz                             0x00000619   Thumb Code    50  ffixi.o(.text)
    __aeabi_f2d                              0x0000064b   Thumb Code    40  f2d.o(.text)
    __aeabi_d2f                              0x00000673   Thumb Code    56  d2f.o(.text)
    __aeabi_uidiv                            0x000006ab   Thumb Code     0  uidiv_div0.o(.text)
    __aeabi_uidivmod                         0x000006ab   Thumb Code    62  uidiv_div0.o(.text)
    __aeabi_uldivmod                         0x000006e9   Thumb Code    96  uldiv.o(.text)
    __aeabi_llsl                             0x00000749   Thumb Code    32  llshl.o(.text)
    _ll_shift_l                              0x00000749   Thumb Code     0  llshl.o(.text)
    __aeabi_lasr                             0x00000769   Thumb Code    38  llsshr.o(.text)
    _ll_sshift_r                             0x00000769   Thumb Code     0  llsshr.o(.text)
    __strtod_int                             0x000007d1   Thumb Code    98  strtod.o(.text)
    strtol                                   0x00000845   Thumb Code   108  strtol.o(.text)
    __I$use$fp                               0x000008b5   Thumb Code     0  iusefp.o(.text)
    _float_round                             0x000008b5   Thumb Code    16  fepilogue.o(.text)
    _float_epilogue                          0x000008c5   Thumb Code   114  fepilogue.o(.text)
    _double_round                            0x00000937   Thumb Code    26  depilogue.o(.text)
    _double_epilogue                         0x00000951   Thumb Code   164  depilogue.o(.text)
    __aeabi_dmul                             0x000009f5   Thumb Code   202  dmul.o(.text)
    __aeabi_d2ulz                            0x00000ac5   Thumb Code    54  dfixul.o(.text)
    __aeabi_cdrcmple                         0x00000b05   Thumb Code    38  cdrcmple.o(.text)
    __scatterload                            0x00000b2d   Thumb Code    38  init.o(.text)
    __scatterload_rt2                        0x00000b2d   Thumb Code     0  init.o(.text)
    __aeabi_llsr                             0x00000b5d   Thumb Code    34  llushr.o(.text)
    _ll_ushift_r                             0x00000b5d   Thumb Code     0  llushr.o(.text)
    __rt_ctype_table                         0x00000b81   Thumb Code     4  ctype_o.o(.text)
    isspace                                  0x00000b89   Thumb Code    18  isspace_o.o(.text)
    _scanf_real                              0x00000cbb   Thumb Code     0  scanf_fp.o(.text)
    _scanf_really_real                       0x00000cbb   Thumb Code   584  scanf_fp.o(.text)
    _sgetc                                   0x00000f11   Thumb Code    32  _sgetc.o(.text)
    _sbackspace                              0x00000f31   Thumb Code    36  _sgetc.o(.text)
    _strtoul                                 0x00000f55   Thumb Code   166  _strtoul.o(.text)
    __aeabi_lmul                             0x00000ffb   Thumb Code    48  llmul.o(.text)
    _ll_mul                                  0x00000ffb   Thumb Code     0  llmul.o(.text)
    _chval                                   0x0000102b   Thumb Code    30  _chval.o(.text)
    __aeabi_ul2d                             0x00001049   Thumb Code    22  dfltul.o(.text)
    __decompress                             0x00001065   Thumb Code     0  __dclz77c.o(.text)
    __decompress2                            0x00001065   Thumb Code    96  __dclz77c.o(.text)
    AFIO_GPxConfig                           0x000010c5   Thumb Code   376  ht32f5xxxx_gpio.o(.text.AFIO_GPxConfig)
    BFTM0_IRQHandler                         0x00001241   Thumb Code    56  ht32f5xxxx_01_it.o(.text.BFTM0_IRQHandler)
    BFTM_ClearFlag                           0x0000128d   Thumb Code    14  ht32f5xxxx_bftm.o(.text.BFTM_ClearFlag)
    BFTM_EnaCmd                              0x0000129b   Thumb Code    18  ht32f5xxxx_bftm.o(.text.BFTM_EnaCmd)
    BFTM_GetFlagStatus                       0x000012ad   Thumb Code     8  ht32f5xxxx_bftm.o(.text.BFTM_GetFlagStatus)
    BFTM_IntConfig                           0x000012b5   Thumb Code    16  ht32f5xxxx_bftm.o(.text.BFTM_IntConfig)
    BFTM_SetCompare                          0x000012c5   Thumb Code     4  ht32f5xxxx_bftm.o(.text.BFTM_SetCompare)
    BFTM_SetCounter                          0x000012c9   Thumb Code     4  ht32f5xxxx_bftm.o(.text.BFTM_SetCounter)
    CKCU_GetPeripFrequency                   0x000012cd   Thumb Code   144  ht32f5xxxx_ckcu.o(.text.CKCU_GetPeripFrequency)
    CKCU_PeripClockConfig                    0x00001369   Thumb Code    52  ht32f5xxxx_ckcu.o(.text.CKCU_PeripClockConfig)
    HT32F_DVB_COMInit                        0x000013a1   Thumb Code    80  ht32_board.o(.text.HT32F_DVB_COMInit)
    I2C_AckCmd                               0x000013f5   Thumb Code    16  ht32f5xxxx_i2c.o(.text.I2C_AckCmd)
    I2C_CheckStatus                          0x00001405   Thumb Code    10  ht32f5xxxx_i2c.o(.text.I2C_CheckStatus)
    I2C_ClearFlag                            0x0000140f   Thumb Code     4  ht32f5xxxx_i2c.o(.text.I2C_ClearFlag)
    I2C_Cmd                                  0x00001413   Thumb Code    18  ht32f5xxxx_i2c.o(.text.I2C_Cmd)
    I2C_GenerateSTOP                         0x00001425   Thumb Code    10  ht32f5xxxx_i2c.o(.text.I2C_GenerateSTOP)
    I2C_Init                                 0x00001431   Thumb Code   152  ht32f5xxxx_i2c.o(.text.I2C_Init)
    I2C_ReadRegister                         0x000014d1   Thumb Code    22  ht32f5xxxx_i2c.o(.text.I2C_ReadRegister)
    I2C_ReceiveData                          0x000014e7   Thumb Code     6  ht32f5xxxx_i2c.o(.text.I2C_ReceiveData)
    I2C_SendData                             0x000014ed   Thumb Code     4  ht32f5xxxx_i2c.o(.text.I2C_SendData)
    I2C_TargetAddressConfig                  0x000014f1   Thumb Code    38  ht32f5xxxx_i2c.o(.text.I2C_TargetAddressConfig)
    RETARGET_Configuration                   0x00001517   Thumb Code    32  ht32_retarget.o(.text.RETARGET_Configuration)
    SYSTICK_ClockSourceConfig                0x00001539   Thumb Code    24  ht32_cm0plus_misc.o(.text.SYSTICK_ClockSourceConfig)
    SYSTICK_CounterCmd                       0x00001551   Thumb Code    40  ht32_cm0plus_misc.o(.text.SYSTICK_CounterCmd)
    SYSTICK_IntConfig                        0x00001579   Thumb Code    20  ht32_cm0plus_misc.o(.text.SYSTICK_IntConfig)
    SYSTICK_SetReloadValue                   0x00001591   Thumb Code     8  ht32_cm0plus_misc.o(.text.SYSTICK_SetReloadValue)
    SystemInit                               0x0000159d   Thumb Code   428  system_ht32f5xxxx_01.o(.text.SystemInit)
    USART0_IRQHandler                        0x0000175d   Thumb Code   100  ht32f5xxxx_01_it.o(.text.USART0_IRQHandler)
    USART1_IRQHandler                        0x000017e5   Thumb Code    84  ht32f5xxxx_01_it.o(.text.USART1_IRQHandler)
    USART_GetFlagStatus                      0x00001855   Thumb Code    10  ht32f5xxxx_usart.o(.text.USART_GetFlagStatus)
    USART_Init                               0x00001861   Thumb Code    92  ht32f5xxxx_usart.o(.text.USART_Init)
    USART_IntConfig                          0x000018d1   Thumb Code    20  ht32f5xxxx_usart.o(.text.USART_IntConfig)
    USART_ReceiveData                        0x000018e5   Thumb Code     6  ht32f5xxxx_usart.o(.text.USART_ReceiveData)
    USART_SendData                           0x000018eb   Thumb Code     4  ht32f5xxxx_usart.o(.text.USART_SendData)
    USART_TxRxCmd                            0x000018ef   Thumb Code    24  ht32f5xxxx_usart.o(.text.USART_TxRxCmd)
    am2320_Configuration                     0x00001907   Thumb Code     8  am2320.o(.text.am2320_Configuration)
    am2320_GetTemperatureHumidity            0x00001911   Thumb Code    96  am2320.o(.text.am2320_GetTemperatureHumidity)
    am2320_ReadData                          0x00001979   Thumb Code   320  am2320.o(.text.am2320_ReadData)
    bftm_Configuration                       0x00001abd   Thumb Code    88  bftm.o(.text.bftm_Configuration)
    delay_ms                                 0x00001b21   Thumb Code    24  delay.o(.text.delay_ms)
    delay_s                                  0x00001b39   Thumb Code    34  delay.o(.text.delay_s)
    delay_us                                 0x00001b5d   Thumb Code   280  delay.o(.text.delay_us)
    ht24lc64_Configuration                   0x00001c81   Thumb Code     8  ht24lc64.o(.text.ht24lc64_Configuration)
    i2c_Configuration                        0x00001c89   Thumb Code    76  i2c.o(.text.i2c_Configuration)
    main                                     0x00001ce1   Thumb Code   236  main.o(.text.main)
    rylr896_Configuration                    0x00001df5   Thumb Code     8  rylr896.o(.text.rylr896_Configuration)
    rylr896_Receive                          0x00001dfd   Thumb Code   188  rylr896.o(.text.rylr896_Receive)
    rylr896_Send                             0x00001ed1   Thumb Code    80  rylr896.o(.text.rylr896_Send)
    sim7600x_BeeBoxSend                      0x00001f4d   Thumb Code    88  sim7600x.o(.text.sim7600x_BeeBoxSend)
    sim7600x_Configuration                   0x00001fa9   Thumb Code     8  sim7600x.o(.text.sim7600x_Configuration)
    sim7600x_GetGPS                          0x00001fb1   Thumb Code   296  sim7600x.o(.text.sim7600x_GetGPS)
    sim7600x_RcvSend                         0x000020f5   Thumb Code    88  sim7600x.o(.text.sim7600x_RcvSend)
    sim7600x_Receive                         0x00002155   Thumb Code   272  sim7600x.o(.text.sim7600x_Receive)
    sim7600x_UpdateBoxData                   0x000022c9   Thumb Code   160  sim7600x.o(.text.sim7600x_UpdateBoxData)
    sim7600x_UpdateRcvData                   0x00002375   Thumb Code   100  sim7600x.o(.text.sim7600x_UpdateRcvData)
    usart_Configuration                      0x0000241d   Thumb Code   192  usart.o(.text.usart_Configuration)
    usart_SendStr                            0x000024ed   Thumb Code    60  usart.o(.text.usart_SendStr)
    __0sprintf                               0x00002529   Thumb Code    36  printfa.o(i.__0sprintf)
    __1sprintf                               0x00002529   Thumb Code     0  printfa.o(i.__0sprintf)
    __2sprintf                               0x00002529   Thumb Code     0  printfa.o(i.__0sprintf)
    __c89sprintf                             0x00002529   Thumb Code     0  printfa.o(i.__0sprintf)
    sprintf                                  0x00002529   Thumb Code     0  printfa.o(i.__0sprintf)
    __ARM_clz                                0x00002551   Thumb Code    46  depilogue.o(i.__ARM_clz)
    __aeabi_errno_addr                       0x00002581   Thumb Code     4  errno.o(i.__aeabi_errno_addr)
    __rt_errno_addr                          0x00002581   Thumb Code     0  errno.o(i.__aeabi_errno_addr)
    __read_errno                             0x00002589   Thumb Code     6  errno.o(i.__read_errno)
    __scatterload_copy                       0x00002595   Thumb Code    14  handlers.o(i.__scatterload_copy)
    __scatterload_null                       0x000025a3   Thumb Code     2  handlers.o(i.__scatterload_null)
    __scatterload_zeroinit                   0x000025a5   Thumb Code    14  handlers.o(i.__scatterload_zeroinit)
    __set_errno                              0x000025b5   Thumb Code     6  errno.o(i.__set_errno)
    _is_digit                                0x00002735   Thumb Code    14  scanf_fp.o(i._is_digit)
    atof                                     0x00002e87   Thumb Code    44  atof.o(i.atof)
    __ctype_table                            0x00002eb2   Data         129  ctype_o.o(.constdata)
    Region$$Table$$Base                      0x00002fac   Number         0  anon$$obj.o(Region$$Table)
    Region$$Table$$Limit                     0x00002fcc   Number         0  anon$$obj.o(Region$$Table)
    EnableGPS                                0x20000008   Data          14  sim7600x.o(.data.EnableGPS)
    FeedResponse                             0x20000016   Data          15  sim7600x.o(.data.FeedResponse)
    GetGPSInfo                               0x20000025   Data          14  sim7600x.o(.data.GetGPSInfo)
    GetMethod                                0x20000033   Data          18  sim7600x.o(.data.GetMethod)
    PostMethod                               0x20000045   Data          18  sim7600x.o(.data.PostMethod)
    ReadData                                 0x20000057   Data          19  sim7600x.o(.data.ReadData)
    SetBoxURL                                0x2000006a   Data          59  sim7600x.o(.data.SetBoxURL)
    SetConType                               0x200000a5   Data          60  sim7600x.o(.data.SetConType)
    SetFeedURL                               0x200000e1   Data          61  sim7600x.o(.data.SetFeedURL)
    SetRcvURL                                0x2000011e   Data          55  sim7600x.o(.data.SetRcvURL)
    SetResponseURL                           0x20000155   Data          67  sim7600x.o(.data.SetResponseURL)
    StartHTTP                                0x20000198   Data          14  sim7600x.o(.data.StartHTTP)
    SystemCoreClock                          0x200001a8   Data           4  system_ht32f5xxxx_01.o(.data.SystemCoreClock)
    gBoxID                                   0x200001ac   Data           2  main.o(.data.gBoxID)
    RcvData                                  0x200001b0   Data           8  main.o(.bss.RcvData)
    SetSizeTimeOut                           0x200001b8   Data         128  sim7600x.o(.bss.SetSizeTimeOut)
    TxData                                   0x20000238   Data         128  sim7600x.o(.bss.TxData)
    decimalLatitude                          0x200003c4   Data           4  sim7600x.o(.bss.decimalLatitude)
    decimalLongitude                         0x200003c8   Data           4  sim7600x.o(.bss.decimalLongitude)
    gBoxData                                 0x200003cc   Data          24  main.o(.bss.gBoxData)
    gBoxReady                                0x200003e4   Data           4  main.o(.bss.gBoxReady)
    gCurrentTime                             0x200003e8   Data           4  main.o(.bss.gCurrentTime)
    gEEPROMReady                             0x200003ec   Data           4  main.o(.bss.gEEPROMReady)
    gFeedRequire                             0x200003f0   Data           1  main.o(.bss.gFeedRequire)
    gFeedWeight                              0x200003f4   Data           4  main.o(.bss.gFeedWeight)
    gMainIndex                               0x200003f8   Data           1  main.o(.bss.gMainIndex)
    gUsart0RxData                            0x200003f9   Data         128  main.o(.bss.gUsart0RxData)
    gUsart0RxReady                           0x2000047c   Data           4  main.o(.bss.gUsart0RxReady)
    gUsart1RxData                            0x20000480   Data         128  main.o(.bss.gUsart1RxData)
    gUsart1RxReady                           0x20000500   Data           4  main.o(.bss.gUsart1RxReady)
    gpsLatitude                              0x20000504   Data          16  sim7600x.o(.bss.gpsLatitude)
    gpsLongitude                             0x20000514   Data          16  sim7600x.o(.bss.gpsLongitude)
    timeOffset                               0x20000624   Data           4  ht32f5xxxx_01_it.o(.bss.timeOffset)
    __HT_check_sp                            0x20000628   Data           0  startup_ht32f5xxxx_01.o(STACK)
    __initial_sp                             0x20000828   Data           0  startup_ht32f5xxxx_01.o(STACK)



==============================================================================

Memory Map of the image

  Image Entry point : 0x000000c1

  Load Region LR_1 (Base: 0x00000000, Size: 0x0000317c, Max: 0xffffffff, ABSOLUTE, COMPRESSED[0x000030bc])

    Execution Region ER_RO (Exec base: 0x00000000, Load base: 0x00000000, Size: 0x00002fcc, Max: 0xffffffff, ABSOLUTE)

    Exec Addr    Load Addr    Size         Type   Attr      Idx    E Section Name        Object

    0x00000000   0x00000000   0x00000164   Code   RO          205  * RESET               startup_ht32f5xxxx_01.o
    0x00000164   0x00000164   0x00000000   Code   RO         1418  * .ARM.Collect$$$$00000000  mc_p.l(entry.o)
    0x00000164   0x00000164   0x00000004   Code   RO         1724    .ARM.Collect$$$$00000001  mc_p.l(entry2.o)
    0x00000168   0x00000168   0x00000004   Code   RO         1727    .ARM.Collect$$$$00000004  mc_p.l(entry5.o)
    0x0000016c   0x0000016c   0x00000000   Code   RO         1729    .ARM.Collect$$$$00000008  mc_p.l(entry7b.o)
    0x0000016c   0x0000016c   0x00000000   Code   RO         1731    .ARM.Collect$$$$0000000A  mc_p.l(entry8b.o)
    0x0000016c   0x0000016c   0x00000008   Code   RO         1732    .ARM.Collect$$$$0000000B  mc_p.l(entry9a.o)
    0x00000174   0x00000174   0x00000000   Code   RO         1734    .ARM.Collect$$$$0000000D  mc_p.l(entry10a.o)
    0x00000174   0x00000174   0x00000000   Code   RO         1736    .ARM.Collect$$$$0000000F  mc_p.l(entry11a.o)
    0x00000174   0x00000174   0x00000004   Code   RO         1725    .ARM.Collect$$$$00002712  mc_p.l(entry2.o)
    0x00000178   0x00000178   0x00000024   Code   RO         1427    .text               mc_p.l(memseta.o)
    0x0000019c   0x0000019c   0x0000000e   Code   RO         1429    .text               mc_p.l(strlen.o)
    0x000001aa   0x000001aa   0x0000001c   Code   RO         1431    .text               mc_p.l(strcmp.o)
    0x000001c6   0x000001c6   0x0000001a   Code   RO         1433    .text               mc_p.l(memcmp.o)
    0x000001e0   0x000001e0   0x00000012   Code   RO         1435    .text               mc_p.l(strcpy.o)
    0x000001f2   0x000001f2   0x00000002   PAD
    0x000001f4   0x000001f4   0x00000048   Code   RO         1437    .text               mc_p.l(strtok.o)
    0x0000023c   0x0000023c   0x0000001a   Code   RO         1704    .text               mc_p.l(atoi.o)
    0x00000256   0x00000256   0x000000b2   Code   RO         1706    .text               mf_p.l(fadd.o)
    0x00000308   0x00000308   0x0000007c   Code   RO         1708    .text               mf_p.l(fdiv.o)
    0x00000384   0x00000384   0x00000164   Code   RO         1710    .text               mf_p.l(dadd.o)
    0x000004e8   0x000004e8   0x000000f0   Code   RO         1712    .text               mf_p.l(ddiv.o)
    0x000005d8   0x000005d8   0x00000016   Code   RO         1714    .text               mf_p.l(fflti.o)
    0x000005ee   0x000005ee   0x00000002   PAD
    0x000005f0   0x000005f0   0x00000028   Code   RO         1716    .text               mf_p.l(dflti.o)
    0x00000618   0x00000618   0x00000032   Code   RO         1718    .text               mf_p.l(ffixi.o)
    0x0000064a   0x0000064a   0x00000028   Code   RO         1720    .text               mf_p.l(f2d.o)
    0x00000672   0x00000672   0x00000038   Code   RO         1722    .text               mf_p.l(d2f.o)
    0x000006aa   0x000006aa   0x0000003e   Code   RO         1743    .text               mc_p.l(uidiv_div0.o)
    0x000006e8   0x000006e8   0x00000060   Code   RO         1749    .text               mc_p.l(uldiv.o)
    0x00000748   0x00000748   0x00000020   Code   RO         1751    .text               mc_p.l(llshl.o)
    0x00000768   0x00000768   0x00000026   Code   RO         1753    .text               mc_p.l(llsshr.o)
    0x0000078e   0x0000078e   0x00000002   PAD
    0x00000790   0x00000790   0x000000b4   Code   RO         1762    .text               mc_p.l(strtod.o)
    0x00000844   0x00000844   0x00000070   Code   RO         1764    .text               mc_p.l(strtol.o)
    0x000008b4   0x000008b4   0x00000000   Code   RO         1766    .text               mc_p.l(iusefp.o)
    0x000008b4   0x000008b4   0x00000082   Code   RO         1767    .text               mf_p.l(fepilogue.o)
    0x00000936   0x00000936   0x000000be   Code   RO         1769    .text               mf_p.l(depilogue.o)
    0x000009f4   0x000009f4   0x000000d0   Code   RO         1773    .text               mf_p.l(dmul.o)
    0x00000ac4   0x00000ac4   0x00000040   Code   RO         1775    .text               mf_p.l(dfixul.o)
    0x00000b04   0x00000b04   0x00000028   Code   RO         1777    .text               mf_p.l(cdrcmple.o)
    0x00000b2c   0x00000b2c   0x00000030   Code   RO         1779    .text               mc_p.l(init.o)
    0x00000b5c   0x00000b5c   0x00000022   Code   RO         1781    .text               mc_p.l(llushr.o)
    0x00000b7e   0x00000b7e   0x00000002   PAD
    0x00000b80   0x00000b80   0x00000008   Code   RO         1785    .text               mc_p.l(ctype_o.o)
    0x00000b88   0x00000b88   0x00000012   Code   RO         1807    .text               mc_p.l(isspace_o.o)
    0x00000b9a   0x00000b9a   0x00000002   PAD
    0x00000b9c   0x00000b9c   0x00000374   Code   RO         1813    .text               mc_p.l(scanf_fp.o)
    0x00000f10   0x00000f10   0x00000044   Code   RO         1817    .text               mc_p.l(_sgetc.o)
    0x00000f54   0x00000f54   0x000000a6   Code   RO         1819    .text               mc_p.l(_strtoul.o)
    0x00000ffa   0x00000ffa   0x00000030   Code   RO         1821    .text               mc_p.l(llmul.o)
    0x0000102a   0x0000102a   0x0000001e   Code   RO         1826    .text               mc_p.l(_chval.o)
    0x00001048   0x00001048   0x0000001c   Code   RO         1828    .text               mf_p.l(dfltul.o)
    0x00001064   0x00001064   0x00000060   Code   RO         1838    .text               mc_p.l(__dclz77c.o)
    0x000010c4   0x000010c4   0x0000017c   Code   RO          631    .text.AFIO_GPxConfig  ht32f5xxxx_gpio.o
    0x00001240   0x00001240   0x0000004c   Code   RO            2    .text.BFTM0_IRQHandler  ht32f5xxxx_01_it.o
    0x0000128c   0x0000128c   0x0000000e   Code   RO          443    .text.BFTM_ClearFlag  ht32f5xxxx_bftm.o
    0x0000129a   0x0000129a   0x00000012   Code   RO          427    .text.BFTM_EnaCmd   ht32f5xxxx_bftm.o
    0x000012ac   0x000012ac   0x00000008   Code   RO          441    .text.BFTM_GetFlagStatus  ht32f5xxxx_bftm.o
    0x000012b4   0x000012b4   0x00000010   Code   RO          439    .text.BFTM_IntConfig  ht32f5xxxx_bftm.o
    0x000012c4   0x000012c4   0x00000004   Code   RO          429    .text.BFTM_SetCompare  ht32f5xxxx_bftm.o
    0x000012c8   0x000012c8   0x00000004   Code   RO          433    .text.BFTM_SetCounter  ht32f5xxxx_bftm.o
    0x000012cc   0x000012cc   0x0000009c   Code   RO          483    .text.CKCU_GetPeripFrequency  ht32f5xxxx_ckcu.o
    0x00001368   0x00001368   0x00000038   Code   RO          509    .text.CKCU_PeripClockConfig  ht32f5xxxx_ckcu.o
    0x000013a0   0x000013a0   0x00000054   Code   RO          255    .text.HT32F_DVB_COMInit  ht32_board.o
    0x000013f4   0x000013f4   0x00000010   Code   RO         1002    .text.I2C_AckCmd    ht32f5xxxx_i2c.o
    0x00001404   0x00001404   0x0000000a   Code   RO         1016    .text.I2C_CheckStatus  ht32f5xxxx_i2c.o
    0x0000140e   0x0000140e   0x00000004   Code   RO         1018    .text.I2C_ClearFlag  ht32f5xxxx_i2c.o
    0x00001412   0x00001412   0x00000012   Code   RO          994    .text.I2C_Cmd       ht32f5xxxx_i2c.o
    0x00001424   0x00001424   0x0000000a   Code   RO          996    .text.I2C_GenerateSTOP  ht32f5xxxx_i2c.o
    0x0000142e   0x0000142e   0x00000002   PAD
    0x00001430   0x00001430   0x000000a0   Code   RO          990    .text.I2C_Init      ht32f5xxxx_i2c.o
    0x000014d0   0x000014d0   0x00000016   Code   RO         1012    .text.I2C_ReadRegister  ht32f5xxxx_i2c.o
    0x000014e6   0x000014e6   0x00000006   Code   RO         1010    .text.I2C_ReceiveData  ht32f5xxxx_i2c.o
    0x000014ec   0x000014ec   0x00000004   Code   RO         1008    .text.I2C_SendData  ht32f5xxxx_i2c.o
    0x000014f0   0x000014f0   0x00000026   Code   RO         1006    .text.I2C_TargetAddressConfig  ht32f5xxxx_i2c.o
    0x00001516   0x00001516   0x00000020   Code   RO          212    .text.RETARGET_Configuration  ht32_retarget.o
    0x00001536   0x00001536   0x00000002   PAD
    0x00001538   0x00001538   0x00000018   Code   RO          401    .text.SYSTICK_ClockSourceConfig  ht32_cm0plus_misc.o
    0x00001550   0x00001550   0x00000028   Code   RO          403    .text.SYSTICK_CounterCmd  ht32_cm0plus_misc.o
    0x00001578   0x00001578   0x00000018   Code   RO          405    .text.SYSTICK_IntConfig  ht32_cm0plus_misc.o
    0x00001590   0x00001590   0x0000000c   Code   RO          407    .text.SYSTICK_SetReloadValue  ht32_cm0plus_misc.o
    0x0000159c   0x0000159c   0x000001c0   Code   RO          191    .text.SystemInit    system_ht32f5xxxx_01.o
    0x0000175c   0x0000175c   0x00000088   Code   RO            4    .text.USART0_IRQHandler  ht32f5xxxx_01_it.o
    0x000017e4   0x000017e4   0x00000070   Code   RO            6    .text.USART1_IRQHandler  ht32f5xxxx_01_it.o
    0x00001854   0x00001854   0x0000000a   Code   RO          876    .text.USART_GetFlagStatus  ht32f5xxxx_usart.o
    0x0000185e   0x0000185e   0x00000002   PAD
    0x00001860   0x00001860   0x00000070   Code   RO          868    .text.USART_Init    ht32f5xxxx_usart.o
    0x000018d0   0x000018d0   0x00000014   Code   RO          882    .text.USART_IntConfig  ht32f5xxxx_usart.o
    0x000018e4   0x000018e4   0x00000006   Code   RO          874    .text.USART_ReceiveData  ht32f5xxxx_usart.o
    0x000018ea   0x000018ea   0x00000004   Code   RO          872    .text.USART_SendData  ht32f5xxxx_usart.o
    0x000018ee   0x000018ee   0x00000018   Code   RO          884    .text.USART_TxRxCmd  ht32f5xxxx_usart.o
    0x00001906   0x00001906   0x00000008   Code   RO           50    .text.am2320_Configuration  am2320.o
    0x0000190e   0x0000190e   0x00000002   PAD
    0x00001910   0x00001910   0x00000068   Code   RO           56    .text.am2320_GetTemperatureHumidity  am2320.o
    0x00001978   0x00001978   0x00000144   Code   RO           54    .text.am2320_ReadData  am2320.o
    0x00001abc   0x00001abc   0x00000064   Code   RO           66    .text.bftm_Configuration  bftm.o
    0x00001b20   0x00001b20   0x00000018   Code   RO           77    .text.delay_ms      delay.o
    0x00001b38   0x00001b38   0x00000022   Code   RO           79    .text.delay_s       delay.o
    0x00001b5a   0x00001b5a   0x00000002   PAD
    0x00001b5c   0x00001b5c   0x00000124   Code   RO           75    .text.delay_us      delay.o
    0x00001c80   0x00001c80   0x00000008   Code   RO          129    .text.ht24lc64_Configuration  ht24lc64.o
    0x00001c88   0x00001c88   0x00000058   Code   RO           89    .text.i2c_Configuration  i2c.o
    0x00001ce0   0x00001ce0   0x00000114   Code   RO           24    .text.main          main.o
    0x00001df4   0x00001df4   0x00000008   Code   RO           98    .text.rylr896_Configuration  rylr896.o
    0x00001dfc   0x00001dfc   0x000000d4   Code   RO          102    .text.rylr896_Receive  rylr896.o
    0x00001ed0   0x00001ed0   0x0000007c   Code   RO          100    .text.rylr896_Send  rylr896.o
    0x00001f4c   0x00001f4c   0x0000005c   Code   RO          151    .text.sim7600x_BeeBoxSend  sim7600x.o
    0x00001fa8   0x00001fa8   0x00000008   Code   RO          145    .text.sim7600x_Configuration  sim7600x.o
    0x00001fb0   0x00001fb0   0x00000144   Code   RO          157    .text.sim7600x_GetGPS  sim7600x.o
    0x000020f4   0x000020f4   0x00000060   Code   RO          153    .text.sim7600x_RcvSend  sim7600x.o
    0x00002154   0x00002154   0x00000174   Code   RO          155    .text.sim7600x_Receive  sim7600x.o
    0x000022c8   0x000022c8   0x000000ac   Code   RO          147    .text.sim7600x_UpdateBoxData  sim7600x.o
    0x00002374   0x00002374   0x000000a8   Code   RO          149    .text.sim7600x_UpdateRcvData  sim7600x.o
    0x0000241c   0x0000241c   0x000000d0   Code   RO          115    .text.usart_Configuration  usart.o
    0x000024ec   0x000024ec   0x0000003c   Code   RO          119    .text.usart_SendStr  usart.o
    0x00002528   0x00002528   0x00000028   Code   RO         1678    i.__0sprintf        mc_p.l(printfa.o)
    0x00002550   0x00002550   0x0000002e   Code   RO         1771    i.__ARM_clz         mf_p.l(depilogue.o)
    0x0000257e   0x0000257e   0x00000002   PAD
    0x00002580   0x00002580   0x00000008   Code   RO         1755    i.__aeabi_errno_addr  mc_p.l(errno.o)
    0x00002588   0x00002588   0x0000000c   Code   RO         1756    i.__read_errno      mc_p.l(errno.o)
    0x00002594   0x00002594   0x0000000e   Code   RO         1832    i.__scatterload_copy  mc_p.l(handlers.o)
    0x000025a2   0x000025a2   0x00000002   Code   RO         1833    i.__scatterload_null  mc_p.l(handlers.o)
    0x000025a4   0x000025a4   0x0000000e   Code   RO         1834    i.__scatterload_zeroinit  mc_p.l(handlers.o)
    0x000025b2   0x000025b2   0x00000002   PAD
    0x000025b4   0x000025b4   0x0000000c   Code   RO         1757    i.__set_errno       mc_p.l(errno.o)
    0x000025c0   0x000025c0   0x00000174   Code   RO         1683    i._fp_digits        mc_p.l(printfa.o)
    0x00002734   0x00002734   0x0000000e   Code   RO         1815    i._is_digit         mc_p.l(scanf_fp.o)
    0x00002742   0x00002742   0x00000002   PAD
    0x00002744   0x00002744   0x000006ec   Code   RO         1684    i._printf_core      mc_p.l(printfa.o)
    0x00002e30   0x00002e30   0x00000020   Code   RO         1685    i._printf_post_padding  mc_p.l(printfa.o)
    0x00002e50   0x00002e50   0x0000002c   Code   RO         1686    i._printf_pre_padding  mc_p.l(printfa.o)
    0x00002e7c   0x00002e7c   0x0000000a   Code   RO         1688    i._sputc            mc_p.l(printfa.o)
    0x00002e86   0x00002e86   0x0000002c   Code   RO         1415    i.atof              m_ps.l(atof.o)
    0x00002eb2   0x00002eb2   0x00000081   Data   RO         1786    .constdata          mc_p.l(ctype_o.o)
    0x00002f33   0x00002f33   0x00000001   PAD
    0x00002f34   0x00002f34   0x00000004   Data   RO         1787    .constdata          mc_p.l(ctype_o.o)
    0x00002f38   0x00002f38   0x00000002   Data   RO          106    .rodata.str1.1      rylr896.o
    0x00002f3a   0x00002f3a   0x00000072   Data   RO          176    .rodata.str1.1      sim7600x.o
    0x00002fac   0x00002fac   0x00000020   Data   RO         1831    Region$$Table       anon$$obj.o


    Execution Region ER_RW (Exec base: 0x20000000, Load base: 0x00002fcc, Size: 0x000001b0, Max: 0xffffffff, ABSOLUTE, COMPRESSED[0x000000f0])

    Exec Addr    Load Addr    Size         Type   Attr      Idx    E Section Name        Object

    0x20000000   COMPRESSED   0x00000004   Data   RW         1438    .data               mc_p.l(strtok.o)
    0x20000004   COMPRESSED   0x00000004   Data   RW         1758    .data               mc_p.l(errno.o)
    0x20000008   COMPRESSED   0x0000000e   Data   RW          174    .data.EnableGPS     sim7600x.o
    0x20000016   COMPRESSED   0x0000000f   Data   RW          173    .data.FeedResponse  sim7600x.o
    0x20000025   COMPRESSED   0x0000000e   Data   RW          175    .data.GetGPSInfo    sim7600x.o
    0x20000033   COMPRESSED   0x00000012   Data   RW          171    .data.GetMethod     sim7600x.o
    0x20000045   COMPRESSED   0x00000012   Data   RW          170    .data.PostMethod    sim7600x.o
    0x20000057   COMPRESSED   0x00000013   Data   RW          172    .data.ReadData      sim7600x.o
    0x2000006a   COMPRESSED   0x0000003b   Data   RW          164    .data.SetBoxURL     sim7600x.o
    0x200000a5   COMPRESSED   0x0000003c   Data   RW          169    .data.SetConType    sim7600x.o
    0x200000e1   COMPRESSED   0x0000003d   Data   RW          166    .data.SetFeedURL    sim7600x.o
    0x2000011e   COMPRESSED   0x00000037   Data   RW          165    .data.SetRcvURL     sim7600x.o
    0x20000155   COMPRESSED   0x00000043   Data   RW          167    .data.SetResponseURL  sim7600x.o
    0x20000198   COMPRESSED   0x0000000e   Data   RW          162    .data.StartHTTP     sim7600x.o
    0x200001a6   COMPRESSED   0x00000002   PAD
    0x200001a8   COMPRESSED   0x00000004   Data   RW          195    .data.SystemCoreClock  system_ht32f5xxxx_01.o
    0x200001ac   COMPRESSED   0x00000002   Data   RW           29    .data.gBoxID        main.o


    Execution Region ER_ZI (Exec base: 0x200001b0, Load base: 0x000030bc, Size: 0x00000678, Max: 0xffffffff, ABSOLUTE)

    Exec Addr    Load Addr    Size         Type   Attr      Idx    E Section Name        Object

    0x200001b0        -       0x00000008   Zero   RW           35    .bss.RcvData        main.o
    0x200001b8        -       0x00000080   Zero   RW          178    .bss.SetSizeTimeOut  sim7600x.o
    0x20000238        -       0x00000080   Zero   RW          177    .bss.TxData         sim7600x.o
    0x200002b8        -       0x00000001   Zero   RW           10    .bss.USART0_IRQHandler.index  ht32f5xxxx_01_it.o
    0x200002b9   0x000030bc   0x00000003   PAD
    0x200002bc        -       0x00000080   Zero   RW            9    .bss.USART0_IRQHandler.tempData  ht32f5xxxx_01_it.o
    0x2000033c        -       0x00000001   Zero   RW           12    .bss.USART1_IRQHandler.index  ht32f5xxxx_01_it.o
    0x2000033d   0x000030bc   0x00000003   PAD
    0x20000340        -       0x00000080   Zero   RW           11    .bss.USART1_IRQHandler.tempData  ht32f5xxxx_01_it.o
    0x200003c0        -       0x00000001   Zero   RW           33    .bss.boxMainLoop.index  main.o
    0x200003c1   0x000030bc   0x00000003   PAD
    0x200003c4        -       0x00000004   Zero   RW          179    .bss.decimalLatitude  sim7600x.o
    0x200003c8        -       0x00000004   Zero   RW          180    .bss.decimalLongitude  sim7600x.o
    0x200003cc        -       0x00000018   Zero   RW           34    .bss.gBoxData       main.o
    0x200003e4        -       0x00000004   Zero   RW           30    .bss.gBoxReady      main.o
    0x200003e8        -       0x00000004   Zero   RW           32    .bss.gCurrentTime   main.o
    0x200003ec        -       0x00000004   Zero   RW           31    .bss.gEEPROMReady   main.o
    0x200003f0        -       0x00000001   Zero   RW           36    .bss.gFeedRequire   main.o
    0x200003f1   0x000030bc   0x00000003   PAD
    0x200003f4        -       0x00000004   Zero   RW           39    .bss.gFeedWeight    main.o
    0x200003f8        -       0x00000001   Zero   RW           26    .bss.gMainIndex     main.o
    0x200003f9        -       0x00000080   Zero   RW           37    .bss.gUsart0RxData  main.o
    0x20000479   0x000030bc   0x00000003   PAD
    0x2000047c        -       0x00000004   Zero   RW           27    .bss.gUsart0RxReady  main.o
    0x20000480        -       0x00000080   Zero   RW           38    .bss.gUsart1RxData  main.o
    0x20000500        -       0x00000004   Zero   RW           28    .bss.gUsart1RxReady  main.o
    0x20000504        -       0x00000010   Zero   RW          181    .bss.gpsLatitude    sim7600x.o
    0x20000514        -       0x00000010   Zero   RW          182    .bss.gpsLongitude   sim7600x.o
    0x20000524        -       0x00000080   Zero   RW          105    .bss.rylr896_Send.data  rylr896.o
    0x200005a4        -       0x00000080   Zero   RW          104    .bss.rylr896_Send.usart1TxData  rylr896.o
    0x20000624        -       0x00000004   Zero   RW            8    .bss.timeOffset     ht32f5xxxx_01_it.o
    0x20000628        -       0x00000200   Zero   RW          203    STACK               startup_ht32f5xxxx_01.o


==============================================================================

Image component sizes


      Code (inc. data)   RO Data    RW Data    ZI Data      Debug   Object Name

       436         12          0          0          0       2354   am2320.o
       100         12          0          0          0       3914   bftm.o
       350         12          0          0          0       1863   delay.o
         8          0          0          0          0       3431   ht24lc64.o
        84          4          0          0          0      12169   ht32_board.o
       100          8          0          0          0       4356   ht32_cm0plus_misc.o
        32          0          0          0          0       2297   ht32_retarget.o
       324         84          0          0        262       1800   ht32f5xxxx_01_it.o
        64          0          0          0          0       3875   ht32f5xxxx_bftm.o
       212         24          0          0          0      16179   ht32f5xxxx_ckcu.o
       380          4          0          0          0      13205   ht32f5xxxx_gpio.o
       288          8          0          0          0       8737   ht32f5xxxx_i2c.o
       176         20          0          0          0       9939   ht32f5xxxx_usart.o
        88         12          0          0          0       3209   i2c.o
       276         40          0          2        315       2564   main.o
       344         68          2          0        256       2062   rylr896.o
      1232        220        114        414        296       4320   sim7600x.o
       356        238          0          0        512        724   startup_ht32f5xxxx_01.o
       448         20          0          4          0       3068   system_ht32f5xxxx_01.o
       268         16          0          0          0       5957   usart.o

    ----------------------------------------------------------------------
      5576        802        148        424       1656     106023   Object Totals
         0          0         32          0          0          0   (incl. Generated)
        10          0          0          4         15          0   (incl. Padding)

    ----------------------------------------------------------------------

      Code (inc. data)   RO Data    RW Data    ZI Data      Debug   Library Member Name

        44          0          0          0          0         76   atof.o
        96          0          0          0          0          0   __dclz77c.o
        30          0          0          0          0         60   _chval.o
        68          0          0          0          0         76   _sgetc.o
       166          0          0          0          0         84   _strtoul.o
        26          0          0          0          0         72   atoi.o
         8          4        133          0          0         60   ctype_o.o
         0          0          0          0          0          0   entry.o
         0          0          0          0          0          0   entry10a.o
         0          0          0          0          0          0   entry11a.o
         8          4          0          0          0          0   entry2.o
         4          0          0          0          0          0   entry5.o
         0          0          0          0          0          0   entry7b.o
         0          0          0          0          0          0   entry8b.o
         8          4          0          0          0          0   entry9a.o
        32         16          0          4          0        180   errno.o
        30          0          0          0          0          0   handlers.o
        48         10          0          0          0         68   init.o
        18          0          0          0          0         68   isspace_o.o
         0          0          0          0          0          0   iusefp.o
        48          0          0          0          0         72   llmul.o
        32          0          0          0          0         68   llshl.o
        38          0          0          0          0         68   llsshr.o
        34          0          0          0          0         68   llushr.o
        26          0          0          0          0         72   memcmp.o
        36          0          0          0          0        100   memseta.o
      2270         94          0          0          0        472   printfa.o
       898         14          0          0          0        184   scanf_fp.o
        28          0          0          0          0         68   strcmp.o
        18          0          0          0          0         60   strcpy.o
        14          0          0          0          0         60   strlen.o
       180         18          0          0          0        120   strtod.o
        72          4          0          4          0         72   strtok.o
       112          4          0          0          0         76   strtol.o
        62          0          0          0          0         72   uidiv_div0.o
        96          0          0          0          0         84   uldiv.o
        40          2          0          0          0         68   cdrcmple.o
        56          0          0          0          0         68   d2f.o
       356          4          0          0          0        140   dadd.o
       240          6          0          0          0         84   ddiv.o
       236          0          0          0          0        216   depilogue.o
        64         10          0          0          0         68   dfixul.o
        40          6          0          0          0         68   dflti.o
        28          6          0          0          0         68   dfltul.o
       208          6          0          0          0         88   dmul.o
        40          0          0          0          0         60   f2d.o
       178          0          0          0          0        108   fadd.o
       124          0          0          0          0         72   fdiv.o
       130          0          0          0          0        144   fepilogue.o
        50          0          0          0          0         60   ffixi.o
        22          0          0          0          0         68   fflti.o

    ----------------------------------------------------------------------
      6378        212        134          8          0       3840   Library Totals
        16          0          1          0          0          0   (incl. Padding)

    ----------------------------------------------------------------------

      Code (inc. data)   RO Data    RW Data    ZI Data      Debug   Library Name

        44          0          0          0          0         76   m_ps.l
      4506        172        133          8          0       2384   mc_p.l
      1812         40          0          0          0       1380   mf_p.l

    ----------------------------------------------------------------------
      6378        212        134          8          0       3840   Library Totals

    ----------------------------------------------------------------------

==============================================================================


      Code (inc. data)   RO Data    RW Data    ZI Data      Debug   

     11954       1014        282        432       1656     107739   Grand Totals
     11954       1014        282        240       1656     107739   ELF Image Totals (compressed)
     11954       1014        282        240          0          0   ROM Totals

==============================================================================

    Total RO  Size (Code + RO Data)                12236 (  11.95kB)
    Total RW  Size (RW Data + ZI Data)              2088 (   2.04kB)
    Total ROM Size (Code + RO Data + RW Data)      12476 (  12.18kB)

==============================================================================

