<html>
<body>
<pre>
<h1>猩ision Build Log</h1>
<h2>Tool Versions:</h2>
IDE-Version: μVision V5.39.0.0
Copyright (C) 2023 ARM Ltd and ARM Germany GmbH. All rights reserved.
License Information: chien kuo jun, national formosa university, LIC=----
 
Tool Versions:
Toolchain:       MDK-Lite  Version: 5.39.0.0
Toolchain Path:  C:\Keil_v5\ARM\ARMCLANG\Bin
C Compiler:      ArmClang.exe V6.21
Assembler:       Armasm.exe V6.21
Linker/Locator:  ArmLink.exe V6.21
Library Manager: ArmAr.exe V6.21
Hex Converter:   FromElf.exe V6.21
CPU DLL:         SARMCM3.DLL V5.39.0.0
Dialog DLL:      DARMCM1.DLL V1.19.6.0
Target DLL:      CMSIS_AGDI.dll V1.33.16.0
Dialog DLL:      TARMCM1.DLL V1.14.6.0
 
<h2>Project:</h2>
d:\Project\比賽用\BeeHive_Project\project\MDK_ARMv5\project.uvprojx
Project File Date:  12/16/2024

<h2>Output:</h2>
*** Using Compiler 'V6.21', folder: 'C:\Keil_v5\ARM\ARMCLANG\Bin'
Rebuild target 'HT32'
compiling main.c...
compiling bftm.c...
compiling delay.c...
compiling fsr400.c...
compiling am2320.c...
compiling i2c.c...
compiling ht32f5xxxx_01_it.c...
compiling led.c...
compiling jgb37.c...
compiling rylr896.c...
compiling hx711.c...
compiling usart.c...
assembling ht32_op.s...
compiling twowire.c...
compiling system_ht32f5xxxx_01.c...
compiling ht32_retarget.c...
assembling startup_ht32f5xxxx_01.s...
compiling ht32_serial.c...
compiling ht32_board.c...
compiling i2c_eeprom.c...
compiling spi_flash.c...
compiling ht32_cm0plus_misc.c...
compiling ht32f5xxxx_exti.c...
compiling ht32f5xxxx_bftm.c...
compiling ht32f5xxxx_ckcu.c...
compiling ebi_lcd.c...
compiling ht32f5xxxx_flash.c...
compiling ht32f5xxxx_rstcu.c...
compiling ht32f5xxxx_wdt.c...
compiling ht32f5xxxx_pwrcu.c...
compiling ht32f5xxxx_gpio.c...
compiling ht32f5xxxx_usart.c...
compiling ht32f5xxxx_rtc.c...
compiling ht32f5xxxx_i2c.c...
compiling ht32f5xxxx_spi.c...
compiling ht32f5xxxx_crc.c...
compiling ht32f5xxxx_adc.c...
compiling ht32f5xxxx_tm.c...
compiling ht32f5xxxx_mctm.c...
compiling ht32f5xxxx_sci.c...
compiling ht32f5xxxx_pdma.c...
compiling ht32f5xxxx_ebi.c...
compiling ht32f5xxxx_cmp.c...
compiling ht32f5xxxx_i2s.c...
compiling ht32f5xxxx_usbd.c...
linking...
Program Size: Code=10190 RO-data=170 RW-data=28 ZI-data=808  
FromELF: creating hex file...
After Build - User command #1: fromelf --bin -o "d:\Project\比賽用\BeeHive_Project\project\MDK_ARMv5\HT32\52352\HT32.axf.bin" "d:\Project\比賽用\BeeHive_Project\project\MDK_ARMv5\HT32\52352\HT32.axf"
".\HT32\52352\HT32.axf" - 0 Error(s), 0 Warning(s).

<h2>Software Packages used:</h2>

Package Vendor: Holtek
                https://mcu.holtek.com.tw/pack/Holtek.HT32_DFP.1.0.53.pack
                Holtek::HT32_DFP@1.0.53
                Holtek HT32 Family Support

<h2>Collection of Component include folders:</h2>
  C:/Users/Jian/AppData/Local/Arm/Packs/Holtek/HT32_DFP/1.0.53/ARM/INC/Holtek/HT32F5xxxx

<h2>Collection of Component Files used:</h2>
Build Time Elapsed:  00:00:08
</pre>
</body>
</html>
