Component: Arm Compiler for Embedded 6.21 Tool: armlink [5ec1fa00]

==============================================================================

Section Cross References

    ht32f5xxxx_01_it.o(.text.BFTM0_IRQHandler) refers to ht32f5xxxx_bftm.o(.text.BFTM_GetFlagStatus) for BFTM_GetFlagStatus
    ht32f5xxxx_01_it.o(.text.BFTM0_IRQHandler) refers to ht32f5xxxx_bftm.o(.text.BFTM_ClearFlag) for BFTM_ClearFlag
    ht32f5xxxx_01_it.o(.text.BFTM0_IRQHandler) refers to ht32f5xxxx_01_it.o(.bss.timeOffset0) for timeOffset0
    ht32f5xxxx_01_it.o(.ARM.exidx.text.BFTM0_IRQHandler) refers to ht32f5xxxx_01_it.o(.text.BFTM0_IRQHandler) for [Anonymous Symbol]
    ht32f5xxxx_01_it.o(.text.ADC_IRQHandler) refers to ht32f5xxxx_adc.o(.text.ADC_ClearIntPendingBit) for ADC_ClearIntPendingBit
    ht32f5xxxx_01_it.o(.text.ADC_IRQHandler) refers to ht32f5xxxx_adc.o(.text.ADC_GetFlagStatus) for ADC_GetFlagStatus
    ht32f5xxxx_01_it.o(.text.ADC_IRQHandler) refers to main.o(.bss.gAdcValue) for gAdcValue
    ht32f5xxxx_01_it.o(.text.ADC_IRQHandler) refers to main.o(.bss.gAdcReady) for gAdcReady
    ht32f5xxxx_01_it.o(.ARM.exidx.text.ADC_IRQHandler) refers to ht32f5xxxx_01_it.o(.text.ADC_IRQHandler) for [Anonymous Symbol]
    ht32f5xxxx_01_it.o(.text.USART1_IRQHandler) refers to ht32f5xxxx_usart.o(.text.USART_GetFlagStatus) for USART_GetFlagStatus
    ht32f5xxxx_01_it.o(.text.USART1_IRQHandler) refers to ht32f5xxxx_usart.o(.text.USART_ReceiveData) for USART_ReceiveData
    ht32f5xxxx_01_it.o(.text.USART1_IRQHandler) refers to strncmp.o(.text) for strncmp
    ht32f5xxxx_01_it.o(.text.USART1_IRQHandler) refers to ht32f5xxxx_01_it.o(.bss.USART1_IRQHandler.rxIndex) for [Anonymous Symbol]
    ht32f5xxxx_01_it.o(.text.USART1_IRQHandler) refers to main.o(.bss.gUsart1RxData) for gUsart1RxData
    ht32f5xxxx_01_it.o(.text.USART1_IRQHandler) refers to main.o(.bss.gUsart1RxReady) for gUsart1RxReady
    ht32f5xxxx_01_it.o(.ARM.exidx.text.USART1_IRQHandler) refers to ht32f5xxxx_01_it.o(.text.USART1_IRQHandler) for [Anonymous Symbol]
    main.o(.text.hx711Loop) refers to hx711.o(.text.hx711_0_GetWeight) for hx711_0_GetWeight
    main.o(.text.hx711Loop) refers to hx711.o(.text.hx711_1_GetWeight) for hx711_1_GetWeight
    main.o(.ARM.exidx.text.hx711Loop) refers to main.o(.text.hx711Loop) for [Anonymous Symbol]
    main.o(.text.main) refers to ht32_retarget.o(.text.RETARGET_Configuration) for RETARGET_Configuration
    main.o(.text.main) refers to bftm.o(.text.bftm_Configuration) for bftm_Configuration
    main.o(.text.main) refers to rylr896.o(.text.rylr896_Configuration) for rylr896_Configuration
    main.o(.text.main) refers to am2320.o(.text.am2320_Configuration) for am2320_Configuration
    main.o(.text.main) refers to hx711.o(.text.hx711_Configuration) for hx711_Configuration
    main.o(.text.main) refers to fsr400.o(.text.adc_Configuration) for adc_Configuration
    main.o(.text.main) refers to jgb37.o(.text.jgb37_Configuration) for jgb37_Configuration
    main.o(.text.main) refers to jgb37.o(.text.jgb37_Stop) for jgb37_Stop
    main.o(.text.main) refers to delay.o(.text.delay_ms) for delay_ms
    main.o(.text.main) refers to rylr896.o(.text.rylr896_Receive) for rylr896_Receive
    main.o(.text.main) refers to hx711.o(.text.hx711_0_GetWeight) for hx711_0_GetWeight
    main.o(.text.main) refers to hx711.o(.text.hx711_1_GetWeight) for hx711_1_GetWeight
    main.o(.text.main) refers to am2320.o(.text.am2320_GetTemperatureHumidity) for am2320_GetTemperatureHumidity
    main.o(.text.main) refers to fflti.o(.text) for __aeabi_i2f
    main.o(.text.main) refers to fsr400.o(.text.adc_To_Pressure) for adc_To_Pressure
    main.o(.text.main) refers to ffixi.o(.text) for __aeabi_f2iz
    main.o(.text.main) refers to rylr896.o(.text.rylr896_UpdateData) for rylr896_UpdateData
    main.o(.text.main) refers to rylr896.o(.text.rylr896_Send) for rylr896_Send
    main.o(.text.main) refers to jgb37.o(.text.jgb37_Start) for jgb37_Start
    main.o(.text.main) refers to main.o(.bss.gResponseReady) for gResponseReady
    main.o(.text.main) refers to main.o(.bss.gAdcValue) for gAdcValue
    main.o(.text.main) refers to main.o(.bss.gFeedReady) for gFeedReady
    main.o(.text.main) refers to main.o(.bss.gFeedWeight) for gFeedWeight
    main.o(.ARM.exidx.text.main) refers to main.o(.text.main) for [Anonymous Symbol]
    am2320.o(.text.am2320_Configuration) refers to i2c.o(.text.i2c_Configuration) for i2c_Configuration
    am2320.o(.ARM.exidx.text.am2320_Configuration) refers to am2320.o(.text.am2320_Configuration) for [Anonymous Symbol]
    am2320.o(.text.am2320_Wake) refers to ht32f5xxxx_i2c.o(.text.I2C_TargetAddressConfig) for I2C_TargetAddressConfig
    am2320.o(.text.am2320_Wake) refers to ht32f5xxxx_i2c.o(.text.I2C_CheckStatus) for I2C_CheckStatus
    am2320.o(.text.am2320_Wake) refers to delay.o(.text.delay_us) for delay_us
    am2320.o(.text.am2320_Wake) refers to ht32f5xxxx_i2c.o(.text.I2C_GenerateSTOP) for I2C_GenerateSTOP
[...]
    Removing ht32f5xxxx_usbd.o(.ARM.exidx.text.USBD_EPTWriteINData), (8 bytes).
    Removing ht32f5xxxx_usbd.o(.text._USBD_CopyMemory), (706 bytes).
    Removing ht32f5xxxx_usbd.o(.ARM.exidx.text._USBD_CopyMemory), (8 bytes).
    Removing ht32f5xxxx_usbd.o(.text.USBD_EPTReadOUTData), (116 bytes).
    Removing ht32f5xxxx_usbd.o(.ARM.exidx.text.USBD_EPTReadOUTData), (8 bytes).
    Removing ht32f5xxxx_usbd.o(.text.USBD_EPTReadMemory), (100 bytes).
    Removing ht32f5xxxx_usbd.o(.ARM.exidx.text.USBD_EPTReadMemory), (8 bytes).
    Removing ht32f5xxxx_usbd.o(.bss.gIsFirstPowered), (1 bytes).
    Removing ht32f5xxxx_pdma.o(.text), (0 bytes).
    Removing ht32f5xxxx_pdma.o(.text.PDMA_DeInit), (16 bytes).
    Removing ht32f5xxxx_pdma.o(.ARM.exidx.text.PDMA_DeInit), (8 bytes).
    Removing ht32f5xxxx_pdma.o(.text.PDMA_Config), (48 bytes).
    Removing ht32f5xxxx_pdma.o(.ARM.exidx.text.PDMA_Config), (8 bytes).
    Removing ht32f5xxxx_pdma.o(.text.PDMA_AddrConfig), (20 bytes).
    Removing ht32f5xxxx_pdma.o(.ARM.exidx.text.PDMA_AddrConfig), (8 bytes).
    Removing ht32f5xxxx_pdma.o(.text.PDMA_SrcAddrConfig), (16 bytes).
    Removing ht32f5xxxx_pdma.o(.ARM.exidx.text.PDMA_SrcAddrConfig), (8 bytes).
    Removing ht32f5xxxx_pdma.o(.text.PDMA_DstAddrConfig), (16 bytes).
    Removing ht32f5xxxx_pdma.o(.ARM.exidx.text.PDMA_DstAddrConfig), (8 bytes).
    Removing ht32f5xxxx_pdma.o(.text.PDMA_TranSizeConfig), (20 bytes).
    Removing ht32f5xxxx_pdma.o(.ARM.exidx.text.PDMA_TranSizeConfig), (8 bytes).
    Removing ht32f5xxxx_pdma.o(.text.PDMA_IntConfig), (52 bytes).
    Removing ht32f5xxxx_pdma.o(.ARM.exidx.text.PDMA_IntConfig), (8 bytes).
    Removing ht32f5xxxx_pdma.o(.text.PDMA_EnaCmd), (28 bytes).
    Removing ht32f5xxxx_pdma.o(.ARM.exidx.text.PDMA_EnaCmd), (8 bytes).
    Removing ht32f5xxxx_pdma.o(.text.PDMA_SwTrigCmd), (32 bytes).
    Removing ht32f5xxxx_pdma.o(.ARM.exidx.text.PDMA_SwTrigCmd), (8 bytes).
    Removing ht32f5xxxx_pdma.o(.text.PDMA_GetFlagStatus), (24 bytes).
    Removing ht32f5xxxx_pdma.o(.ARM.exidx.text.PDMA_GetFlagStatus), (8 bytes).
    Removing ht32f5xxxx_pdma.o(.text.PDMA_ClearFlag), (20 bytes).
    Removing ht32f5xxxx_pdma.o(.ARM.exidx.text.PDMA_ClearFlag), (8 bytes).
    Removing ht32f5xxxx_pdma.o(.text.PDMA_GetRemainBlkCnt), (16 bytes).
    Removing ht32f5xxxx_pdma.o(.ARM.exidx.text.PDMA_GetRemainBlkCnt), (8 bytes).
    Removing ht32f5xxxx_cmp.o(.text), (0 bytes).
    Removing ht32f5xxxx_cmp.o(.text.CMP_DeInit), (16 bytes).
    Removing ht32f5xxxx_cmp.o(.ARM.exidx.text.CMP_DeInit), (8 bytes).
    Removing ht32f5xxxx_cmp.o(.text.CMP_UnprotectConfig), (12 bytes).
    Removing ht32f5xxxx_cmp.o(.ARM.exidx.text.CMP_UnprotectConfig), (8 bytes).
    Removing ht32f5xxxx_cmp.o(.text.CMP_Init), (60 bytes).
    Removing ht32f5xxxx_cmp.o(.ARM.exidx.text.CMP_Init), (8 bytes).
    Removing ht32f5xxxx_cmp.o(.text.CMP_StructInit), (10 bytes).
    Removing ht32f5xxxx_cmp.o(.ARM.exidx.text.CMP_StructInit), (8 bytes).
    Removing ht32f5xxxx_cmp.o(.text.CMP_Cmd), (16 bytes).
    Removing ht32f5xxxx_cmp.o(.ARM.exidx.text.CMP_Cmd), (8 bytes).
    Removing ht32f5xxxx_cmp.o(.text.CMP_IntConfig), (20 bytes).
    Removing ht32f5xxxx_cmp.o(.ARM.exidx.text.CMP_IntConfig), (8 bytes).
    Removing ht32f5xxxx_cmp.o(.text.CMP_EdgeDetectConfig), (20 bytes).
    Removing ht32f5xxxx_cmp.o(.ARM.exidx.text.CMP_EdgeDetectConfig), (8 bytes).
    Removing ht32f5xxxx_cmp.o(.text.CMP_GetFlagStatus), (10 bytes).
    Removing ht32f5xxxx_cmp.o(.ARM.exidx.text.CMP_GetFlagStatus), (8 bytes).
    Removing ht32f5xxxx_cmp.o(.text.CMP_ClearFlag), (16 bytes).
    Removing ht32f5xxxx_cmp.o(.ARM.exidx.text.CMP_ClearFlag), (8 bytes).
    Removing ht32f5xxxx_cmp.o(.text.CMP_GetOutputStatus), (8 bytes).
    Removing ht32f5xxxx_cmp.o(.ARM.exidx.text.CMP_GetOutputStatus), (8 bytes).
    Removing ht32f5xxxx_cmp.o(.text.CMP_SetScalerValue), (4 bytes).
    Removing ht32f5xxxx_cmp.o(.ARM.exidx.text.CMP_SetScalerValue), (8 bytes).
    Removing ht32f5xxxx_ebi.o(.text), (0 bytes).
    Removing ht32f5xxxx_ebi.o(.text.EBI_DeInit), (16 bytes).
    Removing ht32f5xxxx_ebi.o(.ARM.exidx.text.EBI_DeInit), (8 bytes).
    Removing ht32f5xxxx_ebi.o(.text.EBI_Init), (120 bytes).
    Removing ht32f5xxxx_ebi.o(.ARM.exidx.text.EBI_Init), (8 bytes).
    Removing ht32f5xxxx_ebi.o(.text.EBI_StructInit), (44 bytes).
    Removing ht32f5xxxx_ebi.o(.ARM.exidx.text.EBI_StructInit), (8 bytes).
    Removing ht32f5xxxx_ebi.o(.text.EBI_Cmd), (32 bytes).
    Removing ht32f5xxxx_ebi.o(.ARM.exidx.text.EBI_Cmd), (8 bytes).
    Removing ht32f5xxxx_ebi.o(.text.EBI_GetBusyStatus), (16 bytes).
    Removing ht32f5xxxx_ebi.o(.ARM.exidx.text.EBI_GetBusyStatus), (8 bytes).
    Removing ht32f5xxxx_i2s.o(.text), (0 bytes).
    Removing ht32f5xxxx_i2s.o(.text.I2S_DeInit), (16 bytes).
    Removing ht32f5xxxx_i2s.o(.ARM.exidx.text.I2S_DeInit), (8 bytes).
    Removing ht32f5xxxx_i2s.o(.text.I2S_Init), (120 bytes).
    Removing ht32f5xxxx_i2s.o(.ARM.exidx.text.I2S_Init), (8 bytes).
    Removing ht32f5xxxx_i2s.o(.text.I2S_GetFlagStatus), (16 bytes).
    Removing ht32f5xxxx_i2s.o(.ARM.exidx.text.I2S_GetFlagStatus), (8 bytes).
    Removing ht32f5xxxx_i2s.o(.text.I2S_Cmd), (24 bytes).
    Removing ht32f5xxxx_i2s.o(.ARM.exidx.text.I2S_Cmd), (8 bytes).
    Removing ht32f5xxxx_i2s.o(.text.I2S_TxMuteCmd), (28 bytes).
    Removing ht32f5xxxx_i2s.o(.ARM.exidx.text.I2S_TxMuteCmd), (8 bytes).
    Removing ht32f5xxxx_i2s.o(.text.I2S_PDMACmd), (24 bytes).
    Removing ht32f5xxxx_i2s.o(.ARM.exidx.text.I2S_PDMACmd), (8 bytes).
    Removing ht32f5xxxx_i2s.o(.text.I2S_FIFOReset), (16 bytes).
    Removing ht32f5xxxx_i2s.o(.ARM.exidx.text.I2S_FIFOReset), (8 bytes).
    Removing ht32f5xxxx_i2s.o(.text.I2S_FIFOTrigLevelConfig), (40 bytes).
    Removing ht32f5xxxx_i2s.o(.ARM.exidx.text.I2S_FIFOTrigLevelConfig), (8 bytes).
    Removing ht32f5xxxx_i2s.o(.text.I2S_GetFIFOStatus), (28 bytes).
    Removing ht32f5xxxx_i2s.o(.ARM.exidx.text.I2S_GetFIFOStatus), (8 bytes).
    Removing ht32f5xxxx_i2s.o(.text.I2S_IntConfig), (28 bytes).
    Removing ht32f5xxxx_i2s.o(.ARM.exidx.text.I2S_IntConfig), (8 bytes).
    Removing ht32f5xxxx_i2s.o(.text.I2S_ClearFlag), (12 bytes).
    Removing ht32f5xxxx_i2s.o(.ARM.exidx.text.I2S_ClearFlag), (8 bytes).
    Removing dfixi.o(.text), (72 bytes).

1042 unused section(s) (total 35376 bytes) removed from the image.

==============================================================================

Image Symbol Table

    Local Symbols

    Symbol Name                              Value     Ov Type        Size  Object(Section)

    ../clib/division.s                       0x00000000   Number         0  aeabi_sdivfast.o ABSOLUTE
    ../clib/division.s                       0x00000000   Number         0  aeabi_sdivfast_div0.o ABSOLUTE
    ../clib/microlib/ctype/ctype.c           0x00000000   Number         0  ctype_o.o ABSOLUTE
    ../clib/microlib/ctype/ctype.c           0x00000000   Number         0  isalnum_o.o ABSOLUTE
    ../clib/microlib/ctype/ctype.c           0x00000000   Number         0  isalpha_o.o ABSOLUTE
    ../clib/microlib/ctype/ctype.c           0x00000000   Number         0  isblank_o.o ABSOLUTE
    ../clib/microlib/ctype/ctype.c           0x00000000   Number         0  iscntrl_o.o ABSOLUTE
    ../clib/microlib/ctype/ctype.c           0x00000000   Number         0  isdigit_o.o ABSOLUTE
    ../clib/microlib/ctype/ctype.c           0x00000000   Number         0  isgraph_o.o ABSOLUTE
    ../clib/microlib/ctype/ctype.c           0x00000000   Number         0  islower_o.o ABSOLUTE
    ../clib/microlib/ctype/ctype.c           0x00000000   Number         0  isprint_o.o ABSOLUTE
    ../clib/microlib/ctype/ctype.c           0x00000000   Number         0  ispunct_o.o ABSOLUTE
    ../clib/microlib/ctype/ctype.c           0x00000000   Number         0  isspace_o.o ABSOLUTE
    ../clib/microlib/ctype/ctype.c           0x00000000   Number         0  isupper_o.o ABSOLUTE
    ../clib/microlib/ctype/ctype.c           0x00000000   Number         0  isxdigit_o.o ABSOLUTE
    ../clib/microlib/division.c              0x00000000   Number         0  uidiv.o ABSOLUTE
    ../clib/microlib/division.c              0x00000000   Number         0  idiv.o ABSOLUTE
    ../clib/microlib/division.c              0x00000000   Number         0  uidiv_div0.o ABSOLUTE
    ../clib/microlib/division.c              0x00000000   Number         0  idiv_div0.o ABSOLUTE
    ../clib/microlib/division.c              0x00000000   Number         0  idiv0.o ABSOLUTE
    ../clib/microlib/division.c              0x00000000   Number         0  uldiv.o ABSOLUTE
    ../clib/microlib/errno.c                 0x00000000   Number         0  errno.o ABSOLUTE
    ../clib/microlib/init/entry.s            0x00000000   Number         0  entry.o ABSOLUTE
    ../clib/microlib/init/entry.s            0x00000000   Number         0  entry2.o ABSOLUTE
    ../clib/microlib/init/entry.s            0x00000000   Number         0  entry5.o ABSOLUTE
    ../clib/microlib/init/entry.s            0x00000000   Number         0  entry7a.o ABSOLUTE
    ../clib/microlib/init/entry.s            0x00000000   Number         0  entry7b.o ABSOLUTE
    ../clib/microlib/init/entry.s            0x00000000   Number         0  entry8a.o ABSOLUTE
    ../clib/microlib/init/entry.s            0x00000000   Number         0  entry8b.o ABSOLUTE
    ../clib/microlib/init/entry.s            0x00000000   Number         0  entry9a.o ABSOLUTE
    ../clib/microlib/init/entry.s            0x00000000   Number         0  entry9b.o ABSOLUTE
    ../clib/microlib/init/entry.s            0x00000000   Number         0  entry10a.o ABSOLUTE
    ../clib/microlib/init/entry.s            0x00000000   Number         0  entry10b.o ABSOLUTE
    ../clib/microlib/init/entry.s            0x00000000   Number         0  entry11a.o ABSOLUTE
    ../clib/microlib/init/entry.s            0x00000000   Number         0  entry11b.o ABSOLUTE
    ../clib/microlib/longlong.c              0x00000000   Number         0  llushr.o ABSOLUTE
    ../clib/microlib/longlong.c              0x00000000   Number         0  llshl.o ABSOLUTE
    ../clib/microlib/longlong.c              0x00000000   Number         0  llsshr.o ABSOLUTE
    ../clib/microlib/printf/printf.c         0x00000000   Number         0  printfb.o ABSOLUTE
    ../clib/microlib/printf/printf.c         0x00000000   Number         0  printf0.o ABSOLUTE
    ../clib/microlib/printf/printf.c         0x00000000   Number         0  printf1.o ABSOLUTE
    ../clib/microlib/printf/printf.c         0x00000000   Number         0  printf2.o ABSOLUTE
    ../clib/microlib/printf/printf.c         0x00000000   Number         0  printf3.o ABSOLUTE
    ../clib/microlib/printf/printf.c         0x00000000   Number         0  printf4.o ABSOLUTE
    ../clib/microlib/printf/printf.c         0x00000000   Number         0  printf5.o ABSOLUTE
    ../clib/microlib/printf/printf.c         0x00000000   Number         0  printf6.o ABSOLUTE
    ../clib/microlib/printf/printf.c         0x00000000   Number         0  printf7.o ABSOLUTE
    ../clib/microlib/printf/printf.c         0x00000000   Number         0  printf8.o ABSOLUTE
    ../clib/microlib/printf/printf.c         0x00000000   Number         0  printfa.o ABSOLUTE
    ../clib/microlib/printf/stubs.s          0x00000000   Number         0  printfstubs.o ABSOLUTE
    ../clib/microlib/stdio/puts.c            0x00000000   Number         0  puts.o ABSOLUTE
    ../clib/microlib/stdio/puts.c            0x00000000   Number         0  puts_e.o ABSOLUTE
    ../clib/microlib/stdio/streams.c         0x00000000   Number         0  stdout.o ABSOLUTE
    ../clib/microlib/string/memset.c         0x00000000   Number         0  memseta.o ABSOLUTE
    ../clib/microlib/string/strcmp.c         0x00000000   Number         0  strcmp.o ABSOLUTE
    ../clib/microlib/string/strlen.c         0x00000000   Number         0  strlen.o ABSOLUTE
    ../clib/microlib/string/strncmp.c        0x00000000   Number         0  strncmp.o ABSOLUTE
    ../clib/microlib/string/strtok.c         0x00000000   Number         0  strtok.o ABSOLUTE
    ../clib/microlib/string/strtok.c         0x00000000   Number         0  strtok_r.o ABSOLUTE
    ../clib/microlib/stubs.s                 0x00000000   Number         0  iusefp.o ABSOLUTE
    ../clib/scanf.c                          0x00000000   Number         0  atoi.o ABSOLUTE
    ../clib/scanf.c                          0x00000000   Number         0  strtol.o ABSOLUTE
    ../clib/scanf.c                          0x00000000   Number         0  _strtoul.o ABSOLUTE
    ../clib/scanf.c                          0x00000000   Number         0  _chval.o ABSOLUTE
    ../fplib/microlib/d2f.c                  0x00000000   Number         0  d2f.o ABSOLUTE
    ../fplib/microlib/f2d.c                  0x00000000   Number         0  f2d.o ABSOLUTE
    ../fplib/microlib/fpadd.c                0x00000000   Number         0  dadd.o ABSOLUTE
    ../fplib/microlib/fpdiv.c                0x00000000   Number         0  ddiv.o ABSOLUTE
    ../fplib/microlib/fpepilogue.c           0x00000000   Number         0  fepilogue.o ABSOLUTE
    ../fplib/microlib/fpepilogue.c           0x00000000   Number         0  depilogue.o ABSOLUTE
    ../fplib/microlib/fpfix.c                0x00000000   Number         0  ffixi.o ABSOLUTE
    ../fplib/microlib/fpfix.c                0x00000000   Number         0  dfixi.o ABSOLUTE
    ../fplib/microlib/fpfix.c                0x00000000   Number         0  dfixul.o ABSOLUTE
    ../fplib/microlib/fpflt.c                0x00000000   Number         0  fflti.o ABSOLUTE
    ../fplib/microlib/fpflt.c                0x00000000   Number         0  dflti.o ABSOLUTE
    ../fplib/microlib/fpmul.c                0x00000000   Number         0  dmul.o ABSOLUTE
    am2320.c                                 0x00000000   Number         0  am2320.o ABSOLUTE
    bftm.c                                   0x00000000   Number         0  bftm.o ABSOLUTE
    cdrcmple.s                               0x00000000   Number         0  cdrcmple.o ABSOLUTE
    dc.s                                     0x00000000   Number         0  dc.o ABSOLUTE
    delay.c                                  0x00000000   Number         0  delay.o ABSOLUTE
    ebi_lcd.c                                0x00000000   Number         0  ebi_lcd.o ABSOLUTE
    fsr400.c                                 0x00000000   Number         0  fsr400.o ABSOLUTE
    handlers.s                               0x00000000   Number         0  handlers.o ABSOLUTE
    ht32_board.c                             0x00000000   Number         0  ht32_board.o ABSOLUTE
    ht32_cm0plus_misc.c                      0x00000000   Number         0  ht32_cm0plus_misc.o ABSOLUTE
    ht32_op.s                                0x00000000   Number         0  ht32_op.o ABSOLUTE
    ht32_retarget.c                          0x00000000   Number         0  ht32_retarget.o ABSOLUTE
    ht32_serial.c                            0x00000000   Number         0  ht32_serial.o ABSOLUTE
    ht32f5xxxx_01_it.c                       0x00000000   Number         0  ht32f5xxxx_01_it.o ABSOLUTE
    ht32f5xxxx_adc.c                         0x00000000   Number         0  ht32f5xxxx_adc.o ABSOLUTE
    ht32f5xxxx_bftm.c                        0x00000000   Number         0  ht32f5xxxx_bftm.o ABSOLUTE
    ht32f5xxxx_ckcu.c                        0x00000000   Number         0  ht32f5xxxx_ckcu.o ABSOLUTE
    ht32f5xxxx_cmp.c                         0x00000000   Number         0  ht32f5xxxx_cmp.o ABSOLUTE
    ht32f5xxxx_crc.c                         0x00000000   Number         0  ht32f5xxxx_crc.o ABSOLUTE
    ht32f5xxxx_ebi.c                         0x00000000   Number         0  ht32f5xxxx_ebi.o ABSOLUTE
    ht32f5xxxx_exti.c                        0x00000000   Number         0  ht32f5xxxx_exti.o ABSOLUTE
    ht32f5xxxx_flash.c                       0x00000000   Number         0  ht32f5xxxx_flash.o ABSOLUTE
    ht32f5xxxx_gpio.c                        0x00000000   Number         0  ht32f5xxxx_gpio.o ABSOLUTE
    ht32f5xxxx_i2c.c                         0x00000000   Number         0  ht32f5xxxx_i2c.o ABSOLUTE
    ht32f5xxxx_i2s.c                         0x00000000   Number         0  ht32f5xxxx_i2s.o ABSOLUTE
    ht32f5xxxx_mctm.c                        0x00000000   Number         0  ht32f5xxxx_mctm.o ABSOLUTE
    ht32f5xxxx_pdma.c                        0x00000000   Number         0  ht32f5xxxx_pdma.o ABSOLUTE
    ht32f5xxxx_pwrcu.c                       0x00000000   Number         0  ht32f5xxxx_pwrcu.o ABSOLUTE
    ht32f5xxxx_rstcu.c                       0x00000000   Number         0  ht32f5xxxx_rstcu.o ABSOLUTE
    ht32f5xxxx_rtc.c                         0x00000000   Number         0  ht32f5xxxx_rtc.o ABSOLUTE
    ht32f5xxxx_sci.c                         0x00000000   Number         0  ht32f5xxxx_sci.o ABSOLUTE
    ht32f5xxxx_spi.c                         0x00000000   Number         0  ht32f5xxxx_spi.o ABSOLUTE
    ht32f5xxxx_tm.c                          0x00000000   Number         0  ht32f5xxxx_tm.o ABSOLUTE
    ht32f5xxxx_usart.c                       0x00000000   Number         0  ht32f5xxxx_usart.o ABSOLUTE
    ht32f5xxxx_usbd.c                        0x00000000   Number         0  ht32f5xxxx_usbd.o ABSOLUTE
    ht32f5xxxx_wdt.c                         0x00000000   Number         0  ht32f5xxxx_wdt.o ABSOLUTE
    hx711.c                                  0x00000000   Number         0  hx711.o ABSOLUTE
    i2c.c                                    0x00000000   Number         0  i2c.o ABSOLUTE
    i2c_eeprom.c                             0x00000000   Number         0  i2c_eeprom.o ABSOLUTE
    init.s                                   0x00000000   Number         0  init.o ABSOLUTE
    jgb37.c                                  0x00000000   Number         0  jgb37.o ABSOLUTE
    led.c                                    0x00000000   Number         0  led.o ABSOLUTE
    main.c                                   0x00000000   Number         0  main.o ABSOLUTE
    rylr896.c                                0x00000000   Number         0  rylr896.o ABSOLUTE
    spi_flash.c                              0x00000000   Number         0  spi_flash.o ABSOLUTE
    startup_ht32f5xxxx_01.s                  0x00000000   Number         0  startup_ht32f5xxxx_01.o ABSOLUTE
    system_ht32f5xxxx_01.c                   0x00000000   Number         0  system_ht32f5xxxx_01.o ABSOLUTE
    twowire.c                                0x00000000   Number         0  twowire.o ABSOLUTE
    usart.c                                  0x00000000   Number         0  usart.o ABSOLUTE
    RESET                                    0x00000000   Section      356  startup_ht32f5xxxx_01.o(RESET)
    BootProcess                              0x000000cd   Thumb Code    94  startup_ht32f5xxxx_01.o(RESET)
    .ARM.Collect$$$$00000000                 0x00000164   Section        0  entry.o(.ARM.Collect$$$$00000000)
    .ARM.Collect$$$$00000001                 0x00000164   Section        4  entry2.o(.ARM.Collect$$$$00000001)
    .ARM.Collect$$$$00000004                 0x00000168   Section        4  entry5.o(.ARM.Collect$$$$00000004)
    .ARM.Collect$$$$00000008                 0x0000016c   Section        0  entry7b.o(.ARM.Collect$$$$00000008)
    .ARM.Collect$$$$0000000A                 0x0000016c   Section        0  entry8b.o(.ARM.Collect$$$$0000000A)
    .ARM.Collect$$$$0000000B                 0x0000016c   Section        8  entry9a.o(.ARM.Collect$$$$0000000B)
    __lit__00000000                          0x00000174   Data           4  entry2.o(.ARM.Collect$$$$00002712)
    .ARM.Collect$$$$0000000D                 0x00000174   Section        0  entry10a.o(.ARM.Collect$$$$0000000D)
    .ARM.Collect$$$$0000000F                 0x00000174   Section        0  entry11a.o(.ARM.Collect$$$$0000000F)
    .ARM.Collect$$$$00002712                 0x00000174   Section        4  entry2.o(.ARM.Collect$$$$00002712)
    .text                                    0x00000178   Section        0  strlen.o(.text)
    .text                                    0x00000186   Section        0  strcmp.o(.text)
    .text                                    0x000001a2   Section        0  strncmp.o(.text)
    .text                                    0x000001c0   Section        0  strtok.o(.text)
    .text                                    0x00000208   Section        0  atoi.o(.text)
    .text                                    0x00000224   Section        0  ddiv.o(.text)
    .text                                    0x00000314   Section        0  fflti.o(.text)
    .text                                    0x0000032c   Section        0  dflti.o(.text)
    .text                                    0x00000354   Section        0  ffixi.o(.text)
    .text                                    0x00000386   Section        0  f2d.o(.text)
    .text                                    0x000003ae   Section        0  d2f.o(.text)
    .text                                    0x000003e6   Section        0  uidiv_div0.o(.text)
    .text                                    0x00000424   Section        0  idiv_div0.o(.text)
    .text                                    0x00000474   Section        0  uldiv.o(.text)
    .text                                    0x000004d4   Section        0  llushr.o(.text)
    .text                                    0x000004f8   Section        0  strtol.o(.text)
    .text                                    0x00000568   Section        0  iusefp.o(.text)
    .text                                    0x00000568   Section        0  fepilogue.o(.text)
    .text                                    0x000005ea   Section        0  depilogue.o(.text)
    .text                                    0x000006a8   Section        0  dadd.o(.text)
    .text                                    0x0000080c   Section        0  dmul.o(.text)
    .text                                    0x000008dc   Section        0  dfixul.o(.text)
    .text                                    0x0000091c   Section       40  cdrcmple.o(.text)
    .text                                    0x00000944   Section       48  init.o(.text)
    .text                                    0x00000974   Section        0  llshl.o(.text)
    .text                                    0x00000994   Section        0  llsshr.o(.text)
    .text                                    0x000009bc   Section        0  ctype_o.o(.text)
    .text                                    0x000009c4   Section        0  _strtoul.o(.text)
    .text                                    0x00000a6a   Section        0  _chval.o(.text)
    [Anonymous Symbol]                       0x00000a88   Section        0  ht32f5xxxx_adc.o(.text.ADC_ClearIntPendingBit)
    [Anonymous Symbol]                       0x00000a8e   Section        0  ht32f5xxxx_adc.o(.text.ADC_Cmd)
    [Anonymous Symbol]                       0x00000aa0   Section        0  ht32f5xxxx_adc.o(.text.ADC_GetFlagStatus)
    [Anonymous Symbol]                       0x00000aac   Section        0  ht32f5xxxx_01_it.o(.text.ADC_IRQHandler)
    __arm_cp.1_0                             0x00000adc   Number         4  ht32f5xxxx_01_it.o(.text.ADC_IRQHandler)
    __arm_cp.1_1                             0x00000ae0   Number         4  ht32f5xxxx_01_it.o(.text.ADC_IRQHandler)
    __arm_cp.1_2                             0x00000ae4   Number         4  ht32f5xxxx_01_it.o(.text.ADC_IRQHandler)
    __arm_cp.1_3                             0x00000ae8   Number         4  ht32f5xxxx_01_it.o(.text.ADC_IRQHandler)
    [Anonymous Symbol]                       0x00000aec   Section        0  ht32f5xxxx_adc.o(.text.ADC_IntConfig)
    [Anonymous Symbol]                       0x00000b04   Section        0  ht32f5xxxx_adc.o(.text.ADC_RegularChannelConfig)
    [Anonymous Symbol]                       0x00000b20   Section        0  ht32f5xxxx_adc.o(.text.ADC_RegularGroupConfig)
    __arm_cp.3_0                             0x00000b40   Number         4  ht32f5xxxx_adc.o(.text.ADC_RegularGroupConfig)
    [Anonymous Symbol]                       0x00000b44   Section        0  ht32f5xxxx_adc.o(.text.ADC_RegularTrigConfig)
    [Anonymous Symbol]                       0x00000b52   Section        0  ht32f5xxxx_adc.o(.text.ADC_SamplingTimeConfig)
    [Anonymous Symbol]                       0x00000b56   Section        0  ht32f5xxxx_adc.o(.text.ADC_SoftwareStartConvCmd)
    [Anonymous Symbol]                       0x00000b68   Section        0  ht32f5xxxx_gpio.o(.text.AFIO_GPxConfig)
    __arm_cp.18_0                            0x00000ce0   Number         4  ht32f5xxxx_gpio.o(.text.AFIO_GPxConfig)
    [Anonymous Symbol]                       0x00000ce4   Section        0  ht32f5xxxx_01_it.o(.text.BFTM0_IRQHandler)
    __arm_cp.0_0                             0x00000d0c   Number         4  ht32f5xxxx_01_it.o(.text.BFTM0_IRQHandler)
    __arm_cp.0_1                             0x00000d10   Number         4  ht32f5xxxx_01_it.o(.text.BFTM0_IRQHandler)
    __arm_cp.0_2                             0x00000d14   Number         4  ht32f5xxxx_01_it.o(.text.BFTM0_IRQHandler)
    [Anonymous Symbol]                       0x00000d18   Section        0  ht32f5xxxx_bftm.o(.text.BFTM_ClearFlag)
    [Anonymous Symbol]                       0x00000d26   Section        0  ht32f5xxxx_bftm.o(.text.BFTM_EnaCmd)
    [Anonymous Symbol]                       0x00000d38   Section        0  ht32f5xxxx_bftm.o(.text.BFTM_GetFlagStatus)
    [Anonymous Symbol]                       0x00000d40   Section        0  ht32f5xxxx_bftm.o(.text.BFTM_IntConfig)
    [Anonymous Symbol]                       0x00000d50   Section        0  ht32f5xxxx_bftm.o(.text.BFTM_SetCompare)
    [Anonymous Symbol]                       0x00000d54   Section        0  ht32f5xxxx_bftm.o(.text.BFTM_SetCounter)
    [Anonymous Symbol]                       0x00000d58   Section        0  ht32f5xxxx_ckcu.o(.text.CKCU_GetPeripFrequency)
    __arm_cp.15_0                            0x00000de8   Number         4  ht32f5xxxx_ckcu.o(.text.CKCU_GetPeripFrequency)
    __arm_cp.15_1                            0x00000dec   Number         4  ht32f5xxxx_ckcu.o(.text.CKCU_GetPeripFrequency)
    __arm_cp.15_2                            0x00000df0   Number         4  ht32f5xxxx_ckcu.o(.text.CKCU_GetPeripFrequency)
    [Anonymous Symbol]                       0x00000df4   Section        0  ht32f5xxxx_ckcu.o(.text.CKCU_PeripClockConfig)
    __arm_cp.28_0                            0x00000e28   Number         4  ht32f5xxxx_ckcu.o(.text.CKCU_PeripClockConfig)
    [Anonymous Symbol]                       0x00000e2c   Section        0  ht32f5xxxx_ckcu.o(.text.CKCU_SetADCnPrescaler)
    __arm_cp.11_0                            0x00000e40   Number         4  ht32f5xxxx_ckcu.o(.text.CKCU_SetADCnPrescaler)
    [Anonymous Symbol]                       0x00000e44   Section        0  ht32f5xxxx_gpio.o(.text.GPIO_DirectionConfig)
    [Anonymous Symbol]                       0x00000e58   Section        0  ht32f5xxxx_gpio.o(.text.GPIO_DriveConfig)
    [Anonymous Symbol]                       0x00000f2e   Section        0  ht32f5xxxx_gpio.o(.text.GPIO_InputConfig)
    [Anonymous Symbol]                       0x00000f42   Section        0  ht32f5xxxx_gpio.o(.text.GPIO_OpenDrainConfig)
    [Anonymous Symbol]                       0x00000f56   Section        0  ht32f5xxxx_gpio.o(.text.GPIO_PullResistorConfig)
    [Anonymous Symbol]                       0x00000f78   Section        0  ht32f5xxxx_gpio.o(.text.GPIO_ReadInBit)
    [Anonymous Symbol]                       0x00000f82   Section        0  ht32f5xxxx_gpio.o(.text.GPIO_WriteOutBits)
    [Anonymous Symbol]                       0x00000f94   Section        0  ht32_board.o(.text.HT32F_DVB_COMInit)
    [Anonymous Symbol]                       0x00000fe4   Section        0  ht32f5xxxx_i2c.o(.text.I2C_AckCmd)
    [Anonymous Symbol]                       0x00000ff4   Section        0  ht32f5xxxx_i2c.o(.text.I2C_CheckStatus)
    [Anonymous Symbol]                       0x00000ffe   Section        0  ht32f5xxxx_i2c.o(.text.I2C_ClearFlag)
    [Anonymous Symbol]                       0x00001002   Section        0  ht32f5xxxx_i2c.o(.text.I2C_Cmd)
    [Anonymous Symbol]                       0x00001014   Section        0  ht32f5xxxx_i2c.o(.text.I2C_GenerateSTOP)
    [Anonymous Symbol]                       0x00001020   Section        0  ht32f5xxxx_i2c.o(.text.I2C_Init)
    __arm_cp.1_0                             0x000010b8   Number         4  ht32f5xxxx_i2c.o(.text.I2C_Init)
    __arm_cp.1_1                             0x000010bc   Number         4  ht32f5xxxx_i2c.o(.text.I2C_Init)
    [Anonymous Symbol]                       0x000010c0   Section        0  ht32f5xxxx_i2c.o(.text.I2C_ReadRegister)
    [Anonymous Symbol]                       0x000010d6   Section        0  ht32f5xxxx_i2c.o(.text.I2C_ReceiveData)
    [Anonymous Symbol]                       0x000010dc   Section        0  ht32f5xxxx_i2c.o(.text.I2C_SendData)
    [Anonymous Symbol]                       0x000010e0   Section        0  ht32f5xxxx_i2c.o(.text.I2C_TargetAddressConfig)
    [Anonymous Symbol]                       0x00001106   Section        0  ht32_retarget.o(.text.RETARGET_Configuration)
    [Anonymous Symbol]                       0x00001128   Section        0  ht32_cm0plus_misc.o(.text.SYSTICK_ClockSourceConfig)
    [Anonymous Symbol]                       0x00001140   Section        0  ht32_cm0plus_misc.o(.text.SYSTICK_CounterCmd)
    [Anonymous Symbol]                       0x00001168   Section        0  ht32_cm0plus_misc.o(.text.SYSTICK_IntConfig)
    __arm_cp.7_0                             0x0000117c   Number         4  ht32_cm0plus_misc.o(.text.SYSTICK_IntConfig)
    [Anonymous Symbol]                       0x00001180   Section        0  ht32_cm0plus_misc.o(.text.SYSTICK_SetReloadValue)
    __arm_cp.8_0                             0x00001188   Number         4  ht32_cm0plus_misc.o(.text.SYSTICK_SetReloadValue)
    [Anonymous Symbol]                       0x0000118c   Section        0  system_ht32f5xxxx_01.o(.text.SystemInit)
    __arm_cp.0_0                             0x00001338   Number         4  system_ht32f5xxxx_01.o(.text.SystemInit)
    __arm_cp.0_1                             0x0000133c   Number         4  system_ht32f5xxxx_01.o(.text.SystemInit)
    __arm_cp.0_2                             0x00001340   Number         4  system_ht32f5xxxx_01.o(.text.SystemInit)
    __arm_cp.0_3                             0x00001344   Number         4  system_ht32f5xxxx_01.o(.text.SystemInit)
    __arm_cp.0_4                             0x00001348   Number         4  system_ht32f5xxxx_01.o(.text.SystemInit)
    [Anonymous Symbol]                       0x0000134c   Section        0  ht32f5xxxx_01_it.o(.text.USART1_IRQHandler)
    __arm_cp.2_0                             0x00001390   Number         4  ht32f5xxxx_01_it.o(.text.USART1_IRQHandler)
    __arm_cp.2_1                             0x00001394   Number         4  ht32f5xxxx_01_it.o(.text.USART1_IRQHandler)
    __arm_cp.2_2                             0x00001398   Number         4  ht32f5xxxx_01_it.o(.text.USART1_IRQHandler)
    __arm_cp.2_4                             0x000013a4   Number         4  ht32f5xxxx_01_it.o(.text.USART1_IRQHandler)
    [Anonymous Symbol]                       0x000013a8   Section        0  ht32f5xxxx_usart.o(.text.USART_GetFlagStatus)
    [Anonymous Symbol]                       0x000013b4   Section        0  ht32f5xxxx_usart.o(.text.USART_Init)
    __arm_cp.1_0                             0x00001410   Number         4  ht32f5xxxx_usart.o(.text.USART_Init)
    __arm_cp.1_1                             0x00001414   Number         4  ht32f5xxxx_usart.o(.text.USART_Init)
    __arm_cp.1_2                             0x00001418   Number         4  ht32f5xxxx_usart.o(.text.USART_Init)
    __arm_cp.1_3                             0x0000141c   Number         4  ht32f5xxxx_usart.o(.text.USART_Init)
    __arm_cp.1_4                             0x00001420   Number         4  ht32f5xxxx_usart.o(.text.USART_Init)
    [Anonymous Symbol]                       0x00001424   Section        0  ht32f5xxxx_usart.o(.text.USART_IntConfig)
    [Anonymous Symbol]                       0x00001438   Section        0  ht32f5xxxx_usart.o(.text.USART_ReceiveData)
    [Anonymous Symbol]                       0x0000143e   Section        0  ht32f5xxxx_usart.o(.text.USART_SendData)
    [Anonymous Symbol]                       0x00001442   Section        0  ht32f5xxxx_usart.o(.text.USART_TxRxCmd)
    [Anonymous Symbol]                       0x0000145c   Section        0  fsr400.o(.text.adc_Configuration)
    __arm_cp.0_0                             0x000014ec   Number         4  fsr400.o(.text.adc_Configuration)
    __arm_cp.0_1                             0x000014f0   Number         4  fsr400.o(.text.adc_Configuration)
    [Anonymous Symbol]                       0x000014f4   Section        0  fsr400.o(.text.adc_To_Pressure)
    __arm_cp.1_0                             0x00001534   Number         4  fsr400.o(.text.adc_To_Pressure)
    [Anonymous Symbol]                       0x00001538   Section        0  am2320.o(.text.am2320_Configuration)
    [Anonymous Symbol]                       0x00001540   Section        0  am2320.o(.text.am2320_GetTemperatureHumidity)
    __arm_cp.3_0                             0x000015a0   Number         4  am2320.o(.text.am2320_GetTemperatureHumidity)
    __arm_cp.3_1                             0x000015a4   Number         4  am2320.o(.text.am2320_GetTemperatureHumidity)
    [Anonymous Symbol]                       0x000015a8   Section        0  am2320.o(.text.am2320_ReadData)
    __arm_cp.2_0                             0x000016e8   Number         4  am2320.o(.text.am2320_ReadData)
    __arm_cp.2_1                             0x000016ec   Number         4  am2320.o(.text.am2320_ReadData)
    [Anonymous Symbol]                       0x000016f0   Section        0  bftm.o(.text.bftm_Configuration)
    __arm_cp.0_0                             0x00001748   Number         4  bftm.o(.text.bftm_Configuration)
    __arm_cp.0_1                             0x0000174c   Number         4  bftm.o(.text.bftm_Configuration)
    __arm_cp.0_2                             0x00001750   Number         4  bftm.o(.text.bftm_Configuration)
    [Anonymous Symbol]                       0x00001754   Section        0  delay.o(.text.delay_ms)
    [Anonymous Symbol]                       0x0000176c   Section        0  delay.o(.text.delay_us)
    __arm_cp.0_0                             0x00001884   Number         4  delay.o(.text.delay_us)
    __arm_cp.0_1                             0x00001888   Number         4  delay.o(.text.delay_us)
    __arm_cp.0_2                             0x0000188c   Number         4  delay.o(.text.delay_us)
    [Anonymous Symbol]                       0x00001890   Section        0  hx711.o(.text.hx711_0_GetWeight)
    __arm_cp.3_0                             0x000018b4   Number         4  hx711.o(.text.hx711_0_GetWeight)
    __arm_cp.3_1                             0x000018b8   Number         4  hx711.o(.text.hx711_0_GetWeight)
    [Anonymous Symbol]                       0x000018bc   Section        0  hx711.o(.text.hx711_0_ReadData)
    [Anonymous Symbol]                       0x00001928   Section        0  hx711.o(.text.hx711_1_GetWeight)
    __arm_cp.7_0                             0x0000194c   Number         4  hx711.o(.text.hx711_1_GetWeight)
    __arm_cp.7_1                             0x00001950   Number         4  hx711.o(.text.hx711_1_GetWeight)
    __arm_cp.7_2                             0x00001954   Number         4  hx711.o(.text.hx711_1_GetWeight)
    [Anonymous Symbol]                       0x00001958   Section        0  hx711.o(.text.hx711_1_ReadData)
    [Anonymous Symbol]                       0x000019c4   Section        0  hx711.o(.text.hx711_Configuration)
    [Anonymous Symbol]                       0x000019cc   Section        0  i2c.o(.text.i2c_Configuration)
    __arm_cp.0_0                             0x00001a18   Number         4  i2c.o(.text.i2c_Configuration)
    __arm_cp.0_1                             0x00001a1c   Number         4  i2c.o(.text.i2c_Configuration)
    __arm_cp.0_2                             0x00001a20   Number         4  i2c.o(.text.i2c_Configuration)
    [Anonymous Symbol]                       0x00001a24   Section        0  jgb37.o(.text.jgb37_Configuration)
    [Anonymous Symbol]                       0x00001a60   Section        0  jgb37.o(.text.jgb37_Start)
    [Anonymous Symbol]                       0x00001a70   Section        0  jgb37.o(.text.jgb37_Stop)
    __arm_cp.2_0                             0x00001a80   Number         4  jgb37.o(.text.jgb37_Stop)
    [Anonymous Symbol]                       0x00001a84   Section        0  main.o(.text.main)
    __arm_cp.1_1                             0x00001b44   Number         4  main.o(.text.main)
    [Anonymous Symbol]                       0x00001b48   Section        0  rylr896.o(.text.rylr896_Configuration)
    [Anonymous Symbol]                       0x00001b50   Section        0  rylr896.o(.text.rylr896_Receive)
    __arm_cp.2_0                             0x00001bb4   Number         4  rylr896.o(.text.rylr896_Receive)
    __arm_cp.2_1                             0x00001bb8   Number         4  rylr896.o(.text.rylr896_Receive)
    __arm_cp.2_2                             0x00001bbc   Number         4  rylr896.o(.text.rylr896_Receive)
    __arm_cp.2_3                             0x00001bc0   Number         4  rylr896.o(.text.rylr896_Receive)
    __arm_cp.2_5                             0x00001bd0   Number         4  rylr896.o(.text.rylr896_Receive)
    __arm_cp.2_7                             0x00001bdc   Number         4  rylr896.o(.text.rylr896_Receive)
    [Anonymous Symbol]                       0x00001be0   Section        0  rylr896.o(.text.rylr896_Send)
    [Anonymous Symbol]                       0x00001bec   Section        0  rylr896.o(.text.rylr896_UpdateData)
    __arm_cp.1_1                             0x00001c48   Number         4  rylr896.o(.text.rylr896_UpdateData)
    [Anonymous Symbol]                       0x00001c60   Section        0  twowire.o(.text.twowire0_SCL_High)
    [Anonymous Symbol]                       0x00001c70   Section        0  twowire.o(.text.twowire0_SCL_Low)
    __arm_cp.4_0                             0x00001c80   Number         4  twowire.o(.text.twowire0_SCL_Low)
    [Anonymous Symbol]                       0x00001c84   Section        0  twowire.o(.text.twowire0_SDA_In)
    [Anonymous Symbol]                       0x00001ca0   Section        0  twowire.o(.text.twowire1_SCL_High)
    [Anonymous Symbol]                       0x00001cb0   Section        0  twowire.o(.text.twowire1_SCL_Low)
    [Anonymous Symbol]                       0x00001cc0   Section        0  twowire.o(.text.twowire1_SDA_In)
    __arm_cp.5_0                             0x00001cdc   Number         4  twowire.o(.text.twowire1_SDA_In)
    [Anonymous Symbol]                       0x00001ce0   Section        0  twowire.o(.text.twowire_Configuration)
    __arm_cp.0_0                             0x00001dcc   Number         4  twowire.o(.text.twowire_Configuration)
    __arm_cp.0_1                             0x00001dd0   Number         4  twowire.o(.text.twowire_Configuration)
    [Anonymous Symbol]                       0x00001dd4   Section        0  usart.o(.text.usart_Configuration)
    __arm_cp.0_0                             0x00001e58   Number         4  usart.o(.text.usart_Configuration)
    __arm_cp.0_1                             0x00001e5c   Number         4  usart.o(.text.usart_Configuration)
    __arm_cp.0_2                             0x00001e60   Number         4  usart.o(.text.usart_Configuration)
    __arm_cp.0_3                             0x00001e64   Number         4  usart.o(.text.usart_Configuration)
    [Anonymous Symbol]                       0x00001e68   Section        0  usart.o(.text.usart_SendStr)
    i.__0sprintf                             0x00001e98   Section        0  printfa.o(i.__0sprintf)
    i.__ARM_clz                              0x00001ec0   Section        0  depilogue.o(i.__ARM_clz)
    i.__aeabi_errno_addr                     0x00001ef0   Section        0  errno.o(i.__aeabi_errno_addr)
    i.__scatterload_copy                     0x00001ef8   Section       14  handlers.o(i.__scatterload_copy)
    i.__scatterload_null                     0x00001f06   Section        2  handlers.o(i.__scatterload_null)
    i.__scatterload_zeroinit                 0x00001f08   Section       14  handlers.o(i.__scatterload_zeroinit)
    _fp_digits                               0x00001f19   Thumb Code   344  printfa.o(i._fp_digits)
    i._fp_digits                             0x00001f18   Section        0  printfa.o(i._fp_digits)
    _printf_core                             0x0000208d   Thumb Code  1754  printfa.o(i._printf_core)
    i._printf_core                           0x0000208c   Section        0  printfa.o(i._printf_core)
    _printf_post_padding                     0x00002779   Thumb Code    32  printfa.o(i._printf_post_padding)
    i._printf_post_padding                   0x00002778   Section        0  printfa.o(i._printf_post_padding)
    _printf_pre_padding                      0x00002799   Thumb Code    44  printfa.o(i._printf_pre_padding)
    i._printf_pre_padding                    0x00002798   Section        0  printfa.o(i._printf_pre_padding)
    _sputc                                   0x000027c5   Thumb Code    10  printfa.o(i._sputc)
    i._sputc                                 0x000027c4   Section        0  printfa.o(i._sputc)
    .constdata                               0x000027ce   Section      129  ctype_o.o(.constdata)
    table                                    0x00002850   Data           4  ctype_o.o(.constdata)
    .constdata                               0x00002850   Section        4  ctype_o.o(.constdata)
    [Anonymous Symbol]                       0x00002854   Section        0  rylr896.o(.rodata.str1.1)
    state                                    0x20000000   Data           4  strtok.o(.data)
    .data                                    0x20000000   Section        4  strtok.o(.data)
    _errno                                   0x20000004   Data           4  errno.o(.data)
    .data                                    0x20000004   Section        4  errno.o(.data)
    USART1_IRQHandler.rxIndex                0x200000a0   Data           1  ht32f5xxxx_01_it.o(.bss.USART1_IRQHandler.rxIndex)
    [Anonymous Symbol]                       0x200000a0   Section        0  ht32f5xxxx_01_it.o(.bss.USART1_IRQHandler.rxIndex)
    STACK                                    0x20000148   Section      512  startup_ht32f5xxxx_01.o(STACK)

    Global Symbols

    Symbol Name                              Value     Ov Type        Size  Object(Section)

    BuildAttributes$$THM_ISAv3M$S$PE$A:L22$X:L11$S22$IEEE1$IW$~IW$USESV6$~STKCKD$USESV7$~SHL$OTIME$ROPI$EBA8$MICROLIB$REQ8$PRES8$EABIv2 0x00000000   Number         0  anon$$obj.o ABSOLUTE
    __Vectors                                0x00000000   Data           0  startup_ht32f5xxxx_01.o(RESET)
    _printf_a                                0x00000000   Number         0  printfstubs.o ABSOLUTE
    _printf_c                                0x00000000   Number         0  printfstubs.o ABSOLUTE
    _printf_charcount                        0x00000000   Number         0  printfstubs.o ABSOLUTE
    _printf_d                                0x00000000   Number         0  printfstubs.o ABSOLUTE
    _printf_e                                0x00000000   Number         0  printfstubs.o ABSOLUTE
    _printf_f                                0x00000000   Number         0  printfstubs.o ABSOLUTE
    _printf_flags                            0x00000000   Number         0  printfstubs.o ABSOLUTE
    _printf_fp_dec                           0x00000000   Number         0  printfstubs.o ABSOLUTE
    _printf_fp_hex                           0x00000000   Number         0  printfstubs.o ABSOLUTE
    _printf_g                                0x00000000   Number         0  printfstubs.o ABSOLUTE
    _printf_i                                0x00000000   Number         0  printfstubs.o ABSOLUTE
    _printf_int_dec                          0x00000000   Number         0  printfstubs.o ABSOLUTE
    _printf_l                                0x00000000   Number         0  printfstubs.o ABSOLUTE
    _printf_lc                               0x00000000   Number         0  printfstubs.o ABSOLUTE
    _printf_ll                               0x00000000   Number         0  printfstubs.o ABSOLUTE
    _printf_lld                              0x00000000   Number         0  printfstubs.o ABSOLUTE
    _printf_lli                              0x00000000   Number         0  printfstubs.o ABSOLUTE
    _printf_llo                              0x00000000   Number         0  printfstubs.o ABSOLUTE
    _printf_llu                              0x00000000   Number         0  printfstubs.o ABSOLUTE
    _printf_llx                              0x00000000   Number         0  printfstubs.o ABSOLUTE
    _printf_longlong_dec                     0x00000000   Number         0  printfstubs.o ABSOLUTE
    _printf_longlong_hex                     0x00000000   Number         0  printfstubs.o ABSOLUTE
    _printf_longlong_oct                     0x00000000   Number         0  printfstubs.o ABSOLUTE
    _printf_ls                               0x00000000   Number         0  printfstubs.o ABSOLUTE
    _printf_mbtowc                           0x00000000   Number         0  printfstubs.o ABSOLUTE
    _printf_n                                0x00000000   Number         0  printfstubs.o ABSOLUTE
    _printf_o                                0x00000000   Number         0  printfstubs.o ABSOLUTE
    _printf_p                                0x00000000   Number         0  printfstubs.o ABSOLUTE
    _printf_percent                          0x00000000   Number         0  printfstubs.o ABSOLUTE
    _printf_pre_padding                      0x00000000   Number         0  printfstubs.o ABSOLUTE
    _printf_return_value                     0x00000000   Number         0  printfstubs.o ABSOLUTE
    _printf_s                                0x00000000   Number         0  printfstubs.o ABSOLUTE
    _printf_sizespec                         0x00000000   Number         0  printfstubs.o ABSOLUTE
    _printf_str                              0x00000000   Number         0  printfstubs.o ABSOLUTE
    _printf_truncate_signed                  0x00000000   Number         0  printfstubs.o ABSOLUTE
    _printf_truncate_unsigned                0x00000000   Number         0  printfstubs.o ABSOLUTE
    _printf_u                                0x00000000   Number         0  printfstubs.o ABSOLUTE
    _printf_wc                               0x00000000   Number         0  printfstubs.o ABSOLUTE
    _printf_wctomb                           0x00000000   Number         0  printfstubs.o ABSOLUTE
    _printf_widthprec                        0x00000000   Number         0  printfstubs.o ABSOLUTE
    _printf_x                                0x00000000   Number         0  printfstubs.o ABSOLUTE
    __cpp_initialize__aeabi_                  - Undefined Weak Reference
    __cxa_finalize                            - Undefined Weak Reference
    __decompress                              - Undefined Weak Reference
    _clock_init                               - Undefined Weak Reference
    _microlib_exit                            - Undefined Weak Reference
    Reset_Handler                            0x000000c1   Thumb Code    12  startup_ht32f5xxxx_01.o(RESET)
    NMI_Handler                              0x0000012b   Thumb Code     2  startup_ht32f5xxxx_01.o(RESET)
    HardFault_Handler                        0x0000012d   Thumb Code     2  startup_ht32f5xxxx_01.o(RESET)
    SVC_Handler                              0x0000012f   Thumb Code     2  startup_ht32f5xxxx_01.o(RESET)
    PendSV_Handler                           0x00000131   Thumb Code     2  startup_ht32f5xxxx_01.o(RESET)
    SysTick_Handler                          0x00000133   Thumb Code     2  startup_ht32f5xxxx_01.o(RESET)
    AES_IRQHandler                           0x00000135   Thumb Code     0  startup_ht32f5xxxx_01.o(RESET)
    BFTM1_IRQHandler                         0x00000135   Thumb Code     0  startup_ht32f5xxxx_01.o(RESET)
    COMP_IRQHandler                          0x00000135   Thumb Code     0  startup_ht32f5xxxx_01.o(RESET)
    EVWUP_IRQHandler                         0x00000135   Thumb Code     0  startup_ht32f5xxxx_01.o(RESET)
    EXTI0_1_IRQHandler                       0x00000135   Thumb Code     0  startup_ht32f5xxxx_01.o(RESET)
    EXTI2_3_IRQHandler                       0x00000135   Thumb Code     0  startup_ht32f5xxxx_01.o(RESET)
    EXTI4_15_IRQHandler                      0x00000135   Thumb Code     0  startup_ht32f5xxxx_01.o(RESET)
    FLASH_IRQHandler                         0x00000135   Thumb Code     0  startup_ht32f5xxxx_01.o(RESET)
    GPTM0_IRQHandler                         0x00000135   Thumb Code     0  startup_ht32f5xxxx_01.o(RESET)
    GPTM1_IRQHandler                         0x00000135   Thumb Code     0  startup_ht32f5xxxx_01.o(RESET)
    I2C0_IRQHandler                          0x00000135   Thumb Code     0  startup_ht32f5xxxx_01.o(RESET)
    I2C1_IRQHandler                          0x00000135   Thumb Code     0  startup_ht32f5xxxx_01.o(RESET)
    I2C2_IRQHandler                          0x00000135   Thumb Code     0  startup_ht32f5xxxx_01.o(RESET)
    I2S_IRQHandler                           0x00000135   Thumb Code     0  startup_ht32f5xxxx_01.o(RESET)
    LVD_BOD_IRQHandler                       0x00000135   Thumb Code     0  startup_ht32f5xxxx_01.o(RESET)
    MCTM0_IRQHandler                         0x00000135   Thumb Code     0  startup_ht32f5xxxx_01.o(RESET)
    MIDI_IRQHandler                          0x00000135   Thumb Code     0  startup_ht32f5xxxx_01.o(RESET)
    PDMA_CH0_1_IRQHandler                    0x00000135   Thumb Code     0  startup_ht32f5xxxx_01.o(RESET)
    PDMA_CH2_5_IRQHandler                    0x00000135   Thumb Code     0  startup_ht32f5xxxx_01.o(RESET)
    PWM0_IRQHandler                          0x00000135   Thumb Code     0  startup_ht32f5xxxx_01.o(RESET)
    PWM1_IRQHandler                          0x00000135   Thumb Code     0  startup_ht32f5xxxx_01.o(RESET)
    QSPI_IRQHandler                          0x00000135   Thumb Code     0  startup_ht32f5xxxx_01.o(RESET)
    RTC_IRQHandler                           0x00000135   Thumb Code     0  startup_ht32f5xxxx_01.o(RESET)
    SCI_IRQHandler                           0x00000135   Thumb Code     0  startup_ht32f5xxxx_01.o(RESET)
    SCTM0_IRQHandler                         0x00000135   Thumb Code     0  startup_ht32f5xxxx_01.o(RESET)
    SCTM1_IRQHandler                         0x00000135   Thumb Code     0  startup_ht32f5xxxx_01.o(RESET)
    SCTM2_IRQHandler                         0x00000135   Thumb Code     0  startup_ht32f5xxxx_01.o(RESET)
    SCTM3_IRQHandler                         0x00000135   Thumb Code     0  startup_ht32f5xxxx_01.o(RESET)
    SPI0_IRQHandler                          0x00000135   Thumb Code     0  startup_ht32f5xxxx_01.o(RESET)
    SPI1_IRQHandler                          0x00000135   Thumb Code     0  startup_ht32f5xxxx_01.o(RESET)
    UART0_IRQHandler                         0x00000135   Thumb Code     0  startup_ht32f5xxxx_01.o(RESET)
    UART1_IRQHandler                         0x00000135   Thumb Code     0  startup_ht32f5xxxx_01.o(RESET)
    UART2_IRQHandler                         0x00000135   Thumb Code     0  startup_ht32f5xxxx_01.o(RESET)
    UART3_IRQHandler                         0x00000135   Thumb Code     0  startup_ht32f5xxxx_01.o(RESET)
    USART0_IRQHandler                        0x00000135   Thumb Code     0  startup_ht32f5xxxx_01.o(RESET)
    USB_IRQHandler                           0x00000135   Thumb Code     0  startup_ht32f5xxxx_01.o(RESET)
    __main                                   0x00000165   Thumb Code     0  entry.o(.ARM.Collect$$$$00000000)
    _main_stk                                0x00000165   Thumb Code     0  entry2.o(.ARM.Collect$$$$00000001)
    _main_scatterload                        0x00000169   Thumb Code     0  entry5.o(.ARM.Collect$$$$00000004)
    __main_after_scatterload                 0x0000016d   Thumb Code     0  entry5.o(.ARM.Collect$$$$00000004)
    _main_clock                              0x0000016d   Thumb Code     0  entry7b.o(.ARM.Collect$$$$00000008)
    _main_cpp_init                           0x0000016d   Thumb Code     0  entry8b.o(.ARM.Collect$$$$0000000A)
    _main_init                               0x0000016d   Thumb Code     0  entry9a.o(.ARM.Collect$$$$0000000B)
    __rt_final_cpp                           0x00000175   Thumb Code     0  entry10a.o(.ARM.Collect$$$$0000000D)
    __rt_final_exit                          0x00000175   Thumb Code     0  entry11a.o(.ARM.Collect$$$$0000000F)
    strlen                                   0x00000179   Thumb Code    14  strlen.o(.text)
    strcmp                                   0x00000187   Thumb Code    28  strcmp.o(.text)
    strncmp                                  0x000001a3   Thumb Code    30  strncmp.o(.text)
    strtok                                   0x000001c1   Thumb Code    68  strtok.o(.text)
    atoi                                     0x00000209   Thumb Code    26  atoi.o(.text)
    __aeabi_ddiv                             0x00000225   Thumb Code   234  ddiv.o(.text)
    __aeabi_i2f                              0x00000315   Thumb Code    22  fflti.o(.text)
    __aeabi_i2d                              0x0000032d   Thumb Code    34  dflti.o(.text)
    __aeabi_f2iz                             0x00000355   Thumb Code    50  ffixi.o(.text)
    __aeabi_f2d                              0x00000387   Thumb Code    40  f2d.o(.text)
    __aeabi_d2f                              0x000003af   Thumb Code    56  d2f.o(.text)
    __aeabi_uidiv                            0x000003e7   Thumb Code     0  uidiv_div0.o(.text)
    __aeabi_uidivmod                         0x000003e7   Thumb Code    62  uidiv_div0.o(.text)
    __aeabi_idiv                             0x00000425   Thumb Code     0  idiv_div0.o(.text)
    __aeabi_idivmod$div0                     0x00000425   Thumb Code    74  idiv_div0.o(.text)
    __aeabi_uldivmod                         0x00000475   Thumb Code    96  uldiv.o(.text)
    __aeabi_llsr                             0x000004d5   Thumb Code    34  llushr.o(.text)
    _ll_ushift_r                             0x000004d5   Thumb Code     0  llushr.o(.text)
    strtol                                   0x000004f9   Thumb Code   108  strtol.o(.text)
    __I$use$fp                               0x00000569   Thumb Code     0  iusefp.o(.text)
    _float_round                             0x00000569   Thumb Code    16  fepilogue.o(.text)
    _float_epilogue                          0x00000579   Thumb Code   114  fepilogue.o(.text)
    _double_round                            0x000005eb   Thumb Code    26  depilogue.o(.text)
    _double_epilogue                         0x00000605   Thumb Code   164  depilogue.o(.text)
    __aeabi_dadd                             0x000006a9   Thumb Code   328  dadd.o(.text)
    __aeabi_dsub                             0x000007f1   Thumb Code    12  dadd.o(.text)
    __aeabi_drsub                            0x000007fd   Thumb Code    12  dadd.o(.text)
    __aeabi_dmul                             0x0000080d   Thumb Code   202  dmul.o(.text)
    __aeabi_d2ulz                            0x000008dd   Thumb Code    54  dfixul.o(.text)
    __aeabi_cdrcmple                         0x0000091d   Thumb Code    38  cdrcmple.o(.text)
    __scatterload                            0x00000945   Thumb Code    38  init.o(.text)
    __scatterload_rt2                        0x00000945   Thumb Code     0  init.o(.text)
    __aeabi_llsl                             0x00000975   Thumb Code    32  llshl.o(.text)
    _ll_shift_l                              0x00000975   Thumb Code     0  llshl.o(.text)
    __aeabi_lasr                             0x00000995   Thumb Code    38  llsshr.o(.text)
    _ll_sshift_r                             0x00000995   Thumb Code     0  llsshr.o(.text)
    __rt_ctype_table                         0x000009bd   Thumb Code     4  ctype_o.o(.text)
    _strtoul                                 0x000009c5   Thumb Code   166  _strtoul.o(.text)
    _chval                                   0x00000a6b   Thumb Code    30  _chval.o(.text)
    ADC_ClearIntPendingBit                   0x00000a89   Thumb Code     6  ht32f5xxxx_adc.o(.text.ADC_ClearIntPendingBit)
    ADC_Cmd                                  0x00000a8f   Thumb Code    18  ht32f5xxxx_adc.o(.text.ADC_Cmd)
    ADC_GetFlagStatus                        0x00000aa1   Thumb Code    12  ht32f5xxxx_adc.o(.text.ADC_GetFlagStatus)
    ADC_IRQHandler                           0x00000aad   Thumb Code    48  ht32f5xxxx_01_it.o(.text.ADC_IRQHandler)
    ADC_IntConfig                            0x00000aed   Thumb Code    24  ht32f5xxxx_adc.o(.text.ADC_IntConfig)
    ADC_RegularChannelConfig                 0x00000b05   Thumb Code    28  ht32f5xxxx_adc.o(.text.ADC_RegularChannelConfig)
    ADC_RegularGroupConfig                   0x00000b21   Thumb Code    32  ht32f5xxxx_adc.o(.text.ADC_RegularGroupConfig)
    ADC_RegularTrigConfig                    0x00000b45   Thumb Code    14  ht32f5xxxx_adc.o(.text.ADC_RegularTrigConfig)
    ADC_SamplingTimeConfig                   0x00000b53   Thumb Code     4  ht32f5xxxx_adc.o(.text.ADC_SamplingTimeConfig)
    ADC_SoftwareStartConvCmd                 0x00000b57   Thumb Code    16  ht32f5xxxx_adc.o(.text.ADC_SoftwareStartConvCmd)
    AFIO_GPxConfig                           0x00000b69   Thumb Code   376  ht32f5xxxx_gpio.o(.text.AFIO_GPxConfig)
    BFTM0_IRQHandler                         0x00000ce5   Thumb Code    40  ht32f5xxxx_01_it.o(.text.BFTM0_IRQHandler)
    BFTM_ClearFlag                           0x00000d19   Thumb Code    14  ht32f5xxxx_bftm.o(.text.BFTM_ClearFlag)
    BFTM_EnaCmd                              0x00000d27   Thumb Code    18  ht32f5xxxx_bftm.o(.text.BFTM_EnaCmd)
    BFTM_GetFlagStatus                       0x00000d39   Thumb Code     8  ht32f5xxxx_bftm.o(.text.BFTM_GetFlagStatus)
    BFTM_IntConfig                           0x00000d41   Thumb Code    16  ht32f5xxxx_bftm.o(.text.BFTM_IntConfig)
    BFTM_SetCompare                          0x00000d51   Thumb Code     4  ht32f5xxxx_bftm.o(.text.BFTM_SetCompare)
    BFTM_SetCounter                          0x00000d55   Thumb Code     4  ht32f5xxxx_bftm.o(.text.BFTM_SetCounter)
    CKCU_GetPeripFrequency                   0x00000d59   Thumb Code   144  ht32f5xxxx_ckcu.o(.text.CKCU_GetPeripFrequency)
    CKCU_PeripClockConfig                    0x00000df5   Thumb Code    52  ht32f5xxxx_ckcu.o(.text.CKCU_PeripClockConfig)
    CKCU_SetADCnPrescaler                    0x00000e2d   Thumb Code    20  ht32f5xxxx_ckcu.o(.text.CKCU_SetADCnPrescaler)
    GPIO_DirectionConfig                     0x00000e45   Thumb Code    20  ht32f5xxxx_gpio.o(.text.GPIO_DirectionConfig)
    GPIO_DriveConfig                         0x00000e59   Thumb Code   214  ht32f5xxxx_gpio.o(.text.GPIO_DriveConfig)
    GPIO_InputConfig                         0x00000f2f   Thumb Code    20  ht32f5xxxx_gpio.o(.text.GPIO_InputConfig)
    GPIO_OpenDrainConfig                     0x00000f43   Thumb Code    20  ht32f5xxxx_gpio.o(.text.GPIO_OpenDrainConfig)
    GPIO_PullResistorConfig                  0x00000f57   Thumb Code    34  ht32f5xxxx_gpio.o(.text.GPIO_PullResistorConfig)
    GPIO_ReadInBit                           0x00000f79   Thumb Code    10  ht32f5xxxx_gpio.o(.text.GPIO_ReadInBit)
    GPIO_WriteOutBits                        0x00000f83   Thumb Code    16  ht32f5xxxx_gpio.o(.text.GPIO_WriteOutBits)
    HT32F_DVB_COMInit                        0x00000f95   Thumb Code    80  ht32_board.o(.text.HT32F_DVB_COMInit)
    I2C_AckCmd                               0x00000fe5   Thumb Code    16  ht32f5xxxx_i2c.o(.text.I2C_AckCmd)
    I2C_CheckStatus                          0x00000ff5   Thumb Code    10  ht32f5xxxx_i2c.o(.text.I2C_CheckStatus)
    I2C_ClearFlag                            0x00000fff   Thumb Code     4  ht32f5xxxx_i2c.o(.text.I2C_ClearFlag)
    I2C_Cmd                                  0x00001003   Thumb Code    18  ht32f5xxxx_i2c.o(.text.I2C_Cmd)
    I2C_GenerateSTOP                         0x00001015   Thumb Code    10  ht32f5xxxx_i2c.o(.text.I2C_GenerateSTOP)
    I2C_Init                                 0x00001021   Thumb Code   152  ht32f5xxxx_i2c.o(.text.I2C_Init)
    I2C_ReadRegister                         0x000010c1   Thumb Code    22  ht32f5xxxx_i2c.o(.text.I2C_ReadRegister)
    I2C_ReceiveData                          0x000010d7   Thumb Code     6  ht32f5xxxx_i2c.o(.text.I2C_ReceiveData)
    I2C_SendData                             0x000010dd   Thumb Code     4  ht32f5xxxx_i2c.o(.text.I2C_SendData)
    I2C_TargetAddressConfig                  0x000010e1   Thumb Code    38  ht32f5xxxx_i2c.o(.text.I2C_TargetAddressConfig)
    RETARGET_Configuration                   0x00001107   Thumb Code    32  ht32_retarget.o(.text.RETARGET_Configuration)
    SYSTICK_ClockSourceConfig                0x00001129   Thumb Code    24  ht32_cm0plus_misc.o(.text.SYSTICK_ClockSourceConfig)
    SYSTICK_CounterCmd                       0x00001141   Thumb Code    40  ht32_cm0plus_misc.o(.text.SYSTICK_CounterCmd)
    SYSTICK_IntConfig                        0x00001169   Thumb Code    20  ht32_cm0plus_misc.o(.text.SYSTICK_IntConfig)
    SYSTICK_SetReloadValue                   0x00001181   Thumb Code     8  ht32_cm0plus_misc.o(.text.SYSTICK_SetReloadValue)
    SystemInit                               0x0000118d   Thumb Code   428  system_ht32f5xxxx_01.o(.text.SystemInit)
    USART1_IRQHandler                        0x0000134d   Thumb Code    68  ht32f5xxxx_01_it.o(.text.USART1_IRQHandler)
    USART_GetFlagStatus                      0x000013a9   Thumb Code    10  ht32f5xxxx_usart.o(.text.USART_GetFlagStatus)
    USART_Init                               0x000013b5   Thumb Code    92  ht32f5xxxx_usart.o(.text.USART_Init)
    USART_IntConfig                          0x00001425   Thumb Code    20  ht32f5xxxx_usart.o(.text.USART_IntConfig)
    USART_ReceiveData                        0x00001439   Thumb Code     6  ht32f5xxxx_usart.o(.text.USART_ReceiveData)
    USART_SendData                           0x0000143f   Thumb Code     4  ht32f5xxxx_usart.o(.text.USART_SendData)
    USART_TxRxCmd                            0x00001443   Thumb Code    24  ht32f5xxxx_usart.o(.text.USART_TxRxCmd)
    adc_Configuration                        0x0000145d   Thumb Code   144  fsr400.o(.text.adc_Configuration)
    adc_To_Pressure                          0x000014f5   Thumb Code    64  fsr400.o(.text.adc_To_Pressure)
    am2320_Configuration                     0x00001539   Thumb Code     8  am2320.o(.text.am2320_Configuration)
    am2320_GetTemperatureHumidity            0x00001541   Thumb Code    96  am2320.o(.text.am2320_GetTemperatureHumidity)
    am2320_ReadData                          0x000015a9   Thumb Code   320  am2320.o(.text.am2320_ReadData)
    bftm_Configuration                       0x000016f1   Thumb Code    88  bftm.o(.text.bftm_Configuration)
    delay_ms                                 0x00001755   Thumb Code    24  delay.o(.text.delay_ms)
    delay_us                                 0x0000176d   Thumb Code   280  delay.o(.text.delay_us)
    hx711_0_GetWeight                        0x00001891   Thumb Code    36  hx711.o(.text.hx711_0_GetWeight)
    hx711_0_ReadData                         0x000018bd   Thumb Code   108  hx711.o(.text.hx711_0_ReadData)
    hx711_1_GetWeight                        0x00001929   Thumb Code    36  hx711.o(.text.hx711_1_GetWeight)
    hx711_1_ReadData                         0x00001959   Thumb Code   108  hx711.o(.text.hx711_1_ReadData)
    hx711_Configuration                      0x000019c5   Thumb Code     8  hx711.o(.text.hx711_Configuration)
    i2c_Configuration                        0x000019cd   Thumb Code    76  i2c.o(.text.i2c_Configuration)
    jgb37_Configuration                      0x00001a25   Thumb Code    60  jgb37.o(.text.jgb37_Configuration)
    jgb37_Start                              0x00001a61   Thumb Code    16  jgb37.o(.text.jgb37_Start)
    jgb37_Stop                               0x00001a71   Thumb Code    16  jgb37.o(.text.jgb37_Stop)
    main                                     0x00001a85   Thumb Code   192  main.o(.text.main)
    rylr896_Configuration                    0x00001b49   Thumb Code     8  rylr896.o(.text.rylr896_Configuration)
    rylr896_Receive                          0x00001b51   Thumb Code   100  rylr896.o(.text.rylr896_Receive)
    rylr896_Send                             0x00001be1   Thumb Code    12  rylr896.o(.text.rylr896_Send)
    rylr896_UpdateData                       0x00001bed   Thumb Code    72  rylr896.o(.text.rylr896_UpdateData)
    twowire0_SCL_High                        0x00001c61   Thumb Code    16  twowire.o(.text.twowire0_SCL_High)
    twowire0_SCL_Low                         0x00001c71   Thumb Code    16  twowire.o(.text.twowire0_SCL_Low)
    twowire0_SDA_In                          0x00001c85   Thumb Code    28  twowire.o(.text.twowire0_SDA_In)
    twowire1_SCL_High                        0x00001ca1   Thumb Code    16  twowire.o(.text.twowire1_SCL_High)
    twowire1_SCL_Low                         0x00001cb1   Thumb Code    16  twowire.o(.text.twowire1_SCL_Low)
    twowire1_SDA_In                          0x00001cc1   Thumb Code    28  twowire.o(.text.twowire1_SDA_In)
    twowire_Configuration                    0x00001ce1   Thumb Code   236  twowire.o(.text.twowire_Configuration)
    usart_Configuration                      0x00001dd5   Thumb Code   132  usart.o(.text.usart_Configuration)
    usart_SendStr                            0x00001e69   Thumb Code    46  usart.o(.text.usart_SendStr)
    __0sprintf                               0x00001e99   Thumb Code    36  printfa.o(i.__0sprintf)
    __1sprintf                               0x00001e99   Thumb Code     0  printfa.o(i.__0sprintf)
    __2sprintf                               0x00001e99   Thumb Code     0  printfa.o(i.__0sprintf)
    __c89sprintf                             0x00001e99   Thumb Code     0  printfa.o(i.__0sprintf)
    sprintf                                  0x00001e99   Thumb Code     0  printfa.o(i.__0sprintf)
    __ARM_clz                                0x00001ec1   Thumb Code    46  depilogue.o(i.__ARM_clz)
    __aeabi_errno_addr                       0x00001ef1   Thumb Code     4  errno.o(i.__aeabi_errno_addr)
    __rt_errno_addr                          0x00001ef1   Thumb Code     0  errno.o(i.__aeabi_errno_addr)
    __scatterload_copy                       0x00001ef9   Thumb Code    14  handlers.o(i.__scatterload_copy)
    __scatterload_null                       0x00001f07   Thumb Code     2  handlers.o(i.__scatterload_null)
    __scatterload_zeroinit                   0x00001f09   Thumb Code    14  handlers.o(i.__scatterload_zeroinit)
    __ctype_table                            0x000027ce   Data         129  ctype_o.o(.constdata)
    Region$$Table$$Base                      0x00002858   Number         0  anon$$obj.o(Region$$Table)
    Region$$Table$$Limit                     0x00002878   Number         0  anon$$obj.o(Region$$Table)
    OFFSET0                                  0x20000008   Data           4  hx711.o(.data.OFFSET0)
    OFFSET1                                  0x2000000c   Data           4  hx711.o(.data.OFFSET1)
    SCALE_FACTOR0                            0x20000010   Data           4  hx711.o(.data.SCALE_FACTOR0)
    SCALE_FACTOR1                            0x20000014   Data           4  hx711.o(.data.SCALE_FACTOR1)
    SystemCoreClock                          0x20000018   Data           4  system_ht32f5xxxx_01.o(.data.SystemCoreClock)
    TxData                                   0x20000020   Data         128  rylr896.o(.bss.TxData)
    gAdcReady                                0x200000a4   Data           4  main.o(.bss.gAdcReady)
    gAdcValue                                0x200000a8   Data           8  main.o(.bss.gAdcValue)
    gFeedReady                               0x200000b0   Data           4  main.o(.bss.gFeedReady)
    gFeedWeight                              0x200000b4   Data           4  main.o(.bss.gFeedWeight)
    gResponseReady                           0x200000b8   Data           4  main.o(.bss.gResponseReady)
    gUsart1RxData                            0x200000bc   Data         128  main.o(.bss.gUsart1RxData)
    gUsart1RxReady                           0x2000013c   Data           4  main.o(.bss.gUsart1RxReady)
    timeOffset0                              0x20000140   Data           4  ht32f5xxxx_01_it.o(.bss.timeOffset0)
    __HT_check_sp                            0x20000148   Data           0  startup_ht32f5xxxx_01.o(STACK)
    __initial_sp                             0x20000348   Data           0  startup_ht32f5xxxx_01.o(STACK)



==============================================================================

Memory Map of the image

  Image Entry point : 0x000000c1

  Load Region LR_1 (Base: 0x00000000, Size: 0x00002894, Max: 0xffffffff, ABSOLUTE)

    Execution Region ER_RO (Exec base: 0x00000000, Load base: 0x00000000, Size: 0x00002878, Max: 0xffffffff, ABSOLUTE)

    Exec Addr    Load Addr    Size         Type   Attr      Idx    E Section Name        Object

    0x00000000   0x00000000   0x00000164   Code   RO          237  * RESET               startup_ht32f5xxxx_01.o
    0x00000164   0x00000164   0x00000000   Code   RO         1446  * .ARM.Collect$$$$00000000  mc_p.l(entry.o)
    0x00000164   0x00000164   0x00000004   Code   RO         1752    .ARM.Collect$$$$00000001  mc_p.l(entry2.o)
    0x00000168   0x00000168   0x00000004   Code   RO         1755    .ARM.Collect$$$$00000004  mc_p.l(entry5.o)
    0x0000016c   0x0000016c   0x00000000   Code   RO         1757    .ARM.Collect$$$$00000008  mc_p.l(entry7b.o)
    0x0000016c   0x0000016c   0x00000000   Code   RO         1759    .ARM.Collect$$$$0000000A  mc_p.l(entry8b.o)
    0x0000016c   0x0000016c   0x00000008   Code   RO         1760    .ARM.Collect$$$$0000000B  mc_p.l(entry9a.o)
    0x00000174   0x00000174   0x00000000   Code   RO         1762    .ARM.Collect$$$$0000000D  mc_p.l(entry10a.o)
    0x00000174   0x00000174   0x00000000   Code   RO         1764    .ARM.Collect$$$$0000000F  mc_p.l(entry11a.o)
    0x00000174   0x00000174   0x00000004   Code   RO         1753    .ARM.Collect$$$$00002712  mc_p.l(entry2.o)
    0x00000178   0x00000178   0x0000000e   Code   RO         1463    .text               mc_p.l(strlen.o)
    0x00000186   0x00000186   0x0000001c   Code   RO         1465    .text               mc_p.l(strcmp.o)
    0x000001a2   0x000001a2   0x0000001e   Code   RO         1467    .text               mc_p.l(strncmp.o)
    0x000001c0   0x000001c0   0x00000048   Code   RO         1469    .text               mc_p.l(strtok.o)
    0x00000208   0x00000208   0x0000001a   Code   RO         1736    .text               mc_p.l(atoi.o)
    0x00000222   0x00000222   0x00000002   PAD
    0x00000224   0x00000224   0x000000f0   Code   RO         1738    .text               mf_p.l(ddiv.o)
    0x00000314   0x00000314   0x00000016   Code   RO         1740    .text               mf_p.l(fflti.o)
    0x0000032a   0x0000032a   0x00000002   PAD
    0x0000032c   0x0000032c   0x00000028   Code   RO         1742    .text               mf_p.l(dflti.o)
    0x00000354   0x00000354   0x00000032   Code   RO         1744    .text               mf_p.l(ffixi.o)
    0x00000386   0x00000386   0x00000028   Code   RO         1748    .text               mf_p.l(f2d.o)
    0x000003ae   0x000003ae   0x00000038   Code   RO         1750    .text               mf_p.l(d2f.o)
    0x000003e6   0x000003e6   0x0000003e   Code   RO         1771    .text               mc_p.l(uidiv_div0.o)
    0x00000424   0x00000424   0x00000050   Code   RO         1773    .text               mc_p.l(idiv_div0.o)
    0x00000474   0x00000474   0x00000060   Code   RO         1777    .text               mc_p.l(uldiv.o)
    0x000004d4   0x000004d4   0x00000022   Code   RO         1779    .text               mc_p.l(llushr.o)
    0x000004f6   0x000004f6   0x00000002   PAD
    0x000004f8   0x000004f8   0x00000070   Code   RO         1788    .text               mc_p.l(strtol.o)
    0x00000568   0x00000568   0x00000000   Code   RO         1790    .text               mc_p.l(iusefp.o)
    0x00000568   0x00000568   0x00000082   Code   RO         1791    .text               mf_p.l(fepilogue.o)
    0x000005ea   0x000005ea   0x000000be   Code   RO         1793    .text               mf_p.l(depilogue.o)
    0x000006a8   0x000006a8   0x00000164   Code   RO         1797    .text               mf_p.l(dadd.o)
    0x0000080c   0x0000080c   0x000000d0   Code   RO         1799    .text               mf_p.l(dmul.o)
    0x000008dc   0x000008dc   0x00000040   Code   RO         1801    .text               mf_p.l(dfixul.o)
    0x0000091c   0x0000091c   0x00000028   Code   RO         1803    .text               mf_p.l(cdrcmple.o)
    0x00000944   0x00000944   0x00000030   Code   RO         1805    .text               mc_p.l(init.o)
    0x00000974   0x00000974   0x00000020   Code   RO         1807    .text               mc_p.l(llshl.o)
    0x00000994   0x00000994   0x00000026   Code   RO         1809    .text               mc_p.l(llsshr.o)
    0x000009ba   0x000009ba   0x00000002   PAD
    0x000009bc   0x000009bc   0x00000008   Code   RO         1811    .text               mc_p.l(ctype_o.o)
    0x000009c4   0x000009c4   0x000000a6   Code   RO         1839    .text               mc_p.l(_strtoul.o)
    0x00000a6a   0x00000a6a   0x0000001e   Code   RO         1841    .text               mc_p.l(_chval.o)
    0x00000a88   0x00000a88   0x00000006   Code   RO         1104    .text.ADC_ClearIntPendingBit  ht32f5xxxx_adc.o
    0x00000a8e   0x00000a8e   0x00000012   Code   RO         1086    .text.ADC_Cmd       ht32f5xxxx_adc.o
    0x00000aa0   0x00000aa0   0x0000000c   Code   RO         1106    .text.ADC_GetFlagStatus  ht32f5xxxx_adc.o
    0x00000aac   0x00000aac   0x00000040   Code   RO            4    .text.ADC_IRQHandler  ht32f5xxxx_01_it.o
    0x00000aec   0x00000aec   0x00000018   Code   RO         1100    .text.ADC_IntConfig  ht32f5xxxx_adc.o
    0x00000b04   0x00000b04   0x0000001c   Code   RO         1090    .text.ADC_RegularChannelConfig  ht32f5xxxx_adc.o
    0x00000b20   0x00000b20   0x00000024   Code   RO         1088    .text.ADC_RegularGroupConfig  ht32f5xxxx_adc.o
    0x00000b44   0x00000b44   0x0000000e   Code   RO         1092    .text.ADC_RegularTrigConfig  ht32f5xxxx_adc.o
    0x00000b52   0x00000b52   0x00000004   Code   RO         1094    .text.ADC_SamplingTimeConfig  ht32f5xxxx_adc.o
    0x00000b56   0x00000b56   0x00000010   Code   RO         1096    .text.ADC_SoftwareStartConvCmd  ht32f5xxxx_adc.o
    0x00000b66   0x00000b66   0x00000002   PAD
    0x00000b68   0x00000b68   0x0000017c   Code   RO          663    .text.AFIO_GPxConfig  ht32f5xxxx_gpio.o
    0x00000ce4   0x00000ce4   0x00000034   Code   RO            2    .text.BFTM0_IRQHandler  ht32f5xxxx_01_it.o
    0x00000d18   0x00000d18   0x0000000e   Code   RO          475    .text.BFTM_ClearFlag  ht32f5xxxx_bftm.o
    0x00000d26   0x00000d26   0x00000012   Code   RO          459    .text.BFTM_EnaCmd   ht32f5xxxx_bftm.o
    0x00000d38   0x00000d38   0x00000008   Code   RO          473    .text.BFTM_GetFlagStatus  ht32f5xxxx_bftm.o
    0x00000d40   0x00000d40   0x00000010   Code   RO          471    .text.BFTM_IntConfig  ht32f5xxxx_bftm.o
    0x00000d50   0x00000d50   0x00000004   Code   RO          461    .text.BFTM_SetCompare  ht32f5xxxx_bftm.o
    0x00000d54   0x00000d54   0x00000004   Code   RO          465    .text.BFTM_SetCounter  ht32f5xxxx_bftm.o
    0x00000d58   0x00000d58   0x0000009c   Code   RO          515    .text.CKCU_GetPeripFrequency  ht32f5xxxx_ckcu.o
    0x00000df4   0x00000df4   0x00000038   Code   RO          541    .text.CKCU_PeripClockConfig  ht32f5xxxx_ckcu.o
    0x00000e2c   0x00000e2c   0x00000018   Code   RO          507    .text.CKCU_SetADCnPrescaler  ht32f5xxxx_ckcu.o
    0x00000e44   0x00000e44   0x00000014   Code   RO          629    .text.GPIO_DirectionConfig  ht32f5xxxx_gpio.o
    0x00000e58   0x00000e58   0x000000d6   Code   RO          635    .text.GPIO_DriveConfig  ht32f5xxxx_gpio.o
    0x00000f2e   0x00000f2e   0x00000014   Code   RO          633    .text.GPIO_InputConfig  ht32f5xxxx_gpio.o
    0x00000f42   0x00000f42   0x00000014   Code   RO          637    .text.GPIO_OpenDrainConfig  ht32f5xxxx_gpio.o
    0x00000f56   0x00000f56   0x00000022   Code   RO          631    .text.GPIO_PullResistorConfig  ht32f5xxxx_gpio.o
    0x00000f78   0x00000f78   0x0000000a   Code   RO          639    .text.GPIO_ReadInBit  ht32f5xxxx_gpio.o
    0x00000f82   0x00000f82   0x00000010   Code   RO          651    .text.GPIO_WriteOutBits  ht32f5xxxx_gpio.o
    0x00000f92   0x00000f92   0x00000002   PAD
    0x00000f94   0x00000f94   0x00000050   Code   RO          287    .text.HT32F_DVB_COMInit  ht32_board.o
    0x00000fe4   0x00000fe4   0x00000010   Code   RO         1034    .text.I2C_AckCmd    ht32f5xxxx_i2c.o
    0x00000ff4   0x00000ff4   0x0000000a   Code   RO         1048    .text.I2C_CheckStatus  ht32f5xxxx_i2c.o
    0x00000ffe   0x00000ffe   0x00000004   Code   RO         1050    .text.I2C_ClearFlag  ht32f5xxxx_i2c.o
    0x00001002   0x00001002   0x00000012   Code   RO         1026    .text.I2C_Cmd       ht32f5xxxx_i2c.o
    0x00001014   0x00001014   0x0000000a   Code   RO         1028    .text.I2C_GenerateSTOP  ht32f5xxxx_i2c.o
    0x0000101e   0x0000101e   0x00000002   PAD
    0x00001020   0x00001020   0x000000a0   Code   RO         1022    .text.I2C_Init      ht32f5xxxx_i2c.o
    0x000010c0   0x000010c0   0x00000016   Code   RO         1044    .text.I2C_ReadRegister  ht32f5xxxx_i2c.o
    0x000010d6   0x000010d6   0x00000006   Code   RO         1042    .text.I2C_ReceiveData  ht32f5xxxx_i2c.o
    0x000010dc   0x000010dc   0x00000004   Code   RO         1040    .text.I2C_SendData  ht32f5xxxx_i2c.o
    0x000010e0   0x000010e0   0x00000026   Code   RO         1038    .text.I2C_TargetAddressConfig  ht32f5xxxx_i2c.o
    0x00001106   0x00001106   0x00000020   Code   RO          244    .text.RETARGET_Configuration  ht32_retarget.o
    0x00001126   0x00001126   0x00000002   PAD
    0x00001128   0x00001128   0x00000018   Code   RO          433    .text.SYSTICK_ClockSourceConfig  ht32_cm0plus_misc.o
    0x00001140   0x00001140   0x00000028   Code   RO          435    .text.SYSTICK_CounterCmd  ht32_cm0plus_misc.o
    0x00001168   0x00001168   0x00000018   Code   RO          437    .text.SYSTICK_IntConfig  ht32_cm0plus_misc.o
    0x00001180   0x00001180   0x0000000c   Code   RO          439    .text.SYSTICK_SetReloadValue  ht32_cm0plus_misc.o
    0x0000118c   0x0000118c   0x000001c0   Code   RO          223    .text.SystemInit    system_ht32f5xxxx_01.o
    0x0000134c   0x0000134c   0x0000005c   Code   RO            6    .text.USART1_IRQHandler  ht32f5xxxx_01_it.o
    0x000013a8   0x000013a8   0x0000000a   Code   RO          908    .text.USART_GetFlagStatus  ht32f5xxxx_usart.o
    0x000013b2   0x000013b2   0x00000002   PAD
    0x000013b4   0x000013b4   0x00000070   Code   RO          900    .text.USART_Init    ht32f5xxxx_usart.o
    0x00001424   0x00001424   0x00000014   Code   RO          914    .text.USART_IntConfig  ht32f5xxxx_usart.o
    0x00001438   0x00001438   0x00000006   Code   RO          906    .text.USART_ReceiveData  ht32f5xxxx_usart.o
    0x0000143e   0x0000143e   0x00000004   Code   RO          904    .text.USART_SendData  ht32f5xxxx_usart.o
    0x00001442   0x00001442   0x00000018   Code   RO          916    .text.USART_TxRxCmd  ht32f5xxxx_usart.o
    0x0000145a   0x0000145a   0x00000002   PAD
    0x0000145c   0x0000145c   0x00000098   Code   RO           77    .text.adc_Configuration  fsr400.o
    0x000014f4   0x000014f4   0x00000044   Code   RO           79    .text.adc_To_Pressure  fsr400.o
    0x00001538   0x00001538   0x00000008   Code   RO           38    .text.am2320_Configuration  am2320.o
    0x00001540   0x00001540   0x00000068   Code   RO           44    .text.am2320_GetTemperatureHumidity  am2320.o
    0x000015a8   0x000015a8   0x00000148   Code   RO           42    .text.am2320_ReadData  am2320.o
    0x000016f0   0x000016f0   0x00000064   Code   RO           54    .text.bftm_Configuration  bftm.o
    0x00001754   0x00001754   0x00000018   Code   RO           65    .text.delay_ms      delay.o
    0x0000176c   0x0000176c   0x00000124   Code   RO           63    .text.delay_us      delay.o
    0x00001890   0x00001890   0x0000002c   Code   RO          184    .text.hx711_0_GetWeight  hx711.o
    0x000018bc   0x000018bc   0x0000006c   Code   RO          180    .text.hx711_0_ReadData  hx711.o
    0x00001928   0x00001928   0x00000030   Code   RO          192    .text.hx711_1_GetWeight  hx711.o
    0x00001958   0x00001958   0x0000006c   Code   RO          188    .text.hx711_1_ReadData  hx711.o
    0x000019c4   0x000019c4   0x00000008   Code   RO          178    .text.hx711_Configuration  hx711.o
    0x000019cc   0x000019cc   0x00000058   Code   RO           91    .text.i2c_Configuration  i2c.o
    0x00001a24   0x00001a24   0x0000003c   Code   RO          209    .text.jgb37_Configuration  jgb37.o
    0x00001a60   0x00001a60   0x00000010   Code   RO          211    .text.jgb37_Start   jgb37.o
    0x00001a70   0x00001a70   0x00000014   Code   RO          213    .text.jgb37_Stop    jgb37.o
    0x00001a84   0x00001a84   0x000000c4   Code   RO           20    .text.main          main.o
    0x00001b48   0x00001b48   0x00000008   Code   RO          100    .text.rylr896_Configuration  rylr896.o
    0x00001b50   0x00001b50   0x00000090   Code   RO          104    .text.rylr896_Receive  rylr896.o
    0x00001be0   0x00001be0   0x0000000c   Code   RO          106    .text.rylr896_Send  rylr896.o
    0x00001bec   0x00001bec   0x00000074   Code   RO          102    .text.rylr896_UpdateData  rylr896.o
    0x00001c60   0x00001c60   0x00000010   Code   RO          158    .text.twowire0_SCL_High  twowire.o
    0x00001c70   0x00001c70   0x00000014   Code   RO          160    .text.twowire0_SCL_Low  twowire.o
    0x00001c84   0x00001c84   0x0000001c   Code   RO          154    .text.twowire0_SDA_In  twowire.o
    0x00001ca0   0x00001ca0   0x00000010   Code   RO          166    .text.twowire1_SCL_High  twowire.o
    0x00001cb0   0x00001cb0   0x00000010   Code   RO          168    .text.twowire1_SCL_Low  twowire.o
    0x00001cc0   0x00001cc0   0x00000020   Code   RO          162    .text.twowire1_SDA_In  twowire.o
    0x00001ce0   0x00001ce0   0x000000f4   Code   RO          152    .text.twowire_Configuration  twowire.o
    0x00001dd4   0x00001dd4   0x00000094   Code   RO          118    .text.usart_Configuration  usart.o
    0x00001e68   0x00001e68   0x0000002e   Code   RO          124    .text.usart_SendStr  usart.o
    0x00001e96   0x00001e96   0x00000002   PAD
    0x00001e98   0x00001e98   0x00000028   Code   RO         1710    i.__0sprintf        mc_p.l(printfa.o)
    0x00001ec0   0x00001ec0   0x0000002e   Code   RO         1795    i.__ARM_clz         mf_p.l(depilogue.o)
    0x00001eee   0x00001eee   0x00000002   PAD
    0x00001ef0   0x00001ef0   0x00000008   Code   RO         1781    i.__aeabi_errno_addr  mc_p.l(errno.o)
    0x00001ef8   0x00001ef8   0x0000000e   Code   RO         1845    i.__scatterload_copy  mc_p.l(handlers.o)
    0x00001f06   0x00001f06   0x00000002   Code   RO         1846    i.__scatterload_null  mc_p.l(handlers.o)
    0x00001f08   0x00001f08   0x0000000e   Code   RO         1847    i.__scatterload_zeroinit  mc_p.l(handlers.o)
    0x00001f16   0x00001f16   0x00000002   PAD
    0x00001f18   0x00001f18   0x00000174   Code   RO         1715    i._fp_digits        mc_p.l(printfa.o)
    0x0000208c   0x0000208c   0x000006ec   Code   RO         1716    i._printf_core      mc_p.l(printfa.o)
    0x00002778   0x00002778   0x00000020   Code   RO         1717    i._printf_post_padding  mc_p.l(printfa.o)
    0x00002798   0x00002798   0x0000002c   Code   RO         1718    i._printf_pre_padding  mc_p.l(printfa.o)
    0x000027c4   0x000027c4   0x0000000a   Code   RO         1720    i._sputc            mc_p.l(printfa.o)
    0x000027ce   0x000027ce   0x00000081   Data   RO         1812    .constdata          mc_p.l(ctype_o.o)
    0x0000284f   0x0000284f   0x00000001   PAD
    0x00002850   0x00002850   0x00000004   Data   RO         1813    .constdata          mc_p.l(ctype_o.o)
    0x00002854   0x00002854   0x00000002   Data   RO          109    .rodata.str1.1      rylr896.o
    0x00002856   0x00002856   0x00000002   PAD
    0x00002858   0x00002858   0x00000020   Data   RO         1844    Region$$Table       anon$$obj.o


    Execution Region ER_RW (Exec base: 0x20000000, Load base: 0x00002878, Size: 0x0000001c, Max: 0xffffffff, ABSOLUTE)

    Exec Addr    Load Addr    Size         Type   Attr      Idx    E Section Name        Object

    0x20000000   0x00002878   0x00000004   Data   RW         1470    .data               mc_p.l(strtok.o)
    0x20000004   0x0000287c   0x00000004   Data   RW         1784    .data               mc_p.l(errno.o)
    0x20000008   0x00002880   0x00000004   Data   RW          197    .data.OFFSET0       hx711.o
    0x2000000c   0x00002884   0x00000004   Data   RW          199    .data.OFFSET1       hx711.o
    0x20000010   0x00002888   0x00000004   Data   RW          196    .data.SCALE_FACTOR0  hx711.o
    0x20000014   0x0000288c   0x00000004   Data   RW          198    .data.SCALE_FACTOR1  hx711.o
    0x20000018   0x00002890   0x00000004   Data   RW          227    .data.SystemCoreClock  system_ht32f5xxxx_01.o


    Execution Region ER_ZI (Exec base: 0x20000020, Load base: 0x00002894, Size: 0x00000328, Max: 0xffffffff, ABSOLUTE)

    Exec Addr    Load Addr    Size         Type   Attr      Idx    E Section Name        Object

    0x20000020        -       0x00000080   Zero   RW          108    .bss.TxData         rylr896.o
    0x200000a0        -       0x00000001   Zero   RW            9    .bss.USART1_IRQHandler.rxIndex  ht32f5xxxx_01_it.o
    0x200000a1   0x00002894   0x00000003   PAD
    0x200000a4        -       0x00000004   Zero   RW           22    .bss.gAdcReady      main.o
    0x200000a8        -       0x00000008   Zero   RW           27    .bss.gAdcValue      main.o
    0x200000b0        -       0x00000004   Zero   RW           25    .bss.gFeedReady     main.o
    0x200000b4        -       0x00000004   Zero   RW           26    .bss.gFeedWeight    main.o
    0x200000b8        -       0x00000004   Zero   RW           24    .bss.gResponseReady  main.o
    0x200000bc        -       0x00000080   Zero   RW           28    .bss.gUsart1RxData  main.o
    0x2000013c        -       0x00000004   Zero   RW           23    .bss.gUsart1RxReady  main.o
    0x20000140        -       0x00000004   Zero   RW            8    .bss.timeOffset0    ht32f5xxxx_01_it.o
    0x20000144   0x00002894   0x00000004   PAD
    0x20000148        -       0x00000200   Zero   RW          235    STACK               startup_ht32f5xxxx_01.o


==============================================================================

Image component sizes


      Code (inc. data)   RO Data    RW Data    ZI Data      Debug   Object Name

       440         16          0          0          0       2338   am2320.o
       100         12          0          0          0       3898   bftm.o
       316         12          0          0          0       1847   delay.o
       220         12          0          0          0       5834   fsr400.o
        80          0          0          0          0      12153   ht32_board.o
       100          8          0          0          0       4340   ht32_cm0plus_misc.o
        32          0          0          0          0       2281   ht32_retarget.o
       208         52          0          0          5       2120   ht32f5xxxx_01_it.o
       158          4          0          0          0       6243   ht32f5xxxx_adc.o
        64          0          0          0          0       3859   ht32f5xxxx_bftm.o
       236         28          0          0          0      16163   ht32f5xxxx_ckcu.o
       714          4          0          0          0      13189   ht32f5xxxx_gpio.o
       288          8          0          0          0       8721   ht32f5xxxx_i2c.o
       176         20          0          0          0       9923   ht32f5xxxx_usart.o
       316         20          0         16          0       4541   hx711.o
        88         12          0          0          0       3193   i2c.o
        96          4          0          0          0       2897   jgb37.o
       196          4          0          0        156       1874   main.o
       280         88          2          0        128       2233   rylr896.o
       356        238          0          0        512        704   startup_ht32f5xxxx_01.o
       448         20          0          4          0       3052   system_ht32f5xxxx_01.o
       372         16          0          0          0       3944   twowire.o
       194         16          0          0          0       6288   usart.o

    ----------------------------------------------------------------------
      5492        594         36         20        808     121635   Object Totals
         0          0         32          0          0          0   (incl. Generated)
        14          0          2          0          7          0   (incl. Padding)

    ----------------------------------------------------------------------

      Code (inc. data)   RO Data    RW Data    ZI Data      Debug   Library Member Name

        30          0          0          0          0         60   _chval.o
       166          0          0          0          0         84   _strtoul.o
        26          0          0          0          0         72   atoi.o
         8          4        133          0          0         60   ctype_o.o
         0          0          0          0          0          0   entry.o
         0          0          0          0          0          0   entry10a.o
         0          0          0          0          0          0   entry11a.o
         8          4          0          0          0          0   entry2.o
         4          0          0          0          0          0   entry5.o
         0          0          0          0          0          0   entry7b.o
         0          0          0          0          0          0   entry8b.o
         8          4          0          0          0          0   entry9a.o
         8          4          0          4          0         60   errno.o
        30          0          0          0          0          0   handlers.o
        80          6          0          0          0         72   idiv_div0.o
        48         10          0          0          0         68   init.o
         0          0          0          0          0          0   iusefp.o
        32          0          0          0          0         68   llshl.o
        38          0          0          0          0         68   llsshr.o
        34          0          0          0          0         68   llushr.o
      2270         94          0          0          0        472   printfa.o
        28          0          0          0          0         68   strcmp.o
        14          0          0          0          0         60   strlen.o
        30          0          0          0          0         72   strncmp.o
        72          4          0          4          0         72   strtok.o
       112          4          0          0          0         76   strtol.o
        62          0          0          0          0         72   uidiv_div0.o
        96          0          0          0          0         84   uldiv.o
        40          2          0          0          0         68   cdrcmple.o
        56          0          0          0          0         68   d2f.o
       356          4          0          0          0        140   dadd.o
       240          6          0          0          0         84   ddiv.o
       236          0          0          0          0        216   depilogue.o
        64         10          0          0          0         68   dfixul.o
        40          6          0          0          0         68   dflti.o
       208          6          0          0          0         88   dmul.o
        40          0          0          0          0         60   f2d.o
       130          0          0          0          0        144   fepilogue.o
        50          0          0          0          0         60   ffixi.o
        22          0          0          0          0         68   fflti.o

    ----------------------------------------------------------------------
      4698        168        134          8          0       2788   Library Totals
        12          0          1          0          0          0   (incl. Padding)

    ----------------------------------------------------------------------

      Code (inc. data)   RO Data    RW Data    ZI Data      Debug   Library Name

      3204        134        133          8          0       1656   mc_p.l
      1482         34          0          0          0       1132   mf_p.l

    ----------------------------------------------------------------------
      4698        168        134          8          0       2788   Library Totals

    ----------------------------------------------------------------------

==============================================================================


      Code (inc. data)   RO Data    RW Data    ZI Data      Debug   

     10190        762        170         28        808     122739   Grand Totals
     10190        762        170         28        808     122739   ELF Image Totals
     10190        762        170         28          0          0   ROM Totals

==============================================================================

    Total RO  Size (Code + RO Data)                10360 (  10.12kB)
    Total RW  Size (RW Data + ZI Data)               836 (   0.82kB)
    Total ROM Size (Code + RO Data + RW Data)      10388 (  10.14kB)

==============================================================================

